interactions:
- request:
    body: null
    headers:
      Accept:
      - application/json
      Accept-Encoding:
      - gzip, deflate
      CommandName:
      - cdn profile create
      Connection:
      - keep-alive
      ParameterSetName:
      - -g -n --sku
      User-Agent:
      - python/3.7.4 (Windows-10-10.0.18362-SP0) msrest/0.6.10 msrest_azure/0.6.2
        azure-mgmt-resource/4.0.0 Azure-SDK-For-Python AZURECLI/2.0.75
      accept-language:
      - en-US
    method: GET
    uri: https://management.azure.com/subscriptions/00000000-0000-0000-0000-000000000000/resourcegroups/clitest.rg000001?api-version=2019-07-01
  response:
    body:
      string: '{"id":"/subscriptions/00000000-0000-0000-0000-000000000000/resourceGroups/clitest.rg000001","name":"clitest.rg000001","type":"Microsoft.Resources/resourceGroups","location":"westus","tags":{"product":"azurecli","cause":"automation","date":"2019-10-16T14:58:32Z"},"properties":{"provisioningState":"Succeeded"}}'
    headers:
      cache-control:
      - no-cache
      content-length:
      - '428'
      content-type:
      - application/json; charset=utf-8
      date:
      - Wed, 16 Oct 2019 14:58:35 GMT
      expires:
      - '-1'
      pragma:
      - no-cache
      strict-transport-security:
      - max-age=31536000; includeSubDomains
      vary:
      - Accept-Encoding
      x-content-type-options:
      - nosniff
    status:
      code: 200
      message: OK
- request:
    body: '{"location": "westus", "sku": {"name": "Standard_Akamai"}}'
    headers:
      Accept:
      - application/json
      Accept-Encoding:
      - gzip, deflate
      CommandName:
      - cdn profile create
      Connection:
      - keep-alive
      Content-Length:
      - '58'
      Content-Type:
      - application/json; charset=utf-8
      ParameterSetName:
      - -g -n --sku
      User-Agent:
      - python/3.7.4 (Windows-10-10.0.18362-SP0) msrest/0.6.10 msrest_azure/0.6.2
        azure-mgmt-cdn/3.1.0 Azure-SDK-For-Python AZURECLI/2.0.75
      accept-language:
      - en-US
    method: PUT
    uri: https://management.azure.com/subscriptions/00000000-0000-0000-0000-000000000000/resourceGroups/clitest.rg000001/providers/Microsoft.Cdn/profiles/Standard-Akamai-profile?api-version=2017-10-12
  response:
    body:
      string: "{\r\n  \"name\":\"Standard-Akamai-profile\",\"id\":\"/subscriptions/00000000-0000-0000-0000-000000000000/resourcegroups/clitest.rg000001/providers/Microsoft.Cdn/profiles/Standard-Akamai-profile\",\"type\":\"Microsoft.Cdn/profiles\",\"tags\":{\r\n
        \   \r\n  },\"location\":\"WestUs\",\"sku\":{\r\n    \"name\":\"Standard_Akamai\"\r\n
        \ },\"properties\":{\r\n    \"provisioningState\":\"Creating\",\"resourceState\":\"Creating\"\r\n
        \ }\r\n}"
    headers:
      azure-asyncoperation:
      - https://management.azure.com/subscriptions/00000000-0000-0000-0000-000000000000/resourcegroups/clitest.rg000001/providers/Microsoft.Cdn/operationresults/a659d63c-bb65-498a-a017-be10a2fd897b?api-version=2017-10-12
      cache-control:
      - no-cache
      content-length:
      - '445'
      content-type:
      - application/json; odata.metadata=minimal
      date:
      - Wed, 16 Oct 2019 14:58:50 GMT
      expires:
      - '-1'
      odata-version:
      - '4.0'
      pragma:
      - no-cache
      server:
      - Microsoft-IIS/8.5
      strict-transport-security:
      - max-age=31536000; includeSubDomains
      x-aspnet-version:
      - 4.0.30319
      x-content-type-options:
      - nosniff
      x-ms-ratelimit-remaining-subscription-writes:
      - '1148'
      x-powered-by:
      - ASP.NET
    status:
      code: 201
      message: Created
- request:
    body: null
    headers:
      Accept:
      - application/json
      Accept-Encoding:
      - gzip, deflate
      CommandName:
      - cdn profile create
      Connection:
      - keep-alive
      ParameterSetName:
      - -g -n --sku
      User-Agent:
      - python/3.7.4 (Windows-10-10.0.18362-SP0) msrest/0.6.10 msrest_azure/0.6.2
        azure-mgmt-cdn/3.1.0 Azure-SDK-For-Python AZURECLI/2.0.75
    method: GET
    uri: https://management.azure.com/subscriptions/00000000-0000-0000-0000-000000000000/resourcegroups/clitest.rg000001/providers/Microsoft.Cdn/operationresults/a659d63c-bb65-498a-a017-be10a2fd897b?api-version=2017-10-12
  response:
    body:
      string: "{\r\n  \"status\":\"InProgress\",\"error\":{\r\n    \"code\":\"None\",\"message\":null\r\n
        \ }\r\n}"
    headers:
      cache-control:
      - no-cache
      content-length:
      - '78'
      content-type:
      - application/json; odata.metadata=minimal
      date:
      - Wed, 16 Oct 2019 14:59:02 GMT
      expires:
      - '-1'
      odata-version:
      - '4.0'
      pragma:
      - no-cache
      server:
      - Microsoft-IIS/8.5
      strict-transport-security:
      - max-age=31536000; includeSubDomains
      transfer-encoding:
      - chunked
      vary:
      - Accept-Encoding
      x-aspnet-version:
      - 4.0.30319
      x-content-type-options:
      - nosniff
      x-powered-by:
      - ASP.NET
    status:
      code: 200
      message: OK
- request:
    body: null
    headers:
      Accept:
      - application/json
      Accept-Encoding:
      - gzip, deflate
      CommandName:
      - cdn profile create
      Connection:
      - keep-alive
      ParameterSetName:
      - -g -n --sku
      User-Agent:
      - python/3.7.4 (Windows-10-10.0.18362-SP0) msrest/0.6.10 msrest_azure/0.6.2
        azure-mgmt-cdn/3.1.0 Azure-SDK-For-Python AZURECLI/2.0.75
    method: GET
    uri: https://management.azure.com/subscriptions/00000000-0000-0000-0000-000000000000/resourcegroups/clitest.rg000001/providers/Microsoft.Cdn/operationresults/a659d63c-bb65-498a-a017-be10a2fd897b?api-version=2017-10-12
  response:
    body:
      string: "{\r\n  \"status\":\"Succeeded\",\"error\":{\r\n    \"code\":\"None\",\"message\":null\r\n
        \ }\r\n}"
    headers:
      cache-control:
      - no-cache
      content-length:
      - '77'
      content-type:
      - application/json; odata.metadata=minimal
      date:
      - Wed, 16 Oct 2019 14:59:34 GMT
      expires:
      - '-1'
      odata-version:
      - '4.0'
      pragma:
      - no-cache
      server:
      - Microsoft-IIS/8.5
      strict-transport-security:
      - max-age=31536000; includeSubDomains
      transfer-encoding:
      - chunked
      vary:
      - Accept-Encoding
      x-aspnet-version:
      - 4.0.30319
      x-content-type-options:
      - nosniff
      x-powered-by:
      - ASP.NET
    status:
      code: 200
      message: OK
- request:
    body: null
    headers:
      Accept:
      - application/json
      Accept-Encoding:
      - gzip, deflate
      CommandName:
      - cdn profile create
      Connection:
      - keep-alive
      ParameterSetName:
      - -g -n --sku
      User-Agent:
      - python/3.7.4 (Windows-10-10.0.18362-SP0) msrest/0.6.10 msrest_azure/0.6.2
        azure-mgmt-cdn/3.1.0 Azure-SDK-For-Python AZURECLI/2.0.75
    method: GET
    uri: https://management.azure.com/subscriptions/00000000-0000-0000-0000-000000000000/resourceGroups/clitest.rg000001/providers/Microsoft.Cdn/profiles/Standard-Akamai-profile?api-version=2017-10-12
  response:
    body:
      string: "{\r\n  \"name\":\"Standard-Akamai-profile\",\"id\":\"/subscriptions/00000000-0000-0000-0000-000000000000/resourcegroups/clitest.rg000001/providers/Microsoft.Cdn/profiles/Standard-Akamai-profile\",\"type\":\"Microsoft.Cdn/profiles\",\"tags\":{\r\n
        \   \r\n  },\"location\":\"WestUs\",\"sku\":{\r\n    \"name\":\"Standard_Akamai\"\r\n
        \ },\"properties\":{\r\n    \"provisioningState\":\"Succeeded\",\"resourceState\":\"Active\"\r\n
        \ }\r\n}"
    headers:
      cache-control:
      - no-cache
      content-length:
      - '444'
      content-type:
      - application/json; odata.metadata=minimal
      date:
      - Wed, 16 Oct 2019 14:59:36 GMT
      expires:
      - '-1'
      odata-version:
      - '4.0'
      pragma:
      - no-cache
      server:
      - Microsoft-IIS/8.5
      strict-transport-security:
      - max-age=31536000; includeSubDomains
      transfer-encoding:
      - chunked
      vary:
      - Accept-Encoding
      x-aspnet-version:
      - 4.0.30319
      x-content-type-options:
      - nosniff
      x-powered-by:
      - ASP.NET
    status:
      code: 200
      message: OK
- request:
    body: null
    headers:
      Accept:
      - application/json
      Accept-Encoding:
      - gzip, deflate
      CommandName:
      - cdn endpoint create
      Connection:
      - keep-alive
      ParameterSetName:
      - -g -n --profile-name --origin
      User-Agent:
      - python/3.7.4 (Windows-10-10.0.18362-SP0) msrest/0.6.10 msrest_azure/0.6.2
        azure-mgmt-resource/4.0.0 Azure-SDK-For-Python AZURECLI/2.0.75
      accept-language:
      - en-US
    method: GET
    uri: https://management.azure.com/subscriptions/00000000-0000-0000-0000-000000000000/resourcegroups/clitest.rg000001?api-version=2019-07-01
  response:
    body:
      string: '{"id":"/subscriptions/00000000-0000-0000-0000-000000000000/resourceGroups/clitest.rg000001","name":"clitest.rg000001","type":"Microsoft.Resources/resourceGroups","location":"westus","tags":{"product":"azurecli","cause":"automation","date":"2019-10-16T14:58:32Z"},"properties":{"provisioningState":"Succeeded"}}'
    headers:
      cache-control:
      - no-cache
      content-length:
      - '428'
      content-type:
      - application/json; charset=utf-8
      date:
      - Wed, 16 Oct 2019 14:59:36 GMT
      expires:
      - '-1'
      pragma:
      - no-cache
      strict-transport-security:
      - max-age=31536000; includeSubDomains
      vary:
      - Accept-Encoding
      x-content-type-options:
      - nosniff
    status:
      code: 200
      message: OK
- request:
    body: '{"location": "westus", "properties": {"isCompressionEnabled": false, "isHttpAllowed":
      true, "isHttpsAllowed": true, "origins": [{"name": "origin-0", "properties":
      {"hostName": "www.example.com", "httpPort": 80, "httpsPort": 443}}]}}'
    headers:
      Accept:
      - application/json
      Accept-Encoding:
      - gzip, deflate
      CommandName:
      - cdn endpoint create
      Connection:
      - keep-alive
      Content-Length:
      - '232'
      Content-Type:
      - application/json; charset=utf-8
      ParameterSetName:
      - -g -n --profile-name --origin
      User-Agent:
      - python/3.7.4 (Windows-10-10.0.18362-SP0) msrest/0.6.10 msrest_azure/0.6.2
        azure-mgmt-cdn/3.1.0 Azure-SDK-For-Python AZURECLI/2.0.75
      accept-language:
      - en-US
    method: PUT
    uri: https://management.azure.com/subscriptions/00000000-0000-0000-0000-000000000000/resourceGroups/clitest.rg000001/providers/Microsoft.Cdn/profiles/Standard-Akamai-profile/endpoints/endpoint000002?api-version=2017-10-12
  response:
    body:
      string: "{\r\n  \"name\":\"endpoint000002\",\"id\":\"/subscriptions/00000000-0000-0000-0000-000000000000/resourcegroups/clitest.rg000001/providers/Microsoft.Cdn/profiles/Standard-Akamai-profile/endpoints/endpoint000002\",\"type\":\"Microsoft.Cdn/profiles/endpoints\",\"tags\":{\r\n
        \   \r\n  },\"location\":\"WestUs\",\"properties\":{\r\n    \"hostName\":\"endpoint000002.azureedge.net\",\"originHostHeader\":null,\"provisioningState\":\"Creating\",\"resourceState\":\"Creating\",\"isHttpAllowed\":true,\"isHttpsAllowed\":true,\"queryStringCachingBehavior\":\"IgnoreQueryString\",\"originPath\":null,\"origins\":[\r\n
        \     {\r\n        \"name\":\"origin-0\",\"properties\":{\r\n          \"hostName\":\"www.example.com\",\"httpPort\":80,\"httpsPort\":443\r\n
        \       }\r\n      }\r\n    ],\"customDomains\":[\r\n      \r\n    ],\"contentTypesToCompress\":[\r\n
        \     \r\n    ],\"isCompressionEnabled\":false,\"optimizationType\":null,\"probePath\":null,\"geoFilters\":[\r\n
        \     \r\n    ],\"deliveryPolicy\":null\r\n  }\r\n}"
    headers:
      azure-asyncoperation:
      - https://management.azure.com/subscriptions/00000000-0000-0000-0000-000000000000/resourcegroups/clitest.rg000001/providers/Microsoft.Cdn/operationresults/027f72ea-deb0-40db-b664-9292dffc41dc?api-version=2017-10-12
      cache-control:
      - no-cache
      content-length:
      - '991'
      content-type:
      - application/json; odata.metadata=minimal
      date:
      - Wed, 16 Oct 2019 14:59:51 GMT
      expires:
      - '-1'
      odata-version:
      - '4.0'
      pragma:
      - no-cache
      server:
      - Microsoft-IIS/8.5
      strict-transport-security:
      - max-age=31536000; includeSubDomains
      x-aspnet-version:
      - 4.0.30319
      x-content-type-options:
      - nosniff
      x-ms-ratelimit-remaining-subscription-writes:
      - '1154'
      x-powered-by:
      - ASP.NET
    status:
      code: 201
      message: Created
- request:
    body: null
    headers:
      Accept:
      - application/json
      Accept-Encoding:
      - gzip, deflate
      CommandName:
      - cdn endpoint create
      Connection:
      - keep-alive
      ParameterSetName:
      - -g -n --profile-name --origin
      User-Agent:
      - python/3.7.4 (Windows-10-10.0.18362-SP0) msrest/0.6.10 msrest_azure/0.6.2
        azure-mgmt-cdn/3.1.0 Azure-SDK-For-Python AZURECLI/2.0.75
    method: GET
    uri: https://management.azure.com/subscriptions/00000000-0000-0000-0000-000000000000/resourcegroups/clitest.rg000001/providers/Microsoft.Cdn/operationresults/027f72ea-deb0-40db-b664-9292dffc41dc?api-version=2017-10-12
  response:
    body:
      string: "{\r\n  \"status\":\"InProgress\",\"error\":{\r\n    \"code\":\"None\",\"message\":null\r\n
        \ }\r\n}"
    headers:
      cache-control:
      - no-cache
      content-length:
      - '78'
      content-type:
      - application/json; odata.metadata=minimal
      date:
      - Wed, 16 Oct 2019 15:00:02 GMT
      expires:
      - '-1'
      odata-version:
      - '4.0'
      pragma:
      - no-cache
      server:
      - Microsoft-IIS/8.5
      strict-transport-security:
      - max-age=31536000; includeSubDomains
      transfer-encoding:
      - chunked
      vary:
      - Accept-Encoding
      x-aspnet-version:
      - 4.0.30319
      x-content-type-options:
      - nosniff
      x-powered-by:
      - ASP.NET
    status:
      code: 200
      message: OK
- request:
    body: null
    headers:
      Accept:
      - application/json
      Accept-Encoding:
      - gzip, deflate
      CommandName:
      - cdn endpoint create
      Connection:
      - keep-alive
      ParameterSetName:
      - -g -n --profile-name --origin
      User-Agent:
      - python/3.7.4 (Windows-10-10.0.18362-SP0) msrest/0.6.10 msrest_azure/0.6.2
        azure-mgmt-cdn/3.1.0 Azure-SDK-For-Python AZURECLI/2.0.75
    method: GET
    uri: https://management.azure.com/subscriptions/00000000-0000-0000-0000-000000000000/resourcegroups/clitest.rg000001/providers/Microsoft.Cdn/operationresults/027f72ea-deb0-40db-b664-9292dffc41dc?api-version=2017-10-12
  response:
    body:
      string: "{\r\n  \"status\":\"Succeeded\",\"error\":{\r\n    \"code\":\"None\",\"message\":null\r\n
        \ }\r\n}"
    headers:
      cache-control:
      - no-cache
      content-length:
      - '77'
      content-type:
      - application/json; odata.metadata=minimal
      date:
      - Wed, 16 Oct 2019 15:00:34 GMT
      expires:
      - '-1'
      odata-version:
      - '4.0'
      pragma:
      - no-cache
      server:
      - Microsoft-IIS/8.5
      strict-transport-security:
      - max-age=31536000; includeSubDomains
      transfer-encoding:
      - chunked
      vary:
      - Accept-Encoding
      x-aspnet-version:
      - 4.0.30319
      x-content-type-options:
      - nosniff
      x-powered-by:
      - ASP.NET
    status:
      code: 200
      message: OK
- request:
    body: null
    headers:
      Accept:
      - application/json
      Accept-Encoding:
      - gzip, deflate
      CommandName:
      - cdn endpoint create
      Connection:
      - keep-alive
      ParameterSetName:
      - -g -n --profile-name --origin
      User-Agent:
      - python/3.7.4 (Windows-10-10.0.18362-SP0) msrest/0.6.10 msrest_azure/0.6.2
        azure-mgmt-cdn/3.1.0 Azure-SDK-For-Python AZURECLI/2.0.75
    method: GET
    uri: https://management.azure.com/subscriptions/00000000-0000-0000-0000-000000000000/resourceGroups/clitest.rg000001/providers/Microsoft.Cdn/profiles/Standard-Akamai-profile/endpoints/endpoint000002?api-version=2017-10-12
  response:
    body:
      string: "{\r\n  \"name\":\"endpoint000002\",\"id\":\"/subscriptions/00000000-0000-0000-0000-000000000000/resourcegroups/clitest.rg000001/providers/Microsoft.Cdn/profiles/Standard-Akamai-profile/endpoints/endpoint000002\",\"type\":\"Microsoft.Cdn/profiles/endpoints\",\"tags\":{\r\n
        \   \r\n  },\"location\":\"WestUs\",\"properties\":{\r\n    \"hostName\":\"endpoint000002.azureedge.net\",\"originHostHeader\":null,\"provisioningState\":\"Succeeded\",\"resourceState\":\"Running\",\"isHttpAllowed\":true,\"isHttpsAllowed\":true,\"queryStringCachingBehavior\":\"IgnoreQueryString\",\"originPath\":null,\"origins\":[\r\n
        \     {\r\n        \"name\":\"origin-0\",\"properties\":{\r\n          \"hostName\":\"www.example.com\",\"httpPort\":80,\"httpsPort\":443\r\n
        \       }\r\n      }\r\n    ],\"customDomains\":[\r\n      \r\n    ],\"contentTypesToCompress\":[\r\n
        \     \r\n    ],\"isCompressionEnabled\":false,\"optimizationType\":null,\"probePath\":null,\"geoFilters\":[\r\n
        \     \r\n    ],\"deliveryPolicy\":null\r\n  }\r\n}"
    headers:
      cache-control:
      - no-cache
      content-length:
      - '991'
      content-type:
      - application/json; odata.metadata=minimal
      date:
      - Wed, 16 Oct 2019 15:00:35 GMT
      expires:
      - '-1'
      odata-version:
      - '4.0'
      pragma:
      - no-cache
      server:
      - Microsoft-IIS/8.5
      strict-transport-security:
      - max-age=31536000; includeSubDomains
      transfer-encoding:
      - chunked
      vary:
      - Accept-Encoding
      x-aspnet-version:
      - 4.0.30319
      x-content-type-options:
      - nosniff
      x-powered-by:
      - ASP.NET
    status:
      code: 200
      message: OK
- request:
    body: null
    headers:
      Accept:
      - application/json
      Accept-Encoding:
      - gzip, deflate
      CommandName:
      - cdn profile create
      Connection:
      - keep-alive
      ParameterSetName:
      - -g -n --sku
      User-Agent:
      - python/3.7.4 (Windows-10-10.0.18362-SP0) msrest/0.6.10 msrest_azure/0.6.2
        azure-mgmt-resource/4.0.0 Azure-SDK-For-Python AZURECLI/2.0.75
      accept-language:
      - en-US
    method: GET
    uri: https://management.azure.com/subscriptions/00000000-0000-0000-0000-000000000000/resourcegroups/clitest.rg000001?api-version=2019-07-01
  response:
    body:
      string: '{"id":"/subscriptions/00000000-0000-0000-0000-000000000000/resourceGroups/clitest.rg000001","name":"clitest.rg000001","type":"Microsoft.Resources/resourceGroups","location":"westus","tags":{"product":"azurecli","cause":"automation","date":"2019-10-16T14:58:32Z"},"properties":{"provisioningState":"Succeeded"}}'
    headers:
      cache-control:
      - no-cache
      content-length:
      - '428'
      content-type:
      - application/json; charset=utf-8
      date:
      - Wed, 16 Oct 2019 15:00:37 GMT
      expires:
      - '-1'
      pragma:
      - no-cache
      strict-transport-security:
      - max-age=31536000; includeSubDomains
      vary:
      - Accept-Encoding
      x-content-type-options:
      - nosniff
    status:
      code: 200
      message: OK
- request:
    body: '{"location": "westus", "sku": {"name": "Standard_Verizon"}}'
    headers:
      Accept:
      - application/json
      Accept-Encoding:
      - gzip, deflate
      CommandName:
      - cdn profile create
      Connection:
      - keep-alive
      Content-Length:
      - '59'
      Content-Type:
      - application/json; charset=utf-8
      ParameterSetName:
      - -g -n --sku
      User-Agent:
      - python/3.7.4 (Windows-10-10.0.18362-SP0) msrest/0.6.10 msrest_azure/0.6.2
        azure-mgmt-cdn/3.1.0 Azure-SDK-For-Python AZURECLI/2.0.75
      accept-language:
      - en-US
    method: PUT
    uri: https://management.azure.com/subscriptions/00000000-0000-0000-0000-000000000000/resourceGroups/clitest.rg000001/providers/Microsoft.Cdn/profiles/Standard-Verizon-profile?api-version=2017-10-12
  response:
    body:
      string: "{\r\n  \"name\":\"Standard-Verizon-profile\",\"id\":\"/subscriptions/00000000-0000-0000-0000-000000000000/resourcegroups/clitest.rg000001/providers/Microsoft.Cdn/profiles/Standard-Verizon-profile\",\"type\":\"Microsoft.Cdn/profiles\",\"tags\":{\r\n
        \   \r\n  },\"location\":\"WestUs\",\"sku\":{\r\n    \"name\":\"Standard_Verizon\"\r\n
        \ },\"properties\":{\r\n    \"provisioningState\":\"Creating\",\"resourceState\":\"Creating\"\r\n
        \ }\r\n}"
    headers:
      azure-asyncoperation:
      - https://management.azure.com/subscriptions/00000000-0000-0000-0000-000000000000/resourcegroups/clitest.rg000001/providers/Microsoft.Cdn/operationresults/8d137f75-75ea-44c1-8fae-edf2e4d13507?api-version=2017-10-12
      cache-control:
      - no-cache
      content-length:
      - '448'
      content-type:
      - application/json; odata.metadata=minimal
      date:
      - Wed, 16 Oct 2019 15:00:50 GMT
      expires:
      - '-1'
      odata-version:
      - '4.0'
      pragma:
      - no-cache
      server:
      - Microsoft-IIS/8.5
      strict-transport-security:
      - max-age=31536000; includeSubDomains
      x-aspnet-version:
      - 4.0.30319
      x-content-type-options:
      - nosniff
      x-ms-ratelimit-remaining-subscription-writes:
      - '1172'
      x-powered-by:
      - ASP.NET
    status:
      code: 201
      message: Created
- request:
    body: null
    headers:
      Accept:
      - application/json
      Accept-Encoding:
      - gzip, deflate
      CommandName:
      - cdn profile create
      Connection:
      - keep-alive
      ParameterSetName:
      - -g -n --sku
      User-Agent:
      - python/3.7.4 (Windows-10-10.0.18362-SP0) msrest/0.6.10 msrest_azure/0.6.2
        azure-mgmt-cdn/3.1.0 Azure-SDK-For-Python AZURECLI/2.0.75
    method: GET
    uri: https://management.azure.com/subscriptions/00000000-0000-0000-0000-000000000000/resourcegroups/clitest.rg000001/providers/Microsoft.Cdn/operationresults/8d137f75-75ea-44c1-8fae-edf2e4d13507?api-version=2017-10-12
  response:
    body:
      string: "{\r\n  \"status\":\"InProgress\",\"error\":{\r\n    \"code\":\"None\",\"message\":null\r\n
        \ }\r\n}"
    headers:
      cache-control:
      - no-cache
      content-length:
      - '78'
      content-type:
      - application/json; odata.metadata=minimal
      date:
      - Wed, 16 Oct 2019 15:01:02 GMT
      expires:
      - '-1'
      odata-version:
      - '4.0'
      pragma:
      - no-cache
      server:
      - Microsoft-IIS/8.5
      strict-transport-security:
      - max-age=31536000; includeSubDomains
      transfer-encoding:
      - chunked
      vary:
      - Accept-Encoding
      x-aspnet-version:
      - 4.0.30319
      x-content-type-options:
      - nosniff
      x-powered-by:
      - ASP.NET
    status:
      code: 200
      message: OK
- request:
    body: null
    headers:
      Accept:
      - application/json
      Accept-Encoding:
      - gzip, deflate
      CommandName:
      - cdn profile create
      Connection:
      - keep-alive
      ParameterSetName:
      - -g -n --sku
      User-Agent:
      - python/3.7.4 (Windows-10-10.0.18362-SP0) msrest/0.6.10 msrest_azure/0.6.2
        azure-mgmt-cdn/3.1.0 Azure-SDK-For-Python AZURECLI/2.0.75
    method: GET
    uri: https://management.azure.com/subscriptions/00000000-0000-0000-0000-000000000000/resourcegroups/clitest.rg000001/providers/Microsoft.Cdn/operationresults/8d137f75-75ea-44c1-8fae-edf2e4d13507?api-version=2017-10-12
  response:
    body:
      string: "{\r\n  \"status\":\"InProgress\",\"error\":{\r\n    \"code\":\"None\",\"message\":null\r\n
        \ }\r\n}"
    headers:
      cache-control:
      - no-cache
      content-length:
      - '78'
      content-type:
      - application/json; odata.metadata=minimal
      date:
      - Wed, 16 Oct 2019 15:01:32 GMT
      expires:
      - '-1'
      odata-version:
      - '4.0'
      pragma:
      - no-cache
      server:
      - Microsoft-IIS/8.5
      strict-transport-security:
      - max-age=31536000; includeSubDomains
      transfer-encoding:
      - chunked
      vary:
      - Accept-Encoding
      x-aspnet-version:
      - 4.0.30319
      x-content-type-options:
      - nosniff
      x-powered-by:
      - ASP.NET
    status:
      code: 200
      message: OK
- request:
    body: null
    headers:
      Accept:
      - application/json
      Accept-Encoding:
      - gzip, deflate
      CommandName:
      - cdn profile create
      Connection:
      - keep-alive
      ParameterSetName:
      - -g -n --sku
      User-Agent:
      - python/3.7.4 (Windows-10-10.0.18362-SP0) msrest/0.6.10 msrest_azure/0.6.2
        azure-mgmt-cdn/3.1.0 Azure-SDK-For-Python AZURECLI/2.0.75
    method: GET
    uri: https://management.azure.com/subscriptions/00000000-0000-0000-0000-000000000000/resourcegroups/clitest.rg000001/providers/Microsoft.Cdn/operationresults/8d137f75-75ea-44c1-8fae-edf2e4d13507?api-version=2017-10-12
  response:
    body:
      string: "{\r\n  \"status\":\"Succeeded\",\"error\":{\r\n    \"code\":\"None\",\"message\":null\r\n
        \ }\r\n}"
    headers:
      cache-control:
      - no-cache
      content-length:
      - '77'
      content-type:
      - application/json; odata.metadata=minimal
      date:
      - Wed, 16 Oct 2019 15:02:04 GMT
      expires:
      - '-1'
      odata-version:
      - '4.0'
      pragma:
      - no-cache
      server:
      - Microsoft-IIS/8.5
      strict-transport-security:
      - max-age=31536000; includeSubDomains
      transfer-encoding:
      - chunked
      vary:
      - Accept-Encoding
      x-aspnet-version:
      - 4.0.30319
      x-content-type-options:
      - nosniff
      x-powered-by:
      - ASP.NET
    status:
      code: 200
      message: OK
- request:
    body: null
    headers:
      Accept:
      - application/json
      Accept-Encoding:
      - gzip, deflate
      CommandName:
      - cdn profile create
      Connection:
      - keep-alive
      ParameterSetName:
      - -g -n --sku
      User-Agent:
      - python/3.7.4 (Windows-10-10.0.18362-SP0) msrest/0.6.10 msrest_azure/0.6.2
        azure-mgmt-cdn/3.1.0 Azure-SDK-For-Python AZURECLI/2.0.75
    method: GET
    uri: https://management.azure.com/subscriptions/00000000-0000-0000-0000-000000000000/resourceGroups/clitest.rg000001/providers/Microsoft.Cdn/profiles/Standard-Verizon-profile?api-version=2017-10-12
  response:
    body:
      string: "{\r\n  \"name\":\"Standard-Verizon-profile\",\"id\":\"/subscriptions/00000000-0000-0000-0000-000000000000/resourcegroups/clitest.rg000001/providers/Microsoft.Cdn/profiles/Standard-Verizon-profile\",\"type\":\"Microsoft.Cdn/profiles\",\"tags\":{\r\n
        \   \r\n  },\"location\":\"WestUs\",\"sku\":{\r\n    \"name\":\"Standard_Verizon\"\r\n
        \ },\"properties\":{\r\n    \"provisioningState\":\"Succeeded\",\"resourceState\":\"Active\"\r\n
        \ }\r\n}"
    headers:
      cache-control:
      - no-cache
      content-length:
      - '447'
      content-type:
      - application/json; odata.metadata=minimal
      date:
      - Wed, 16 Oct 2019 15:02:05 GMT
      expires:
      - '-1'
      odata-version:
      - '4.0'
      pragma:
      - no-cache
      server:
      - Microsoft-IIS/8.5
      strict-transport-security:
      - max-age=31536000; includeSubDomains
      transfer-encoding:
      - chunked
      vary:
      - Accept-Encoding
      x-aspnet-version:
      - 4.0.30319
      x-content-type-options:
      - nosniff
      x-powered-by:
      - ASP.NET
    status:
      code: 200
      message: OK
- request:
    body: null
    headers:
      Accept:
      - application/json
      Accept-Encoding:
      - gzip, deflate
      CommandName:
      - cdn endpoint create
      Connection:
      - keep-alive
      ParameterSetName:
      - -g -n --profile-name --origin
      User-Agent:
      - python/3.7.4 (Windows-10-10.0.18362-SP0) msrest/0.6.10 msrest_azure/0.6.2
        azure-mgmt-resource/4.0.0 Azure-SDK-For-Python AZURECLI/2.0.75
      accept-language:
      - en-US
    method: GET
    uri: https://management.azure.com/subscriptions/00000000-0000-0000-0000-000000000000/resourcegroups/clitest.rg000001?api-version=2019-07-01
  response:
    body:
      string: '{"id":"/subscriptions/00000000-0000-0000-0000-000000000000/resourceGroups/clitest.rg000001","name":"clitest.rg000001","type":"Microsoft.Resources/resourceGroups","location":"westus","tags":{"product":"azurecli","cause":"automation","date":"2019-10-16T14:58:32Z"},"properties":{"provisioningState":"Succeeded"}}'
    headers:
      cache-control:
      - no-cache
      content-length:
      - '428'
      content-type:
      - application/json; charset=utf-8
      date:
      - Wed, 16 Oct 2019 15:02:07 GMT
      expires:
      - '-1'
      pragma:
      - no-cache
      strict-transport-security:
      - max-age=31536000; includeSubDomains
      vary:
      - Accept-Encoding
      x-content-type-options:
      - nosniff
    status:
      code: 200
      message: OK
- request:
    body: '{"location": "westus", "properties": {"isCompressionEnabled": false, "isHttpAllowed":
      true, "isHttpsAllowed": true, "origins": [{"name": "origin-0", "properties":
      {"hostName": "www.example.com", "httpPort": 80, "httpsPort": 443}}]}}'
    headers:
      Accept:
      - application/json
      Accept-Encoding:
      - gzip, deflate
      CommandName:
      - cdn endpoint create
      Connection:
      - keep-alive
      Content-Length:
      - '232'
      Content-Type:
      - application/json; charset=utf-8
      ParameterSetName:
      - -g -n --profile-name --origin
      User-Agent:
      - python/3.7.4 (Windows-10-10.0.18362-SP0) msrest/0.6.10 msrest_azure/0.6.2
        azure-mgmt-cdn/3.1.0 Azure-SDK-For-Python AZURECLI/2.0.75
      accept-language:
      - en-US
    method: PUT
    uri: https://management.azure.com/subscriptions/00000000-0000-0000-0000-000000000000/resourceGroups/clitest.rg000001/providers/Microsoft.Cdn/profiles/Standard-Verizon-profile/endpoints/endpoint000003?api-version=2017-10-12
  response:
    body:
      string: "{\r\n  \"name\":\"endpoint000003\",\"id\":\"/subscriptions/00000000-0000-0000-0000-000000000000/resourcegroups/clitest.rg000001/providers/Microsoft.Cdn/profiles/Standard-Verizon-profile/endpoints/endpoint000003\",\"type\":\"Microsoft.Cdn/profiles/endpoints\",\"tags\":{\r\n
        \   \r\n  },\"location\":\"WestUs\",\"properties\":{\r\n    \"hostName\":\"endpoint000003.azureedge.net\",\"originHostHeader\":null,\"provisioningState\":\"Creating\",\"resourceState\":\"Creating\",\"isHttpAllowed\":true,\"isHttpsAllowed\":true,\"queryStringCachingBehavior\":\"IgnoreQueryString\",\"originPath\":null,\"origins\":[\r\n
        \     {\r\n        \"name\":\"origin-0\",\"properties\":{\r\n          \"hostName\":\"www.example.com\",\"httpPort\":80,\"httpsPort\":443\r\n
        \       }\r\n      }\r\n    ],\"customDomains\":[\r\n      \r\n    ],\"contentTypesToCompress\":[\r\n
        \     \r\n    ],\"isCompressionEnabled\":false,\"optimizationType\":null,\"probePath\":null,\"geoFilters\":[\r\n
        \     \r\n    ],\"deliveryPolicy\":null\r\n  }\r\n}"
    headers:
      azure-asyncoperation:
      - https://management.azure.com/subscriptions/00000000-0000-0000-0000-000000000000/resourcegroups/clitest.rg000001/providers/Microsoft.Cdn/operationresults/01b2d2b8-ab31-4d56-b73f-a849a7ad35e5?api-version=2017-10-12
      cache-control:
      - no-cache
      content-length:
      - '992'
      content-type:
      - application/json; odata.metadata=minimal
      date:
      - Wed, 16 Oct 2019 15:02:26 GMT
      expires:
      - '-1'
      odata-version:
      - '4.0'
      pragma:
      - no-cache
      server:
      - Microsoft-IIS/8.5
      strict-transport-security:
      - max-age=31536000; includeSubDomains
      x-aspnet-version:
      - 4.0.30319
      x-content-type-options:
      - nosniff
      x-ms-ratelimit-remaining-subscription-writes:
      - '1169'
      x-powered-by:
      - ASP.NET
    status:
      code: 201
      message: Created
- request:
    body: null
    headers:
      Accept:
      - application/json
      Accept-Encoding:
      - gzip, deflate
      CommandName:
      - cdn endpoint create
      Connection:
      - keep-alive
      ParameterSetName:
      - -g -n --profile-name --origin
      User-Agent:
      - python/3.7.4 (Windows-10-10.0.18362-SP0) msrest/0.6.10 msrest_azure/0.6.2
        azure-mgmt-cdn/3.1.0 Azure-SDK-For-Python AZURECLI/2.0.75
    method: GET
    uri: https://management.azure.com/subscriptions/00000000-0000-0000-0000-000000000000/resourcegroups/clitest.rg000001/providers/Microsoft.Cdn/operationresults/01b2d2b8-ab31-4d56-b73f-a849a7ad35e5?api-version=2017-10-12
  response:
    body:
      string: "{\r\n  \"status\":\"InProgress\",\"error\":{\r\n    \"code\":\"None\",\"message\":null\r\n
        \ }\r\n}"
    headers:
      cache-control:
      - no-cache
      content-length:
      - '78'
      content-type:
      - application/json; odata.metadata=minimal
      date:
      - Wed, 16 Oct 2019 15:02:38 GMT
      expires:
      - '-1'
      odata-version:
      - '4.0'
      pragma:
      - no-cache
      server:
      - Microsoft-IIS/8.5
      strict-transport-security:
      - max-age=31536000; includeSubDomains
      transfer-encoding:
      - chunked
      vary:
      - Accept-Encoding
      x-aspnet-version:
      - 4.0.30319
      x-content-type-options:
      - nosniff
      x-powered-by:
      - ASP.NET
    status:
      code: 200
      message: OK
- request:
    body: null
    headers:
      Accept:
      - application/json
      Accept-Encoding:
      - gzip, deflate
      CommandName:
      - cdn endpoint create
      Connection:
      - keep-alive
      ParameterSetName:
      - -g -n --profile-name --origin
      User-Agent:
      - python/3.7.4 (Windows-10-10.0.18362-SP0) msrest/0.6.10 msrest_azure/0.6.2
        azure-mgmt-cdn/3.1.0 Azure-SDK-For-Python AZURECLI/2.0.75
    method: GET
    uri: https://management.azure.com/subscriptions/00000000-0000-0000-0000-000000000000/resourcegroups/clitest.rg000001/providers/Microsoft.Cdn/operationresults/01b2d2b8-ab31-4d56-b73f-a849a7ad35e5?api-version=2017-10-12
  response:
    body:
      string: "{\r\n  \"status\":\"Succeeded\",\"error\":{\r\n    \"code\":\"None\",\"message\":null\r\n
        \ }\r\n}"
    headers:
      cache-control:
      - no-cache
      content-length:
      - '77'
      content-type:
      - application/json; odata.metadata=minimal
      date:
      - Wed, 16 Oct 2019 15:03:10 GMT
      expires:
      - '-1'
      odata-version:
      - '4.0'
      pragma:
      - no-cache
      server:
      - Microsoft-IIS/8.5
      strict-transport-security:
      - max-age=31536000; includeSubDomains
      transfer-encoding:
      - chunked
      vary:
      - Accept-Encoding
      x-aspnet-version:
      - 4.0.30319
      x-content-type-options:
      - nosniff
      x-powered-by:
      - ASP.NET
    status:
      code: 200
      message: OK
- request:
    body: null
    headers:
      Accept:
      - application/json
      Accept-Encoding:
      - gzip, deflate
      CommandName:
      - cdn endpoint create
      Connection:
      - keep-alive
      ParameterSetName:
      - -g -n --profile-name --origin
      User-Agent:
      - python/3.7.4 (Windows-10-10.0.18362-SP0) msrest/0.6.10 msrest_azure/0.6.2
        azure-mgmt-cdn/3.1.0 Azure-SDK-For-Python AZURECLI/2.0.75
    method: GET
    uri: https://management.azure.com/subscriptions/00000000-0000-0000-0000-000000000000/resourceGroups/clitest.rg000001/providers/Microsoft.Cdn/profiles/Standard-Verizon-profile/endpoints/endpoint000003?api-version=2017-10-12
  response:
    body:
      string: "{\r\n  \"name\":\"endpoint000003\",\"id\":\"/subscriptions/00000000-0000-0000-0000-000000000000/resourcegroups/clitest.rg000001/providers/Microsoft.Cdn/profiles/Standard-Verizon-profile/endpoints/endpoint000003\",\"type\":\"Microsoft.Cdn/profiles/endpoints\",\"tags\":{\r\n
        \   \r\n  },\"location\":\"WestUs\",\"properties\":{\r\n    \"hostName\":\"endpoint000003.azureedge.net\",\"originHostHeader\":null,\"provisioningState\":\"Succeeded\",\"resourceState\":\"Running\",\"isHttpAllowed\":true,\"isHttpsAllowed\":true,\"queryStringCachingBehavior\":\"IgnoreQueryString\",\"originPath\":null,\"origins\":[\r\n
        \     {\r\n        \"name\":\"origin-0\",\"properties\":{\r\n          \"hostName\":\"www.example.com\",\"httpPort\":80,\"httpsPort\":443\r\n
        \       }\r\n      }\r\n    ],\"customDomains\":[\r\n      \r\n    ],\"contentTypesToCompress\":[\r\n
        \     \r\n    ],\"isCompressionEnabled\":false,\"optimizationType\":null,\"probePath\":null,\"geoFilters\":[\r\n
        \     \r\n    ],\"deliveryPolicy\":null\r\n  }\r\n}"
    headers:
      cache-control:
      - no-cache
      content-length:
      - '992'
      content-type:
      - application/json; odata.metadata=minimal
      date:
      - Wed, 16 Oct 2019 15:03:12 GMT
      expires:
      - '-1'
      odata-version:
      - '4.0'
      pragma:
      - no-cache
      server:
      - Microsoft-IIS/8.5
      strict-transport-security:
      - max-age=31536000; includeSubDomains
      transfer-encoding:
      - chunked
      vary:
      - Accept-Encoding
      x-aspnet-version:
      - 4.0.30319
      x-content-type-options:
      - nosniff
      x-powered-by:
      - ASP.NET
    status:
      code: 200
      message: OK
- request:
    body: null
    headers:
      Accept:
      - application/json
      Accept-Encoding:
      - gzip, deflate
      CommandName:
      - cdn profile create
      Connection:
      - keep-alive
      ParameterSetName:
      - -g -n --sku
      User-Agent:
      - python/3.7.4 (Windows-10-10.0.18362-SP0) msrest/0.6.10 msrest_azure/0.6.2
        azure-mgmt-resource/4.0.0 Azure-SDK-For-Python AZURECLI/2.0.75
      accept-language:
      - en-US
    method: GET
    uri: https://management.azure.com/subscriptions/00000000-0000-0000-0000-000000000000/resourcegroups/clitest.rg000001?api-version=2019-07-01
  response:
    body:
      string: '{"id":"/subscriptions/00000000-0000-0000-0000-000000000000/resourceGroups/clitest.rg000001","name":"clitest.rg000001","type":"Microsoft.Resources/resourceGroups","location":"westus","tags":{"product":"azurecli","cause":"automation","date":"2019-10-16T14:58:32Z"},"properties":{"provisioningState":"Succeeded"}}'
    headers:
      cache-control:
      - no-cache
      content-length:
      - '428'
      content-type:
      - application/json; charset=utf-8
      date:
      - Wed, 16 Oct 2019 15:03:12 GMT
      expires:
      - '-1'
      pragma:
      - no-cache
      strict-transport-security:
      - max-age=31536000; includeSubDomains
      vary:
      - Accept-Encoding
      x-content-type-options:
      - nosniff
    status:
      code: 200
      message: OK
- request:
    body: '{"location": "westus", "sku": {"name": "Premium_Verizon"}}'
    headers:
      Accept:
      - application/json
      Accept-Encoding:
      - gzip, deflate
      CommandName:
      - cdn profile create
      Connection:
      - keep-alive
      Content-Length:
      - '58'
      Content-Type:
      - application/json; charset=utf-8
      ParameterSetName:
      - -g -n --sku
      User-Agent:
      - python/3.7.4 (Windows-10-10.0.18362-SP0) msrest/0.6.10 msrest_azure/0.6.2
        azure-mgmt-cdn/3.1.0 Azure-SDK-For-Python AZURECLI/2.0.75
      accept-language:
      - en-US
    method: PUT
    uri: https://management.azure.com/subscriptions/00000000-0000-0000-0000-000000000000/resourceGroups/clitest.rg000001/providers/Microsoft.Cdn/profiles/Premium-Verizon-profile?api-version=2017-10-12
  response:
    body:
      string: "{\r\n  \"name\":\"Premium-Verizon-profile\",\"id\":\"/subscriptions/00000000-0000-0000-0000-000000000000/resourcegroups/clitest.rg000001/providers/Microsoft.Cdn/profiles/Premium-Verizon-profile\",\"type\":\"Microsoft.Cdn/profiles\",\"tags\":{\r\n
        \   \r\n  },\"location\":\"WestUs\",\"sku\":{\r\n    \"name\":\"Premium_Verizon\"\r\n
        \ },\"properties\":{\r\n    \"provisioningState\":\"Creating\",\"resourceState\":\"Creating\"\r\n
        \ }\r\n}"
    headers:
      azure-asyncoperation:
      - https://management.azure.com/subscriptions/00000000-0000-0000-0000-000000000000/resourcegroups/clitest.rg000001/providers/Microsoft.Cdn/operationresults/46e318d5-2005-445c-a8ab-ef61a87af65f?api-version=2017-10-12
      cache-control:
      - no-cache
      content-length:
      - '445'
      content-type:
      - application/json; odata.metadata=minimal
      date:
      - Wed, 16 Oct 2019 15:03:27 GMT
      expires:
      - '-1'
      odata-version:
      - '4.0'
      pragma:
      - no-cache
      server:
      - Microsoft-IIS/8.5
      strict-transport-security:
      - max-age=31536000; includeSubDomains
      x-aspnet-version:
      - 4.0.30319
      x-content-type-options:
      - nosniff
      x-ms-ratelimit-remaining-subscription-writes:
      - '1171'
      x-powered-by:
      - ASP.NET
    status:
      code: 201
      message: Created
- request:
    body: null
    headers:
      Accept:
      - application/json
      Accept-Encoding:
      - gzip, deflate
      CommandName:
      - cdn profile create
      Connection:
      - keep-alive
      ParameterSetName:
      - -g -n --sku
      User-Agent:
      - python/3.7.4 (Windows-10-10.0.18362-SP0) msrest/0.6.10 msrest_azure/0.6.2
        azure-mgmt-cdn/3.1.0 Azure-SDK-For-Python AZURECLI/2.0.75
    method: GET
    uri: https://management.azure.com/subscriptions/00000000-0000-0000-0000-000000000000/resourcegroups/clitest.rg000001/providers/Microsoft.Cdn/operationresults/46e318d5-2005-445c-a8ab-ef61a87af65f?api-version=2017-10-12
  response:
    body:
      string: "{\r\n  \"status\":\"InProgress\",\"error\":{\r\n    \"code\":\"None\",\"message\":null\r\n
        \ }\r\n}"
    headers:
      cache-control:
      - no-cache
      content-length:
      - '78'
      content-type:
      - application/json; odata.metadata=minimal
      date:
      - Wed, 16 Oct 2019 15:03:39 GMT
      expires:
      - '-1'
      odata-version:
      - '4.0'
      pragma:
      - no-cache
      server:
      - Microsoft-IIS/8.5
      strict-transport-security:
      - max-age=31536000; includeSubDomains
      transfer-encoding:
      - chunked
      vary:
      - Accept-Encoding
      x-aspnet-version:
      - 4.0.30319
      x-content-type-options:
      - nosniff
      x-powered-by:
      - ASP.NET
    status:
      code: 200
      message: OK
- request:
    body: null
    headers:
      Accept:
      - application/json
      Accept-Encoding:
      - gzip, deflate
      CommandName:
      - cdn profile create
      Connection:
      - keep-alive
      ParameterSetName:
      - -g -n --sku
      User-Agent:
      - python/3.7.4 (Windows-10-10.0.18362-SP0) msrest/0.6.10 msrest_azure/0.6.2
        azure-mgmt-cdn/3.1.0 Azure-SDK-For-Python AZURECLI/2.0.75
    method: GET
    uri: https://management.azure.com/subscriptions/00000000-0000-0000-0000-000000000000/resourcegroups/clitest.rg000001/providers/Microsoft.Cdn/operationresults/46e318d5-2005-445c-a8ab-ef61a87af65f?api-version=2017-10-12
  response:
    body:
      string: "{\r\n  \"status\":\"InProgress\",\"error\":{\r\n    \"code\":\"None\",\"message\":null\r\n
        \ }\r\n}"
    headers:
      cache-control:
      - no-cache
      content-length:
      - '78'
      content-type:
      - application/json; odata.metadata=minimal
      date:
      - Wed, 16 Oct 2019 15:04:11 GMT
      expires:
      - '-1'
      odata-version:
      - '4.0'
      pragma:
      - no-cache
      server:
      - Microsoft-IIS/8.5
      strict-transport-security:
      - max-age=31536000; includeSubDomains
      transfer-encoding:
      - chunked
      vary:
      - Accept-Encoding
      x-aspnet-version:
      - 4.0.30319
      x-content-type-options:
      - nosniff
      x-powered-by:
      - ASP.NET
    status:
      code: 200
      message: OK
- request:
    body: null
    headers:
      Accept:
      - application/json
      Accept-Encoding:
      - gzip, deflate
      CommandName:
      - cdn profile create
      Connection:
      - keep-alive
      ParameterSetName:
      - -g -n --sku
      User-Agent:
      - python/3.7.4 (Windows-10-10.0.18362-SP0) msrest/0.6.10 msrest_azure/0.6.2
        azure-mgmt-cdn/3.1.0 Azure-SDK-For-Python AZURECLI/2.0.75
    method: GET
    uri: https://management.azure.com/subscriptions/00000000-0000-0000-0000-000000000000/resourcegroups/clitest.rg000001/providers/Microsoft.Cdn/operationresults/46e318d5-2005-445c-a8ab-ef61a87af65f?api-version=2017-10-12
  response:
    body:
      string: "{\r\n  \"status\":\"InProgress\",\"error\":{\r\n    \"code\":\"None\",\"message\":null\r\n
        \ }\r\n}"
    headers:
      cache-control:
      - no-cache
      content-length:
      - '78'
      content-type:
      - application/json; odata.metadata=minimal
      date:
      - Wed, 16 Oct 2019 15:04:42 GMT
      expires:
      - '-1'
      odata-version:
      - '4.0'
      pragma:
      - no-cache
      server:
      - Microsoft-IIS/8.5
      strict-transport-security:
      - max-age=31536000; includeSubDomains
      transfer-encoding:
      - chunked
      vary:
      - Accept-Encoding
      x-aspnet-version:
      - 4.0.30319
      x-content-type-options:
      - nosniff
      x-powered-by:
      - ASP.NET
    status:
      code: 200
      message: OK
- request:
    body: null
    headers:
      Accept:
      - application/json
      Accept-Encoding:
      - gzip, deflate
      CommandName:
      - cdn profile create
      Connection:
      - keep-alive
      ParameterSetName:
      - -g -n --sku
      User-Agent:
      - python/3.7.4 (Windows-10-10.0.18362-SP0) msrest/0.6.10 msrest_azure/0.6.2
        azure-mgmt-cdn/3.1.0 Azure-SDK-For-Python AZURECLI/2.0.75
    method: GET
    uri: https://management.azure.com/subscriptions/00000000-0000-0000-0000-000000000000/resourcegroups/clitest.rg000001/providers/Microsoft.Cdn/operationresults/46e318d5-2005-445c-a8ab-ef61a87af65f?api-version=2017-10-12
  response:
    body:
      string: "{\r\n  \"status\":\"InProgress\",\"error\":{\r\n    \"code\":\"None\",\"message\":null\r\n
        \ }\r\n}"
    headers:
      cache-control:
      - no-cache
      content-length:
      - '78'
      content-type:
      - application/json; odata.metadata=minimal
      date:
      - Wed, 16 Oct 2019 15:05:14 GMT
      expires:
      - '-1'
      odata-version:
      - '4.0'
      pragma:
      - no-cache
      server:
      - Microsoft-IIS/8.5
      strict-transport-security:
      - max-age=31536000; includeSubDomains
      transfer-encoding:
      - chunked
      vary:
      - Accept-Encoding
      x-aspnet-version:
      - 4.0.30319
      x-content-type-options:
      - nosniff
      x-powered-by:
      - ASP.NET
    status:
      code: 200
      message: OK
- request:
    body: null
    headers:
      Accept:
      - application/json
      Accept-Encoding:
      - gzip, deflate
      CommandName:
      - cdn profile create
      Connection:
      - keep-alive
      ParameterSetName:
      - -g -n --sku
      User-Agent:
      - python/3.7.4 (Windows-10-10.0.18362-SP0) msrest/0.6.10 msrest_azure/0.6.2
        azure-mgmt-cdn/3.1.0 Azure-SDK-For-Python AZURECLI/2.0.75
    method: GET
    uri: https://management.azure.com/subscriptions/00000000-0000-0000-0000-000000000000/resourcegroups/clitest.rg000001/providers/Microsoft.Cdn/operationresults/46e318d5-2005-445c-a8ab-ef61a87af65f?api-version=2017-10-12
  response:
    body:
      string: "{\r\n  \"status\":\"InProgress\",\"error\":{\r\n    \"code\":\"None\",\"message\":null\r\n
        \ }\r\n}"
    headers:
      cache-control:
      - no-cache
      content-length:
      - '78'
      content-type:
      - application/json; odata.metadata=minimal
      date:
      - Wed, 16 Oct 2019 15:05:46 GMT
      expires:
      - '-1'
      odata-version:
      - '4.0'
      pragma:
      - no-cache
      server:
      - Microsoft-IIS/8.5
      strict-transport-security:
      - max-age=31536000; includeSubDomains
      transfer-encoding:
      - chunked
      vary:
      - Accept-Encoding
      x-aspnet-version:
      - 4.0.30319
      x-content-type-options:
      - nosniff
      x-powered-by:
      - ASP.NET
    status:
      code: 200
      message: OK
- request:
    body: null
    headers:
      Accept:
      - application/json
      Accept-Encoding:
      - gzip, deflate
      CommandName:
      - cdn profile create
      Connection:
      - keep-alive
      ParameterSetName:
      - -g -n --sku
      User-Agent:
      - python/3.7.4 (Windows-10-10.0.18362-SP0) msrest/0.6.10 msrest_azure/0.6.2
        azure-mgmt-cdn/3.1.0 Azure-SDK-For-Python AZURECLI/2.0.75
    method: GET
    uri: https://management.azure.com/subscriptions/00000000-0000-0000-0000-000000000000/resourcegroups/clitest.rg000001/providers/Microsoft.Cdn/operationresults/46e318d5-2005-445c-a8ab-ef61a87af65f?api-version=2017-10-12
  response:
    body:
      string: "{\r\n  \"status\":\"Succeeded\",\"error\":{\r\n    \"code\":\"None\",\"message\":null\r\n
        \ }\r\n}"
    headers:
      cache-control:
      - no-cache
      content-length:
      - '77'
      content-type:
      - application/json; odata.metadata=minimal
      date:
      - Wed, 16 Oct 2019 15:06:18 GMT
      expires:
      - '-1'
      odata-version:
      - '4.0'
      pragma:
      - no-cache
      server:
      - Microsoft-IIS/8.5
      strict-transport-security:
      - max-age=31536000; includeSubDomains
      transfer-encoding:
      - chunked
      vary:
      - Accept-Encoding
      x-aspnet-version:
      - 4.0.30319
      x-content-type-options:
      - nosniff
      x-powered-by:
      - ASP.NET
    status:
      code: 200
      message: OK
- request:
    body: null
    headers:
      Accept:
      - application/json
      Accept-Encoding:
      - gzip, deflate
      CommandName:
      - cdn profile create
      Connection:
      - keep-alive
      ParameterSetName:
      - -g -n --sku
      User-Agent:
      - python/3.7.4 (Windows-10-10.0.18362-SP0) msrest/0.6.10 msrest_azure/0.6.2
        azure-mgmt-cdn/3.1.0 Azure-SDK-For-Python AZURECLI/2.0.75
    method: GET
    uri: https://management.azure.com/subscriptions/00000000-0000-0000-0000-000000000000/resourceGroups/clitest.rg000001/providers/Microsoft.Cdn/profiles/Premium-Verizon-profile?api-version=2017-10-12
  response:
    body:
      string: "{\r\n  \"name\":\"Premium-Verizon-profile\",\"id\":\"/subscriptions/00000000-0000-0000-0000-000000000000/resourcegroups/clitest.rg000001/providers/Microsoft.Cdn/profiles/Premium-Verizon-profile\",\"type\":\"Microsoft.Cdn/profiles\",\"tags\":{\r\n
        \   \r\n  },\"location\":\"WestUs\",\"sku\":{\r\n    \"name\":\"Premium_Verizon\"\r\n
        \ },\"properties\":{\r\n    \"provisioningState\":\"Succeeded\",\"resourceState\":\"Active\"\r\n
        \ }\r\n}"
    headers:
      cache-control:
      - no-cache
      content-length:
      - '444'
      content-type:
      - application/json; odata.metadata=minimal
      date:
      - Wed, 16 Oct 2019 15:06:19 GMT
      expires:
      - '-1'
      odata-version:
      - '4.0'
      pragma:
      - no-cache
      server:
      - Microsoft-IIS/8.5
      strict-transport-security:
      - max-age=31536000; includeSubDomains
      transfer-encoding:
      - chunked
      vary:
      - Accept-Encoding
      x-aspnet-version:
      - 4.0.30319
      x-content-type-options:
      - nosniff
      x-powered-by:
      - ASP.NET
    status:
      code: 200
      message: OK
- request:
    body: null
    headers:
      Accept:
      - application/json
      Accept-Encoding:
      - gzip, deflate
      CommandName:
      - cdn endpoint create
      Connection:
      - keep-alive
      ParameterSetName:
      - -g -n --profile-name --origin
      User-Agent:
      - python/3.7.4 (Windows-10-10.0.18362-SP0) msrest/0.6.10 msrest_azure/0.6.2
        azure-mgmt-resource/4.0.0 Azure-SDK-For-Python AZURECLI/2.0.75
      accept-language:
      - en-US
    method: GET
    uri: https://management.azure.com/subscriptions/00000000-0000-0000-0000-000000000000/resourcegroups/clitest.rg000001?api-version=2019-07-01
  response:
    body:
      string: '{"id":"/subscriptions/00000000-0000-0000-0000-000000000000/resourceGroups/clitest.rg000001","name":"clitest.rg000001","type":"Microsoft.Resources/resourceGroups","location":"westus","tags":{"product":"azurecli","cause":"automation","date":"2019-10-16T14:58:32Z"},"properties":{"provisioningState":"Succeeded"}}'
    headers:
      cache-control:
      - no-cache
      content-length:
      - '428'
      content-type:
      - application/json; charset=utf-8
      date:
      - Wed, 16 Oct 2019 15:06:21 GMT
      expires:
      - '-1'
      pragma:
      - no-cache
      strict-transport-security:
      - max-age=31536000; includeSubDomains
      vary:
      - Accept-Encoding
      x-content-type-options:
      - nosniff
    status:
      code: 200
      message: OK
- request:
    body: '{"location": "westus", "properties": {"isCompressionEnabled": false, "isHttpAllowed":
      true, "isHttpsAllowed": true, "origins": [{"name": "origin-0", "properties":
      {"hostName": "www.example.com", "httpPort": 80, "httpsPort": 443}}]}}'
    headers:
      Accept:
      - application/json
      Accept-Encoding:
      - gzip, deflate
      CommandName:
      - cdn endpoint create
      Connection:
      - keep-alive
      Content-Length:
      - '232'
      Content-Type:
      - application/json; charset=utf-8
      ParameterSetName:
      - -g -n --profile-name --origin
      User-Agent:
      - python/3.7.4 (Windows-10-10.0.18362-SP0) msrest/0.6.10 msrest_azure/0.6.2
        azure-mgmt-cdn/3.1.0 Azure-SDK-For-Python AZURECLI/2.0.75
      accept-language:
      - en-US
    method: PUT
    uri: https://management.azure.com/subscriptions/00000000-0000-0000-0000-000000000000/resourceGroups/clitest.rg000001/providers/Microsoft.Cdn/profiles/Premium-Verizon-profile/endpoints/endpoint000004?api-version=2017-10-12
  response:
    body:
      string: "{\r\n  \"name\":\"endpoint000004\",\"id\":\"/subscriptions/00000000-0000-0000-0000-000000000000/resourcegroups/clitest.rg000001/providers/Microsoft.Cdn/profiles/Premium-Verizon-profile/endpoints/endpoint000004\",\"type\":\"Microsoft.Cdn/profiles/endpoints\",\"tags\":{\r\n
        \   \r\n  },\"location\":\"WestUs\",\"properties\":{\r\n    \"hostName\":\"endpoint000004.azureedge.net\",\"originHostHeader\":null,\"provisioningState\":\"Creating\",\"resourceState\":\"Creating\",\"isHttpAllowed\":true,\"isHttpsAllowed\":true,\"queryStringCachingBehavior\":\"NotSet\",\"originPath\":null,\"origins\":[\r\n
        \     {\r\n        \"name\":\"origin-0\",\"properties\":{\r\n          \"hostName\":\"www.example.com\",\"httpPort\":80,\"httpsPort\":443\r\n
        \       }\r\n      }\r\n    ],\"customDomains\":[\r\n      \r\n    ],\"contentTypesToCompress\":[\r\n
        \     \r\n    ],\"isCompressionEnabled\":false,\"optimizationType\":null,\"probePath\":null,\"geoFilters\":[\r\n
        \     \r\n    ],\"deliveryPolicy\":null\r\n  }\r\n}"
    headers:
      azure-asyncoperation:
      - https://management.azure.com/subscriptions/00000000-0000-0000-0000-000000000000/resourcegroups/clitest.rg000001/providers/Microsoft.Cdn/operationresults/911d179e-a26b-464e-856d-d1f90b54521e?api-version=2017-10-12
      cache-control:
      - no-cache
      content-length:
      - '980'
      content-type:
      - application/json; odata.metadata=minimal
      date:
      - Wed, 16 Oct 2019 15:06:34 GMT
      expires:
      - '-1'
      odata-version:
      - '4.0'
      pragma:
      - no-cache
      server:
      - Microsoft-IIS/8.5
      strict-transport-security:
      - max-age=31536000; includeSubDomains
      x-aspnet-version:
      - 4.0.30319
      x-content-type-options:
      - nosniff
      x-ms-ratelimit-remaining-subscription-writes:
      - '1153'
      x-powered-by:
      - ASP.NET
    status:
      code: 201
      message: Created
- request:
    body: null
    headers:
      Accept:
      - application/json
      Accept-Encoding:
      - gzip, deflate
      CommandName:
      - cdn endpoint create
      Connection:
      - keep-alive
      ParameterSetName:
      - -g -n --profile-name --origin
      User-Agent:
      - python/3.7.4 (Windows-10-10.0.18362-SP0) msrest/0.6.10 msrest_azure/0.6.2
        azure-mgmt-cdn/3.1.0 Azure-SDK-For-Python AZURECLI/2.0.75
    method: GET
    uri: https://management.azure.com/subscriptions/00000000-0000-0000-0000-000000000000/resourcegroups/clitest.rg000001/providers/Microsoft.Cdn/operationresults/911d179e-a26b-464e-856d-d1f90b54521e?api-version=2017-10-12
  response:
    body:
      string: "{\r\n  \"status\":\"InProgress\",\"error\":{\r\n    \"code\":\"None\",\"message\":null\r\n
        \ }\r\n}"
    headers:
      cache-control:
      - no-cache
      content-length:
      - '78'
      content-type:
      - application/json; odata.metadata=minimal
      date:
      - Wed, 16 Oct 2019 15:06:45 GMT
      expires:
      - '-1'
      odata-version:
      - '4.0'
      pragma:
      - no-cache
      server:
      - Microsoft-IIS/8.5
      strict-transport-security:
      - max-age=31536000; includeSubDomains
      transfer-encoding:
      - chunked
      vary:
      - Accept-Encoding
      x-aspnet-version:
      - 4.0.30319
      x-content-type-options:
      - nosniff
      x-powered-by:
      - ASP.NET
    status:
      code: 200
      message: OK
- request:
    body: null
    headers:
      Accept:
      - application/json
      Accept-Encoding:
      - gzip, deflate
      CommandName:
      - cdn endpoint create
      Connection:
      - keep-alive
      ParameterSetName:
      - -g -n --profile-name --origin
      User-Agent:
      - python/3.7.4 (Windows-10-10.0.18362-SP0) msrest/0.6.10 msrest_azure/0.6.2
        azure-mgmt-cdn/3.1.0 Azure-SDK-For-Python AZURECLI/2.0.75
    method: GET
    uri: https://management.azure.com/subscriptions/00000000-0000-0000-0000-000000000000/resourcegroups/clitest.rg000001/providers/Microsoft.Cdn/operationresults/911d179e-a26b-464e-856d-d1f90b54521e?api-version=2017-10-12
  response:
    body:
      string: "{\r\n  \"status\":\"Succeeded\",\"error\":{\r\n    \"code\":\"None\",\"message\":null\r\n
        \ }\r\n}"
    headers:
      cache-control:
      - no-cache
      content-length:
      - '77'
      content-type:
      - application/json; odata.metadata=minimal
      date:
      - Wed, 16 Oct 2019 15:07:17 GMT
      expires:
      - '-1'
      odata-version:
      - '4.0'
      pragma:
      - no-cache
      server:
      - Microsoft-IIS/8.5
      strict-transport-security:
      - max-age=31536000; includeSubDomains
      transfer-encoding:
      - chunked
      vary:
      - Accept-Encoding
      x-aspnet-version:
      - 4.0.30319
      x-content-type-options:
      - nosniff
      x-powered-by:
      - ASP.NET
    status:
      code: 200
      message: OK
- request:
    body: null
    headers:
      Accept:
      - application/json
      Accept-Encoding:
      - gzip, deflate
      CommandName:
      - cdn endpoint create
      Connection:
      - keep-alive
      ParameterSetName:
      - -g -n --profile-name --origin
      User-Agent:
      - python/3.7.4 (Windows-10-10.0.18362-SP0) msrest/0.6.10 msrest_azure/0.6.2
        azure-mgmt-cdn/3.1.0 Azure-SDK-For-Python AZURECLI/2.0.75
    method: GET
    uri: https://management.azure.com/subscriptions/00000000-0000-0000-0000-000000000000/resourceGroups/clitest.rg000001/providers/Microsoft.Cdn/profiles/Premium-Verizon-profile/endpoints/endpoint000004?api-version=2017-10-12
  response:
    body:
      string: "{\r\n  \"name\":\"endpoint000004\",\"id\":\"/subscriptions/00000000-0000-0000-0000-000000000000/resourcegroups/clitest.rg000001/providers/Microsoft.Cdn/profiles/Premium-Verizon-profile/endpoints/endpoint000004\",\"type\":\"Microsoft.Cdn/profiles/endpoints\",\"tags\":{\r\n
        \   \r\n  },\"location\":\"WestUs\",\"properties\":{\r\n    \"hostName\":\"endpoint000004.azureedge.net\",\"originHostHeader\":null,\"provisioningState\":\"Succeeded\",\"resourceState\":\"Running\",\"isHttpAllowed\":true,\"isHttpsAllowed\":true,\"queryStringCachingBehavior\":\"NotSet\",\"originPath\":null,\"origins\":[\r\n
        \     {\r\n        \"name\":\"origin-0\",\"properties\":{\r\n          \"hostName\":\"www.example.com\",\"httpPort\":80,\"httpsPort\":443\r\n
        \       }\r\n      }\r\n    ],\"customDomains\":[\r\n      \r\n    ],\"contentTypesToCompress\":[\r\n
        \     \r\n    ],\"isCompressionEnabled\":false,\"optimizationType\":null,\"probePath\":null,\"geoFilters\":[\r\n
        \     \r\n    ],\"deliveryPolicy\":null\r\n  }\r\n}"
    headers:
      cache-control:
      - no-cache
      content-length:
      - '980'
      content-type:
      - application/json; odata.metadata=minimal
      date:
      - Wed, 16 Oct 2019 15:07:19 GMT
      expires:
      - '-1'
      odata-version:
      - '4.0'
      pragma:
      - no-cache
      server:
      - Microsoft-IIS/8.5
      strict-transport-security:
      - max-age=31536000; includeSubDomains
      transfer-encoding:
      - chunked
      vary:
      - Accept-Encoding
      x-aspnet-version:
      - 4.0.30319
      x-content-type-options:
      - nosniff
      x-powered-by:
      - ASP.NET
    status:
      code: 200
      message: OK
version: 1
