interactions:
- request:
    body: null
    headers:
      Accept:
      - application/json
      Accept-Encoding:
      - gzip, deflate
      CommandName:
      - cosmosdb create
      Connection:
      - keep-alive
      ParameterSetName:
      - -n -g --capabilities
      User-Agent:
      - python/3.7.4 (Windows-10-10.0.18362-SP0) msrest/0.6.10 msrest_azure/0.6.2
        azure-mgmt-resource/4.0.0 Azure-SDK-For-Python AZURECLI/2.0.75
      accept-language:
      - en-US
    method: GET
    uri: https://management.azure.com/subscriptions/00000000-0000-0000-0000-000000000000/resourcegroups/cli_test_cosmosdb_gremlin_graph000001?api-version=2019-07-01
  response:
    body:
      string: '{"id":"/subscriptions/00000000-0000-0000-0000-000000000000/resourceGroups/cli_test_cosmosdb_gremlin_graph000001","name":"cli_test_cosmosdb_gremlin_graph000001","type":"Microsoft.Resources/resourceGroups","location":"westus","tags":{"product":"azurecli","cause":"automation","date":"2019-10-16T16:30:41Z"},"properties":{"provisioningState":"Succeeded"}}'
    headers:
      cache-control:
      - no-cache
      content-length:
      - '428'
      content-type:
      - application/json; charset=utf-8
      date:
      - Wed, 16 Oct 2019 16:30:44 GMT
      expires:
      - '-1'
      pragma:
      - no-cache
      strict-transport-security:
      - max-age=31536000; includeSubDomains
      vary:
      - Accept-Encoding
      x-content-type-options:
      - nosniff
    status:
      code: 200
      message: OK
- request:
    body: '{"location": "westus", "kind": "GlobalDocumentDB", "properties": {"locations":
      [{"locationName": "westus", "failoverPriority": 0, "isZoneRedundant": false}],
      "databaseAccountOfferType": "Standard", "capabilities": [{"name": "EnableGremlin"}]}}'
    headers:
      Accept:
      - application/json
      Accept-Encoding:
      - gzip, deflate
      CommandName:
      - cosmosdb create
      Connection:
      - keep-alive
      Content-Length:
      - '243'
      Content-Type:
      - application/json; charset=utf-8
      ParameterSetName:
      - -n -g --capabilities
      User-Agent:
      - python/3.7.4 (Windows-10-10.0.18362-SP0) msrest/0.6.10 msrest_azure/0.6.2
        azure-mgmt-cosmosdb/0.8.0 Azure-SDK-For-Python AZURECLI/2.0.75
      accept-language:
      - en-US
    method: PUT
    uri: https://management.azure.com/subscriptions/00000000-0000-0000-0000-000000000000/resourceGroups/cli_test_cosmosdb_gremlin_graph000001/providers/Microsoft.DocumentDB/databaseAccounts/cli000004?api-version=2015-04-08
  response:
    body:
      string: '{"id":"/subscriptions/00000000-0000-0000-0000-000000000000/resourceGroups/cli_test_cosmosdb_gremlin_graph000001/providers/Microsoft.DocumentDB/databaseAccounts/cli000004","name":"cli000004","location":"West
        US","type":"Microsoft.DocumentDB/databaseAccounts","kind":"GlobalDocumentDB","tags":{},"properties":{"provisioningState":"Initializing","ipRangeFilter":"","enableAutomaticFailover":false,"enableMultipleWriteLocations":false,"enablePartitionKeyMonitor":false,"isVirtualNetworkFilterEnabled":false,"virtualNetworkRules":[],"EnabledApiTypes":"Gremlin,
        Sql","disableKeyBasedMetadataWriteAccess":false,"databaseAccountOfferType":"Standard","consistencyPolicy":{"defaultConsistencyLevel":"Session","maxIntervalInSeconds":5,"maxStalenessPrefix":100},"configurationOverrides":{},"writeLocations":[{"id":"cli000004-westus","locationName":"West
        US","provisioningState":"Initializing","failoverPriority":0,"isZoneRedundant":false}],"readLocations":[{"id":"cli000004-westus","locationName":"West
        US","provisioningState":"Initializing","failoverPriority":0,"isZoneRedundant":false}],"locations":[{"id":"cli000004-westus","locationName":"West
        US","provisioningState":"Initializing","failoverPriority":0,"isZoneRedundant":false}],"failoverPolicies":[{"id":"cli000004-westus","locationName":"West
        US","failoverPriority":0}],"cors":[],"capabilities":[{"name":"EnableGremlin"}]}}'
    headers:
      azure-asyncoperation:
      - https://management.azure.com/subscriptions/00000000-0000-0000-0000-000000000000/providers/Microsoft.DocumentDB/locations/westus/operationsStatus/487daea2-8711-4997-934e-642828fe15e4?api-version=2015-04-08
      cache-control:
      - no-store, no-cache
      content-length:
      - '1442'
      content-location:
      - https://management.documents.azure.com:450/subscriptions/0b1f6471-1bf0-4dda-aec3-cb9272f09590/resourceGroups/cli_test_cosmosdb_gremlin_grapht6lcntwb7ontyxdaijlbdgi7643fw7xxofptwldrvkka/providers/Microsoft.DocumentDB/databaseAccounts/cliadzoiblxd2a4?api-version=2015-04-08
      content-type:
      - application/json
      date:
      - Wed, 16 Oct 2019 16:30:49 GMT
      location:
      - https://management.azure.com/subscriptions/00000000-0000-0000-0000-000000000000/resourceGroups/cli_test_cosmosdb_gremlin_graph000001/providers/Microsoft.DocumentDB/databaseAccounts/cli000004/operationResults/487daea2-8711-4997-934e-642828fe15e4?api-version=2015-04-08
      pragma:
      - no-cache
      server:
      - Microsoft-HTTPAPI/2.0
      strict-transport-security:
      - max-age=31536000; includeSubDomains
      transfer-encoding:
      - chunked
      vary:
      - Accept-Encoding
      x-content-type-options:
      - nosniff
      x-ms-gatewayversion:
      - version=2.7.0
      x-ms-ratelimit-remaining-subscription-writes:
      - '1191'
    status:
      code: 200
      message: Ok
- request:
    body: null
    headers:
      Accept:
      - application/json
      Accept-Encoding:
      - gzip, deflate
      CommandName:
      - cosmosdb create
      Connection:
      - keep-alive
      ParameterSetName:
      - -n -g --capabilities
      User-Agent:
      - python/3.7.4 (Windows-10-10.0.18362-SP0) msrest/0.6.10 msrest_azure/0.6.2
        azure-mgmt-cosmosdb/0.8.0 Azure-SDK-For-Python AZURECLI/2.0.75
    method: GET
    uri: https://management.azure.com/subscriptions/00000000-0000-0000-0000-000000000000/providers/Microsoft.DocumentDB/locations/westus/operationsStatus/487daea2-8711-4997-934e-642828fe15e4?api-version=2015-04-08
  response:
    body:
      string: '{"status":"Dequeued","error":{}}'
    headers:
      cache-control:
      - no-store, no-cache
      content-length:
      - '32'
      content-location:
      - https://management.documents.azure.com:450/subscriptions/0b1f6471-1bf0-4dda-aec3-cb9272f09590/providers/Microsoft.DocumentDB/locations/westus/operationsStatus/487daea2-8711-4997-934e-642828fe15e4?api-version=2015-04-08
      content-type:
      - application/json
      date:
      - Wed, 16 Oct 2019 16:31:21 GMT
      pragma:
      - no-cache
      server:
      - Microsoft-HTTPAPI/2.0
      strict-transport-security:
      - max-age=31536000; includeSubDomains
      transfer-encoding:
      - chunked
      vary:
      - Accept-Encoding
      x-content-type-options:
      - nosniff
      x-ms-gatewayversion:
      - version=2.7.0
    status:
      code: 200
      message: Ok
- request:
    body: null
    headers:
      Accept:
      - application/json
      Accept-Encoding:
      - gzip, deflate
      CommandName:
      - cosmosdb create
      Connection:
      - keep-alive
      ParameterSetName:
      - -n -g --capabilities
      User-Agent:
      - python/3.7.4 (Windows-10-10.0.18362-SP0) msrest/0.6.10 msrest_azure/0.6.2
        azure-mgmt-cosmosdb/0.8.0 Azure-SDK-For-Python AZURECLI/2.0.75
    method: GET
    uri: https://management.azure.com/subscriptions/00000000-0000-0000-0000-000000000000/providers/Microsoft.DocumentDB/locations/westus/operationsStatus/487daea2-8711-4997-934e-642828fe15e4?api-version=2015-04-08
  response:
    body:
      string: '{"status":"Dequeued","error":{}}'
    headers:
      cache-control:
      - no-store, no-cache
      content-length:
      - '32'
      content-location:
      - https://management.documents.azure.com:450/subscriptions/0b1f6471-1bf0-4dda-aec3-cb9272f09590/providers/Microsoft.DocumentDB/locations/westus/operationsStatus/487daea2-8711-4997-934e-642828fe15e4?api-version=2015-04-08
      content-type:
      - application/json
      date:
      - Wed, 16 Oct 2019 16:31:52 GMT
      pragma:
      - no-cache
      server:
      - Microsoft-HTTPAPI/2.0
      strict-transport-security:
      - max-age=31536000; includeSubDomains
      transfer-encoding:
      - chunked
      vary:
      - Accept-Encoding
      x-content-type-options:
      - nosniff
      x-ms-gatewayversion:
      - version=2.7.0
    status:
      code: 200
      message: Ok
- request:
    body: null
    headers:
      Accept:
      - application/json
      Accept-Encoding:
      - gzip, deflate
      CommandName:
      - cosmosdb create
      Connection:
      - keep-alive
      ParameterSetName:
      - -n -g --capabilities
      User-Agent:
      - python/3.7.4 (Windows-10-10.0.18362-SP0) msrest/0.6.10 msrest_azure/0.6.2
        azure-mgmt-cosmosdb/0.8.0 Azure-SDK-For-Python AZURECLI/2.0.75
    method: GET
    uri: https://management.azure.com/subscriptions/00000000-0000-0000-0000-000000000000/providers/Microsoft.DocumentDB/locations/westus/operationsStatus/487daea2-8711-4997-934e-642828fe15e4?api-version=2015-04-08
  response:
    body:
      string: '{"status":"Dequeued","error":{}}'
    headers:
      cache-control:
      - no-store, no-cache
      content-length:
      - '32'
      content-location:
      - https://management.documents.azure.com:450/subscriptions/0b1f6471-1bf0-4dda-aec3-cb9272f09590/providers/Microsoft.DocumentDB/locations/westus/operationsStatus/487daea2-8711-4997-934e-642828fe15e4?api-version=2015-04-08
      content-type:
      - application/json
      date:
      - Wed, 16 Oct 2019 16:32:23 GMT
      pragma:
      - no-cache
      server:
      - Microsoft-HTTPAPI/2.0
      strict-transport-security:
      - max-age=31536000; includeSubDomains
      transfer-encoding:
      - chunked
      vary:
      - Accept-Encoding
      x-content-type-options:
      - nosniff
      x-ms-gatewayversion:
      - version=2.7.0
    status:
      code: 200
      message: Ok
- request:
    body: null
    headers:
      Accept:
      - application/json
      Accept-Encoding:
      - gzip, deflate
      CommandName:
      - cosmosdb create
      Connection:
      - keep-alive
      ParameterSetName:
      - -n -g --capabilities
      User-Agent:
      - python/3.7.4 (Windows-10-10.0.18362-SP0) msrest/0.6.10 msrest_azure/0.6.2
        azure-mgmt-cosmosdb/0.8.0 Azure-SDK-For-Python AZURECLI/2.0.75
    method: GET
    uri: https://management.azure.com/subscriptions/00000000-0000-0000-0000-000000000000/providers/Microsoft.DocumentDB/locations/westus/operationsStatus/487daea2-8711-4997-934e-642828fe15e4?api-version=2015-04-08
  response:
    body:
      string: '{"status":"Dequeued","error":{}}'
    headers:
      cache-control:
      - no-store, no-cache
      content-length:
      - '32'
      content-location:
      - https://management.documents.azure.com:450/subscriptions/0b1f6471-1bf0-4dda-aec3-cb9272f09590/providers/Microsoft.DocumentDB/locations/westus/operationsStatus/487daea2-8711-4997-934e-642828fe15e4?api-version=2015-04-08
      content-type:
      - application/json
      date:
      - Wed, 16 Oct 2019 16:32:53 GMT
      pragma:
      - no-cache
      server:
      - Microsoft-HTTPAPI/2.0
      strict-transport-security:
      - max-age=31536000; includeSubDomains
      transfer-encoding:
      - chunked
      vary:
      - Accept-Encoding
      x-content-type-options:
      - nosniff
      x-ms-gatewayversion:
      - version=2.7.0
    status:
      code: 200
      message: Ok
- request:
    body: null
    headers:
      Accept:
      - application/json
      Accept-Encoding:
      - gzip, deflate
      CommandName:
      - cosmosdb create
      Connection:
      - keep-alive
      ParameterSetName:
      - -n -g --capabilities
      User-Agent:
      - python/3.7.4 (Windows-10-10.0.18362-SP0) msrest/0.6.10 msrest_azure/0.6.2
        azure-mgmt-cosmosdb/0.8.0 Azure-SDK-For-Python AZURECLI/2.0.75
    method: GET
    uri: https://management.azure.com/subscriptions/00000000-0000-0000-0000-000000000000/providers/Microsoft.DocumentDB/locations/westus/operationsStatus/487daea2-8711-4997-934e-642828fe15e4?api-version=2015-04-08
  response:
    body:
      string: '{"status":"Dequeued","error":{}}'
    headers:
      cache-control:
      - no-store, no-cache
      content-length:
      - '32'
      content-location:
      - https://management.documents.azure.com:450/subscriptions/0b1f6471-1bf0-4dda-aec3-cb9272f09590/providers/Microsoft.DocumentDB/locations/westus/operationsStatus/487daea2-8711-4997-934e-642828fe15e4?api-version=2015-04-08
      content-type:
      - application/json
      date:
      - Wed, 16 Oct 2019 16:33:25 GMT
      pragma:
      - no-cache
      server:
      - Microsoft-HTTPAPI/2.0
      strict-transport-security:
      - max-age=31536000; includeSubDomains
      transfer-encoding:
      - chunked
      vary:
      - Accept-Encoding
      x-content-type-options:
      - nosniff
      x-ms-gatewayversion:
      - version=2.7.0
    status:
      code: 200
      message: Ok
- request:
    body: null
    headers:
      Accept:
      - application/json
      Accept-Encoding:
      - gzip, deflate
      CommandName:
      - cosmosdb create
      Connection:
      - keep-alive
      ParameterSetName:
      - -n -g --capabilities
      User-Agent:
      - python/3.7.4 (Windows-10-10.0.18362-SP0) msrest/0.6.10 msrest_azure/0.6.2
        azure-mgmt-cosmosdb/0.8.0 Azure-SDK-For-Python AZURECLI/2.0.75
    method: GET
    uri: https://management.azure.com/subscriptions/00000000-0000-0000-0000-000000000000/providers/Microsoft.DocumentDB/locations/westus/operationsStatus/487daea2-8711-4997-934e-642828fe15e4?api-version=2015-04-08
  response:
    body:
      string: '{"status":"Dequeued","error":{}}'
    headers:
      cache-control:
      - no-store, no-cache
      content-length:
      - '32'
      content-location:
      - https://management.documents.azure.com:450/subscriptions/0b1f6471-1bf0-4dda-aec3-cb9272f09590/providers/Microsoft.DocumentDB/locations/westus/operationsStatus/487daea2-8711-4997-934e-642828fe15e4?api-version=2015-04-08
      content-type:
      - application/json
      date:
      - Wed, 16 Oct 2019 16:33:56 GMT
      pragma:
      - no-cache
      server:
      - Microsoft-HTTPAPI/2.0
      strict-transport-security:
      - max-age=31536000; includeSubDomains
      transfer-encoding:
      - chunked
      vary:
      - Accept-Encoding
      x-content-type-options:
      - nosniff
      x-ms-gatewayversion:
      - version=2.7.0
    status:
      code: 200
      message: Ok
- request:
    body: null
    headers:
      Accept:
      - application/json
      Accept-Encoding:
      - gzip, deflate
      CommandName:
      - cosmosdb create
      Connection:
      - keep-alive
      ParameterSetName:
      - -n -g --capabilities
      User-Agent:
      - python/3.7.4 (Windows-10-10.0.18362-SP0) msrest/0.6.10 msrest_azure/0.6.2
        azure-mgmt-cosmosdb/0.8.0 Azure-SDK-For-Python AZURECLI/2.0.75
    method: GET
    uri: https://management.azure.com/subscriptions/00000000-0000-0000-0000-000000000000/providers/Microsoft.DocumentDB/locations/westus/operationsStatus/487daea2-8711-4997-934e-642828fe15e4?api-version=2015-04-08
  response:
    body:
      string: '{"status":"Dequeued","error":{}}'
    headers:
      cache-control:
      - no-store, no-cache
      content-length:
      - '32'
      content-location:
      - https://management.documents.azure.com:450/subscriptions/0b1f6471-1bf0-4dda-aec3-cb9272f09590/providers/Microsoft.DocumentDB/locations/westus/operationsStatus/487daea2-8711-4997-934e-642828fe15e4?api-version=2015-04-08
      content-type:
      - application/json
      date:
      - Wed, 16 Oct 2019 16:34:27 GMT
      pragma:
      - no-cache
      server:
      - Microsoft-HTTPAPI/2.0
      strict-transport-security:
      - max-age=31536000; includeSubDomains
      transfer-encoding:
      - chunked
      vary:
      - Accept-Encoding
      x-content-type-options:
      - nosniff
      x-ms-gatewayversion:
      - version=2.7.0
    status:
      code: 200
      message: Ok
- request:
    body: null
    headers:
      Accept:
      - application/json
      Accept-Encoding:
      - gzip, deflate
      CommandName:
      - cosmosdb create
      Connection:
      - keep-alive
      ParameterSetName:
      - -n -g --capabilities
      User-Agent:
      - python/3.7.4 (Windows-10-10.0.18362-SP0) msrest/0.6.10 msrest_azure/0.6.2
        azure-mgmt-cosmosdb/0.8.0 Azure-SDK-For-Python AZURECLI/2.0.75
    method: GET
    uri: https://management.azure.com/subscriptions/00000000-0000-0000-0000-000000000000/providers/Microsoft.DocumentDB/locations/westus/operationsStatus/487daea2-8711-4997-934e-642828fe15e4?api-version=2015-04-08
  response:
    body:
      string: '{"status":"Dequeued","error":{}}'
    headers:
      cache-control:
      - no-store, no-cache
      content-length:
      - '32'
      content-location:
      - https://management.documents.azure.com:450/subscriptions/0b1f6471-1bf0-4dda-aec3-cb9272f09590/providers/Microsoft.DocumentDB/locations/westus/operationsStatus/487daea2-8711-4997-934e-642828fe15e4?api-version=2015-04-08
      content-type:
      - application/json
      date:
      - Wed, 16 Oct 2019 16:34:57 GMT
      pragma:
      - no-cache
      server:
      - Microsoft-HTTPAPI/2.0
      strict-transport-security:
      - max-age=31536000; includeSubDomains
      transfer-encoding:
      - chunked
      vary:
      - Accept-Encoding
      x-content-type-options:
      - nosniff
      x-ms-gatewayversion:
      - version=2.7.0
    status:
      code: 200
      message: Ok
- request:
    body: null
    headers:
      Accept:
      - application/json
      Accept-Encoding:
      - gzip, deflate
      CommandName:
      - cosmosdb create
      Connection:
      - keep-alive
      ParameterSetName:
      - -n -g --capabilities
      User-Agent:
      - python/3.7.4 (Windows-10-10.0.18362-SP0) msrest/0.6.10 msrest_azure/0.6.2
        azure-mgmt-cosmosdb/0.8.0 Azure-SDK-For-Python AZURECLI/2.0.75
    method: GET
    uri: https://management.azure.com/subscriptions/00000000-0000-0000-0000-000000000000/providers/Microsoft.DocumentDB/locations/westus/operationsStatus/487daea2-8711-4997-934e-642828fe15e4?api-version=2015-04-08
  response:
    body:
      string: '{"status":"Dequeued","error":{}}'
    headers:
      cache-control:
      - no-store, no-cache
      content-length:
      - '32'
      content-location:
      - https://management.documents.azure.com:450/subscriptions/0b1f6471-1bf0-4dda-aec3-cb9272f09590/providers/Microsoft.DocumentDB/locations/westus/operationsStatus/487daea2-8711-4997-934e-642828fe15e4?api-version=2015-04-08
      content-type:
      - application/json
      date:
      - Wed, 16 Oct 2019 16:35:29 GMT
      pragma:
      - no-cache
      server:
      - Microsoft-HTTPAPI/2.0
      strict-transport-security:
      - max-age=31536000; includeSubDomains
      transfer-encoding:
      - chunked
      vary:
      - Accept-Encoding
      x-content-type-options:
      - nosniff
      x-ms-gatewayversion:
      - version=2.7.0
    status:
      code: 200
      message: Ok
- request:
    body: null
    headers:
      Accept:
      - application/json
      Accept-Encoding:
      - gzip, deflate
      CommandName:
      - cosmosdb create
      Connection:
      - keep-alive
      ParameterSetName:
      - -n -g --capabilities
      User-Agent:
      - python/3.7.4 (Windows-10-10.0.18362-SP0) msrest/0.6.10 msrest_azure/0.6.2
        azure-mgmt-cosmosdb/0.8.0 Azure-SDK-For-Python AZURECLI/2.0.75
    method: GET
    uri: https://management.azure.com/subscriptions/00000000-0000-0000-0000-000000000000/providers/Microsoft.DocumentDB/locations/westus/operationsStatus/487daea2-8711-4997-934e-642828fe15e4?api-version=2015-04-08
  response:
    body:
      string: '{"status":"Dequeued","error":{}}'
    headers:
      cache-control:
      - no-store, no-cache
      content-length:
      - '32'
      content-location:
      - https://management.documents.azure.com:450/subscriptions/0b1f6471-1bf0-4dda-aec3-cb9272f09590/providers/Microsoft.DocumentDB/locations/westus/operationsStatus/487daea2-8711-4997-934e-642828fe15e4?api-version=2015-04-08
      content-type:
      - application/json
      date:
      - Wed, 16 Oct 2019 16:35:59 GMT
      pragma:
      - no-cache
      server:
      - Microsoft-HTTPAPI/2.0
      strict-transport-security:
      - max-age=31536000; includeSubDomains
      transfer-encoding:
      - chunked
      vary:
      - Accept-Encoding
      x-content-type-options:
      - nosniff
      x-ms-gatewayversion:
      - version=2.7.0
    status:
      code: 200
      message: Ok
- request:
    body: null
    headers:
      Accept:
      - application/json
      Accept-Encoding:
      - gzip, deflate
      CommandName:
      - cosmosdb create
      Connection:
      - keep-alive
      ParameterSetName:
      - -n -g --capabilities
      User-Agent:
      - python/3.7.4 (Windows-10-10.0.18362-SP0) msrest/0.6.10 msrest_azure/0.6.2
        azure-mgmt-cosmosdb/0.8.0 Azure-SDK-For-Python AZURECLI/2.0.75
    method: GET
    uri: https://management.azure.com/subscriptions/00000000-0000-0000-0000-000000000000/providers/Microsoft.DocumentDB/locations/westus/operationsStatus/487daea2-8711-4997-934e-642828fe15e4?api-version=2015-04-08
  response:
    body:
      string: '{"status":"Dequeued","error":{}}'
    headers:
      cache-control:
      - no-store, no-cache
      content-length:
      - '32'
      content-location:
      - https://management.documents.azure.com:450/subscriptions/0b1f6471-1bf0-4dda-aec3-cb9272f09590/providers/Microsoft.DocumentDB/locations/westus/operationsStatus/487daea2-8711-4997-934e-642828fe15e4?api-version=2015-04-08
      content-type:
      - application/json
      date:
      - Wed, 16 Oct 2019 16:36:31 GMT
      pragma:
      - no-cache
      server:
      - Microsoft-HTTPAPI/2.0
      strict-transport-security:
      - max-age=31536000; includeSubDomains
      transfer-encoding:
      - chunked
      vary:
      - Accept-Encoding
      x-content-type-options:
      - nosniff
      x-ms-gatewayversion:
      - version=2.7.0
    status:
      code: 200
      message: Ok
- request:
    body: null
    headers:
      Accept:
      - application/json
      Accept-Encoding:
      - gzip, deflate
      CommandName:
      - cosmosdb create
      Connection:
      - keep-alive
      ParameterSetName:
      - -n -g --capabilities
      User-Agent:
      - python/3.7.4 (Windows-10-10.0.18362-SP0) msrest/0.6.10 msrest_azure/0.6.2
        azure-mgmt-cosmosdb/0.8.0 Azure-SDK-For-Python AZURECLI/2.0.75
    method: GET
    uri: https://management.azure.com/subscriptions/00000000-0000-0000-0000-000000000000/providers/Microsoft.DocumentDB/locations/westus/operationsStatus/487daea2-8711-4997-934e-642828fe15e4?api-version=2015-04-08
  response:
    body:
      string: '{"status":"Dequeued","error":{}}'
    headers:
      cache-control:
      - no-store, no-cache
      content-length:
      - '32'
      content-location:
      - https://management.documents.azure.com:450/subscriptions/0b1f6471-1bf0-4dda-aec3-cb9272f09590/providers/Microsoft.DocumentDB/locations/westus/operationsStatus/487daea2-8711-4997-934e-642828fe15e4?api-version=2015-04-08
      content-type:
      - application/json
      date:
      - Wed, 16 Oct 2019 16:37:01 GMT
      pragma:
      - no-cache
      server:
      - Microsoft-HTTPAPI/2.0
      strict-transport-security:
      - max-age=31536000; includeSubDomains
      transfer-encoding:
      - chunked
      vary:
      - Accept-Encoding
      x-content-type-options:
      - nosniff
      x-ms-gatewayversion:
      - version=2.7.0
    status:
      code: 200
      message: Ok
- request:
    body: null
    headers:
      Accept:
      - application/json
      Accept-Encoding:
      - gzip, deflate
      CommandName:
      - cosmosdb create
      Connection:
      - keep-alive
      ParameterSetName:
      - -n -g --capabilities
      User-Agent:
      - python/3.7.4 (Windows-10-10.0.18362-SP0) msrest/0.6.10 msrest_azure/0.6.2
        azure-mgmt-cosmosdb/0.8.0 Azure-SDK-For-Python AZURECLI/2.0.75
    method: GET
    uri: https://management.azure.com/subscriptions/00000000-0000-0000-0000-000000000000/providers/Microsoft.DocumentDB/locations/westus/operationsStatus/487daea2-8711-4997-934e-642828fe15e4?api-version=2015-04-08
  response:
    body:
      string: '{"status":"Dequeued","error":{}}'
    headers:
      cache-control:
      - no-store, no-cache
      content-length:
      - '32'
      content-location:
      - https://management.documents.azure.com:450/subscriptions/0b1f6471-1bf0-4dda-aec3-cb9272f09590/providers/Microsoft.DocumentDB/locations/westus/operationsStatus/487daea2-8711-4997-934e-642828fe15e4?api-version=2015-04-08
      content-type:
      - application/json
      date:
      - Wed, 16 Oct 2019 16:37:32 GMT
      pragma:
      - no-cache
      server:
      - Microsoft-HTTPAPI/2.0
      strict-transport-security:
      - max-age=31536000; includeSubDomains
      transfer-encoding:
      - chunked
      vary:
      - Accept-Encoding
      x-content-type-options:
      - nosniff
      x-ms-gatewayversion:
      - version=2.7.0
    status:
      code: 200
      message: Ok
- request:
    body: null
    headers:
      Accept:
      - application/json
      Accept-Encoding:
      - gzip, deflate
      CommandName:
      - cosmosdb create
      Connection:
      - keep-alive
      ParameterSetName:
      - -n -g --capabilities
      User-Agent:
      - python/3.7.4 (Windows-10-10.0.18362-SP0) msrest/0.6.10 msrest_azure/0.6.2
        azure-mgmt-cosmosdb/0.8.0 Azure-SDK-For-Python AZURECLI/2.0.75
    method: GET
    uri: https://management.azure.com/subscriptions/00000000-0000-0000-0000-000000000000/providers/Microsoft.DocumentDB/locations/westus/operationsStatus/487daea2-8711-4997-934e-642828fe15e4?api-version=2015-04-08
  response:
    body:
      string: '{"status":"Dequeued","error":{}}'
    headers:
      cache-control:
      - no-store, no-cache
      content-length:
      - '32'
      content-location:
      - https://management.documents.azure.com:450/subscriptions/0b1f6471-1bf0-4dda-aec3-cb9272f09590/providers/Microsoft.DocumentDB/locations/westus/operationsStatus/487daea2-8711-4997-934e-642828fe15e4?api-version=2015-04-08
      content-type:
      - application/json
      date:
      - Wed, 16 Oct 2019 16:38:03 GMT
      pragma:
      - no-cache
      server:
      - Microsoft-HTTPAPI/2.0
      strict-transport-security:
      - max-age=31536000; includeSubDomains
      transfer-encoding:
      - chunked
      vary:
      - Accept-Encoding
      x-content-type-options:
      - nosniff
      x-ms-gatewayversion:
      - version=2.7.0
    status:
      code: 200
      message: Ok
- request:
    body: null
    headers:
      Accept:
      - application/json
      Accept-Encoding:
      - gzip, deflate
      CommandName:
      - cosmosdb create
      Connection:
      - keep-alive
      ParameterSetName:
      - -n -g --capabilities
      User-Agent:
      - python/3.7.4 (Windows-10-10.0.18362-SP0) msrest/0.6.10 msrest_azure/0.6.2
        azure-mgmt-cosmosdb/0.8.0 Azure-SDK-For-Python AZURECLI/2.0.75
    method: GET
    uri: https://management.azure.com/subscriptions/00000000-0000-0000-0000-000000000000/providers/Microsoft.DocumentDB/locations/westus/operationsStatus/487daea2-8711-4997-934e-642828fe15e4?api-version=2015-04-08
  response:
    body:
      string: '{"status":"Dequeued","error":{}}'
    headers:
      cache-control:
      - no-store, no-cache
      content-length:
      - '32'
      content-location:
      - https://management.documents.azure.com:450/subscriptions/0b1f6471-1bf0-4dda-aec3-cb9272f09590/providers/Microsoft.DocumentDB/locations/westus/operationsStatus/487daea2-8711-4997-934e-642828fe15e4?api-version=2015-04-08
      content-type:
      - application/json
      date:
      - Wed, 16 Oct 2019 16:38:34 GMT
      pragma:
      - no-cache
      server:
      - Microsoft-HTTPAPI/2.0
      strict-transport-security:
      - max-age=31536000; includeSubDomains
      transfer-encoding:
      - chunked
      vary:
      - Accept-Encoding
      x-content-type-options:
      - nosniff
      x-ms-gatewayversion:
      - version=2.7.0
    status:
      code: 200
      message: Ok
- request:
    body: null
    headers:
      Accept:
      - application/json
      Accept-Encoding:
      - gzip, deflate
      CommandName:
      - cosmosdb create
      Connection:
      - keep-alive
      ParameterSetName:
      - -n -g --capabilities
      User-Agent:
      - python/3.7.4 (Windows-10-10.0.18362-SP0) msrest/0.6.10 msrest_azure/0.6.2
        azure-mgmt-cosmosdb/0.8.0 Azure-SDK-For-Python AZURECLI/2.0.75
    method: GET
    uri: https://management.azure.com/subscriptions/00000000-0000-0000-0000-000000000000/providers/Microsoft.DocumentDB/locations/westus/operationsStatus/487daea2-8711-4997-934e-642828fe15e4?api-version=2015-04-08
  response:
    body:
      string: '{"status":"Dequeued","error":{}}'
    headers:
      cache-control:
      - no-store, no-cache
      content-length:
      - '32'
      content-location:
      - https://management.documents.azure.com:450/subscriptions/0b1f6471-1bf0-4dda-aec3-cb9272f09590/providers/Microsoft.DocumentDB/locations/westus/operationsStatus/487daea2-8711-4997-934e-642828fe15e4?api-version=2015-04-08
      content-type:
      - application/json
      date:
      - Wed, 16 Oct 2019 16:39:05 GMT
      pragma:
      - no-cache
      server:
      - Microsoft-HTTPAPI/2.0
      strict-transport-security:
      - max-age=31536000; includeSubDomains
      transfer-encoding:
      - chunked
      vary:
      - Accept-Encoding
      x-content-type-options:
      - nosniff
      x-ms-gatewayversion:
      - version=2.7.0
    status:
      code: 200
      message: Ok
- request:
    body: null
    headers:
      Accept:
      - application/json
      Accept-Encoding:
      - gzip, deflate
      CommandName:
      - cosmosdb create
      Connection:
      - keep-alive
      ParameterSetName:
      - -n -g --capabilities
      User-Agent:
      - python/3.7.4 (Windows-10-10.0.18362-SP0) msrest/0.6.10 msrest_azure/0.6.2
        azure-mgmt-cosmosdb/0.8.0 Azure-SDK-For-Python AZURECLI/2.0.75
    method: GET
    uri: https://management.azure.com/subscriptions/00000000-0000-0000-0000-000000000000/providers/Microsoft.DocumentDB/locations/westus/operationsStatus/487daea2-8711-4997-934e-642828fe15e4?api-version=2015-04-08
  response:
    body:
      string: '{"status":"Dequeued","error":{}}'
    headers:
      cache-control:
      - no-store, no-cache
      content-length:
      - '32'
      content-location:
      - https://management.documents.azure.com:450/subscriptions/0b1f6471-1bf0-4dda-aec3-cb9272f09590/providers/Microsoft.DocumentDB/locations/westus/operationsStatus/487daea2-8711-4997-934e-642828fe15e4?api-version=2015-04-08
      content-type:
      - application/json
      date:
      - Wed, 16 Oct 2019 16:39:36 GMT
      pragma:
      - no-cache
      server:
      - Microsoft-HTTPAPI/2.0
      strict-transport-security:
      - max-age=31536000; includeSubDomains
      transfer-encoding:
      - chunked
      vary:
      - Accept-Encoding
      x-content-type-options:
      - nosniff
      x-ms-gatewayversion:
      - version=2.7.0
    status:
      code: 200
      message: Ok
- request:
    body: null
    headers:
      Accept:
      - application/json
      Accept-Encoding:
      - gzip, deflate
      CommandName:
      - cosmosdb create
      Connection:
      - keep-alive
      ParameterSetName:
      - -n -g --capabilities
      User-Agent:
      - python/3.7.4 (Windows-10-10.0.18362-SP0) msrest/0.6.10 msrest_azure/0.6.2
        azure-mgmt-cosmosdb/0.8.0 Azure-SDK-For-Python AZURECLI/2.0.75
    method: GET
    uri: https://management.azure.com/subscriptions/00000000-0000-0000-0000-000000000000/providers/Microsoft.DocumentDB/locations/westus/operationsStatus/487daea2-8711-4997-934e-642828fe15e4?api-version=2015-04-08
  response:
    body:
      string: '{"status":"Succeeded","error":{}}'
    headers:
      cache-control:
      - no-store, no-cache
      content-length:
      - '33'
      content-location:
      - https://management.documents.azure.com:450/subscriptions/0b1f6471-1bf0-4dda-aec3-cb9272f09590/providers/Microsoft.DocumentDB/locations/westus/operationsStatus/487daea2-8711-4997-934e-642828fe15e4?api-version=2015-04-08
      content-type:
      - application/json
      date:
      - Wed, 16 Oct 2019 16:40:07 GMT
      pragma:
      - no-cache
      server:
      - Microsoft-HTTPAPI/2.0
      strict-transport-security:
      - max-age=31536000; includeSubDomains
      transfer-encoding:
      - chunked
      vary:
      - Accept-Encoding
      x-content-type-options:
      - nosniff
      x-ms-gatewayversion:
      - version=2.7.0
    status:
      code: 200
      message: Ok
- request:
    body: null
    headers:
      Accept:
      - application/json
      Accept-Encoding:
      - gzip, deflate
      CommandName:
      - cosmosdb create
      Connection:
      - keep-alive
      ParameterSetName:
      - -n -g --capabilities
      User-Agent:
      - python/3.7.4 (Windows-10-10.0.18362-SP0) msrest/0.6.10 msrest_azure/0.6.2
        azure-mgmt-cosmosdb/0.8.0 Azure-SDK-For-Python AZURECLI/2.0.75
    method: GET
    uri: https://management.azure.com/subscriptions/00000000-0000-0000-0000-000000000000/resourceGroups/cli_test_cosmosdb_gremlin_graph000001/providers/Microsoft.DocumentDB/databaseAccounts/cli000004?api-version=2015-04-08
  response:
    body:
      string: '{"id":"/subscriptions/00000000-0000-0000-0000-000000000000/resourceGroups/cli_test_cosmosdb_gremlin_graph000001/providers/Microsoft.DocumentDB/databaseAccounts/cli000004","name":"cli000004","location":"West
        US","type":"Microsoft.DocumentDB/databaseAccounts","kind":"GlobalDocumentDB","tags":{},"properties":{"provisioningState":"Succeeded","documentEndpoint":"https://cli000004.documents.azure.com:443/","gremlinEndpoint":"https://cli000004.gremlin.cosmos.azure.com:443/","ipRangeFilter":"","enableAutomaticFailover":false,"enableMultipleWriteLocations":false,"enablePartitionKeyMonitor":false,"isVirtualNetworkFilterEnabled":false,"virtualNetworkRules":[],"EnabledApiTypes":"Gremlin,
        Sql","disableKeyBasedMetadataWriteAccess":false,"databaseAccountOfferType":"Standard","consistencyPolicy":{"defaultConsistencyLevel":"Session","maxIntervalInSeconds":5,"maxStalenessPrefix":100},"configurationOverrides":{},"writeLocations":[{"id":"cli000004-westus","locationName":"West
        US","documentEndpoint":"https://cli000004-westus.documents.azure.com:443/","provisioningState":"Succeeded","failoverPriority":0,"isZoneRedundant":false}],"readLocations":[{"id":"cli000004-westus","locationName":"West
        US","documentEndpoint":"https://cli000004-westus.documents.azure.com:443/","provisioningState":"Succeeded","failoverPriority":0,"isZoneRedundant":false}],"locations":[{"id":"cli000004-westus","locationName":"West
        US","documentEndpoint":"https://cli000004-westus.documents.azure.com:443/","provisioningState":"Succeeded","failoverPriority":0,"isZoneRedundant":false}],"failoverPolicies":[{"id":"cli000004-westus","locationName":"West
        US","failoverPriority":0}],"cors":[],"capabilities":[{"name":"EnableGremlin"}]}}'
    headers:
      cache-control:
      - no-store, no-cache
      content-length:
      - '1805'
      content-location:
      - https://management.documents.azure.com:450/subscriptions/0b1f6471-1bf0-4dda-aec3-cb9272f09590/resourceGroups/cli_test_cosmosdb_gremlin_grapht6lcntwb7ontyxdaijlbdgi7643fw7xxofptwldrvkka/providers/Microsoft.DocumentDB/databaseAccounts/cliadzoiblxd2a4?api-version=2015-04-08
      content-type:
      - application/json
      date:
      - Wed, 16 Oct 2019 16:40:07 GMT
      pragma:
      - no-cache
      server:
      - Microsoft-HTTPAPI/2.0
      strict-transport-security:
      - max-age=31536000; includeSubDomains
      transfer-encoding:
      - chunked
      vary:
      - Accept-Encoding
      x-content-type-options:
      - nosniff
      x-ms-gatewayversion:
      - version=2.7.0
    status:
      code: 200
      message: Ok
- request:
    body: null
    headers:
      Accept:
      - application/json
      Accept-Encoding:
      - gzip, deflate
      CommandName:
      - cosmosdb create
      Connection:
      - keep-alive
      ParameterSetName:
      - -n -g --capabilities
      User-Agent:
      - python/3.7.4 (Windows-10-10.0.18362-SP0) msrest/0.6.10 msrest_azure/0.6.2
        azure-mgmt-cosmosdb/0.8.0 Azure-SDK-For-Python AZURECLI/2.0.75
      accept-language:
      - en-US
    method: GET
    uri: https://management.azure.com/subscriptions/00000000-0000-0000-0000-000000000000/resourceGroups/cli_test_cosmosdb_gremlin_graph000001/providers/Microsoft.DocumentDB/databaseAccounts/cli000004?api-version=2015-04-08
  response:
    body:
      string: '{"id":"/subscriptions/00000000-0000-0000-0000-000000000000/resourceGroups/cli_test_cosmosdb_gremlin_graph000001/providers/Microsoft.DocumentDB/databaseAccounts/cli000004","name":"cli000004","location":"West
        US","type":"Microsoft.DocumentDB/databaseAccounts","kind":"GlobalDocumentDB","tags":{},"properties":{"provisioningState":"Succeeded","documentEndpoint":"https://cli000004.documents.azure.com:443/","gremlinEndpoint":"https://cli000004.gremlin.cosmos.azure.com:443/","ipRangeFilter":"","enableAutomaticFailover":false,"enableMultipleWriteLocations":false,"enablePartitionKeyMonitor":false,"isVirtualNetworkFilterEnabled":false,"virtualNetworkRules":[],"EnabledApiTypes":"Gremlin,
        Sql","disableKeyBasedMetadataWriteAccess":false,"databaseAccountOfferType":"Standard","consistencyPolicy":{"defaultConsistencyLevel":"Session","maxIntervalInSeconds":5,"maxStalenessPrefix":100},"configurationOverrides":{},"writeLocations":[{"id":"cli000004-westus","locationName":"West
        US","documentEndpoint":"https://cli000004-westus.documents.azure.com:443/","provisioningState":"Succeeded","failoverPriority":0,"isZoneRedundant":false}],"readLocations":[{"id":"cli000004-westus","locationName":"West
        US","documentEndpoint":"https://cli000004-westus.documents.azure.com:443/","provisioningState":"Succeeded","failoverPriority":0,"isZoneRedundant":false}],"locations":[{"id":"cli000004-westus","locationName":"West
        US","documentEndpoint":"https://cli000004-westus.documents.azure.com:443/","provisioningState":"Succeeded","failoverPriority":0,"isZoneRedundant":false}],"failoverPolicies":[{"id":"cli000004-westus","locationName":"West
        US","failoverPriority":0}],"cors":[],"capabilities":[{"name":"EnableGremlin"}]}}'
    headers:
      cache-control:
      - no-store, no-cache
      content-length:
      - '1805'
      content-location:
      - https://management.documents.azure.com:450/subscriptions/0b1f6471-1bf0-4dda-aec3-cb9272f09590/resourceGroups/cli_test_cosmosdb_gremlin_grapht6lcntwb7ontyxdaijlbdgi7643fw7xxofptwldrvkka/providers/Microsoft.DocumentDB/databaseAccounts/cliadzoiblxd2a4?api-version=2015-04-08
      content-type:
      - application/json
      date:
      - Wed, 16 Oct 2019 16:40:08 GMT
      pragma:
      - no-cache
      server:
      - Microsoft-HTTPAPI/2.0
      strict-transport-security:
      - max-age=31536000; includeSubDomains
      transfer-encoding:
      - chunked
      vary:
      - Accept-Encoding
      x-content-type-options:
      - nosniff
      x-ms-gatewayversion:
      - version=2.7.0
    status:
      code: 200
      message: Ok
- request:
    body: '{"properties": {"resource": {"id": "cli000002"}, "options": {}}}'
    headers:
      Accept:
      - application/json
      Accept-Encoding:
      - gzip, deflate
      CommandName:
      - cosmosdb gremlin database create
      Connection:
      - keep-alive
      Content-Length:
      - '70'
      Content-Type:
      - application/json; charset=utf-8
      ParameterSetName:
      - -g -a -n
      User-Agent:
      - python/3.7.4 (Windows-10-10.0.18362-SP0) msrest/0.6.10 msrest_azure/0.6.2
        azure-mgmt-cosmosdb/0.8.0 Azure-SDK-For-Python AZURECLI/2.0.75
      accept-language:
      - en-US
    method: PUT
    uri: https://management.azure.com/subscriptions/00000000-0000-0000-0000-000000000000/resourceGroups/cli_test_cosmosdb_gremlin_graph000001/providers/Microsoft.DocumentDB/databaseAccounts/cli000004/apis/gremlin/databases/cli000002?api-version=2015-04-08
  response:
    body:
      string: '{"status":"Enqueued","error":{}}'
    headers:
      azure-asyncoperation:
      - https://management.azure.com/subscriptions/00000000-0000-0000-0000-000000000000/providers/Microsoft.DocumentDB/locations/westus/operationsStatus/756a89cb-6da6-45d3-b090-3aaa977fe178?api-version=2015-04-08
      cache-control:
      - no-store, no-cache
      content-length:
      - '32'
      content-location:
      - https://management.documents.azure.com:450/subscriptions/0b1f6471-1bf0-4dda-aec3-cb9272f09590/resourceGroups/cli_test_cosmosdb_gremlin_grapht6lcntwb7ontyxdaijlbdgi7643fw7xxofptwldrvkka/providers/Microsoft.DocumentDB/databaseAccounts/cliadzoiblxd2a4/apis/gremlin/databases/cliawh4dkez2jiw?api-version=2015-04-08
      content-type:
      - application/json
      date:
      - Wed, 16 Oct 2019 16:40:09 GMT
      location:
      - https://management.azure.com/subscriptions/00000000-0000-0000-0000-000000000000/resourceGroups/cli_test_cosmosdb_gremlin_graph000001/providers/Microsoft.DocumentDB/databaseAccounts/cli000004/apis/gremlin/databases/cli000002/operationResults/756a89cb-6da6-45d3-b090-3aaa977fe178?api-version=2015-04-08
      pragma:
      - no-cache
      server:
      - Microsoft-HTTPAPI/2.0
      strict-transport-security:
      - max-age=31536000; includeSubDomains
      x-content-type-options:
      - nosniff
      x-ms-gatewayversion:
      - version=2.7.0
      x-ms-ratelimit-remaining-subscription-writes:
      - '1195'
    status:
      code: 202
      message: Accepted
- request:
    body: null
    headers:
      Accept:
      - application/json
      Accept-Encoding:
      - gzip, deflate
      CommandName:
      - cosmosdb gremlin database create
      Connection:
      - keep-alive
      ParameterSetName:
      - -g -a -n
      User-Agent:
      - python/3.7.4 (Windows-10-10.0.18362-SP0) msrest/0.6.10 msrest_azure/0.6.2
        azure-mgmt-cosmosdb/0.8.0 Azure-SDK-For-Python AZURECLI/2.0.75
    method: GET
    uri: https://management.azure.com/subscriptions/00000000-0000-0000-0000-000000000000/providers/Microsoft.DocumentDB/locations/westus/operationsStatus/756a89cb-6da6-45d3-b090-3aaa977fe178?api-version=2015-04-08
  response:
    body:
      string: '{"status":"Succeeded","error":{}}'
    headers:
      cache-control:
      - no-store, no-cache
      content-length:
      - '33'
      content-location:
      - https://management.documents.azure.com:450/subscriptions/0b1f6471-1bf0-4dda-aec3-cb9272f09590/providers/Microsoft.DocumentDB/locations/westus/operationsStatus/756a89cb-6da6-45d3-b090-3aaa977fe178?api-version=2015-04-08
      content-type:
      - application/json
      date:
      - Wed, 16 Oct 2019 16:40:40 GMT
      pragma:
      - no-cache
      server:
      - Microsoft-HTTPAPI/2.0
      strict-transport-security:
      - max-age=31536000; includeSubDomains
      transfer-encoding:
      - chunked
      vary:
      - Accept-Encoding
      x-content-type-options:
      - nosniff
      x-ms-gatewayversion:
      - version=2.7.0
    status:
      code: 200
      message: Ok
- request:
    body: null
    headers:
      Accept:
      - application/json
      Accept-Encoding:
      - gzip, deflate
      CommandName:
      - cosmosdb gremlin database create
      Connection:
      - keep-alive
      ParameterSetName:
      - -g -a -n
      User-Agent:
      - python/3.7.4 (Windows-10-10.0.18362-SP0) msrest/0.6.10 msrest_azure/0.6.2
        azure-mgmt-cosmosdb/0.8.0 Azure-SDK-For-Python AZURECLI/2.0.75
    method: GET
    uri: https://management.azure.com/subscriptions/00000000-0000-0000-0000-000000000000/resourceGroups/cli_test_cosmosdb_gremlin_graph000001/providers/Microsoft.DocumentDB/databaseAccounts/cli000004/apis/gremlin/databases/cli000002?api-version=2015-04-08
  response:
    body:
      string: '{"properties":{"id":"cli000002","_rid":"XmZHAA==","_self":"dbs/XmZHAA==/","_etag":"\"0000f202-0000-0700-0000-5da747eb0000\"","_colls":"colls/","_users":"users/","_ts":1571244011}}'
    headers:
      cache-control:
      - no-store, no-cache
      content-length:
      - '185'
      content-location:
      - https://management.documents.azure.com:450/subscriptions/0b1f6471-1bf0-4dda-aec3-cb9272f09590/resourceGroups/cli_test_cosmosdb_gremlin_grapht6lcntwb7ontyxdaijlbdgi7643fw7xxofptwldrvkka/providers/Microsoft.DocumentDB/databaseAccounts/cliadzoiblxd2a4/apis/gremlin/databases/cliawh4dkez2jiw?api-version=2015-04-08
      content-type:
      - application/json
      date:
      - Wed, 16 Oct 2019 16:40:41 GMT
      pragma:
      - no-cache
      server:
      - Microsoft-HTTPAPI/2.0
      strict-transport-security:
      - max-age=31536000; includeSubDomains
      transfer-encoding:
      - chunked
      vary:
      - Accept-Encoding
      x-content-type-options:
      - nosniff
      x-ms-gatewayversion:
      - version=2.7.0
    status:
      code: 200
      message: Ok
- request:
    body: '{"properties": {"resource": {"id": "cli000003", "indexingPolicy": {"automatic":
      true, "indexingMode": "consistent", "includedPaths": [{"path": "/*"}], "excludedPaths":
      [{"path": "/headquarters/employees/?"}]}, "partitionKey": {"paths": ["/thePartitionKey"],
      "kind": "Hash"}, "defaultTtl": 1000, "conflictResolutionPolicy": {"mode": "lastWriterWins",
      "conflictResolutionPath": "/path"}}, "options": {}}}'
    headers:
      Accept:
      - application/json
      Accept-Encoding:
      - gzip, deflate
      CommandName:
      - cosmosdb gremlin graph create
      Connection:
      - keep-alive
      Content-Length:
      - '408'
      Content-Type:
      - application/json; charset=utf-8
      ParameterSetName:
      - -g -a -d -n -p --ttl --conflict-resolution-policy --idx
      User-Agent:
      - python/3.7.4 (Windows-10-10.0.18362-SP0) msrest/0.6.10 msrest_azure/0.6.2
        azure-mgmt-cosmosdb/0.8.0 Azure-SDK-For-Python AZURECLI/2.0.75
      accept-language:
      - en-US
    method: PUT
    uri: https://management.azure.com/subscriptions/00000000-0000-0000-0000-000000000000/resourceGroups/cli_test_cosmosdb_gremlin_graph000001/providers/Microsoft.DocumentDB/databaseAccounts/cli000004/apis/gremlin/databases/cli000002/graphs/cli000003?api-version=2015-04-08
  response:
    body:
      string: '{"status":"Enqueued","error":{}}'
    headers:
      azure-asyncoperation:
      - https://management.azure.com/subscriptions/00000000-0000-0000-0000-000000000000/providers/Microsoft.DocumentDB/locations/westus/operationsStatus/7903cb82-b6ca-4cab-b137-d4e18f0ba814?api-version=2015-04-08
      cache-control:
      - no-store, no-cache
      content-length:
      - '32'
      content-location:
      - https://management.documents.azure.com:450/subscriptions/0b1f6471-1bf0-4dda-aec3-cb9272f09590/resourceGroups/cli_test_cosmosdb_gremlin_grapht6lcntwb7ontyxdaijlbdgi7643fw7xxofptwldrvkka/providers/Microsoft.DocumentDB/databaseAccounts/cliadzoiblxd2a4/apis/gremlin/databases/cliawh4dkez2jiw/graphs/clith6bvz24xmq2?api-version=2015-04-08
      content-type:
      - application/json
      date:
      - Wed, 16 Oct 2019 16:40:42 GMT
      location:
      - https://management.azure.com/subscriptions/00000000-0000-0000-0000-000000000000/resourceGroups/cli_test_cosmosdb_gremlin_graph000001/providers/Microsoft.DocumentDB/databaseAccounts/cli000004/apis/gremlin/databases/cli000002/graphs/cli000003/operationResults/7903cb82-b6ca-4cab-b137-d4e18f0ba814?api-version=2015-04-08
      pragma:
      - no-cache
      server:
      - Microsoft-HTTPAPI/2.0
      strict-transport-security:
      - max-age=31536000; includeSubDomains
      x-content-type-options:
      - nosniff
      x-ms-gatewayversion:
      - version=2.7.0
      x-ms-ratelimit-remaining-subscription-writes:
      - '1195'
    status:
      code: 202
      message: Accepted
- request:
    body: null
    headers:
      Accept:
      - application/json
      Accept-Encoding:
      - gzip, deflate
      CommandName:
      - cosmosdb gremlin graph create
      Connection:
      - keep-alive
      ParameterSetName:
      - -g -a -d -n -p --ttl --conflict-resolution-policy --idx
      User-Agent:
      - python/3.7.4 (Windows-10-10.0.18362-SP0) msrest/0.6.10 msrest_azure/0.6.2
        azure-mgmt-cosmosdb/0.8.0 Azure-SDK-For-Python AZURECLI/2.0.75
    method: GET
    uri: https://management.azure.com/subscriptions/00000000-0000-0000-0000-000000000000/providers/Microsoft.DocumentDB/locations/westus/operationsStatus/7903cb82-b6ca-4cab-b137-d4e18f0ba814?api-version=2015-04-08
  response:
    body:
      string: '{"status":"Succeeded","error":{}}'
    headers:
      cache-control:
      - no-store, no-cache
      content-length:
      - '33'
      content-location:
      - https://management.documents.azure.com:450/subscriptions/0b1f6471-1bf0-4dda-aec3-cb9272f09590/providers/Microsoft.DocumentDB/locations/westus/operationsStatus/7903cb82-b6ca-4cab-b137-d4e18f0ba814?api-version=2015-04-08
      content-type:
      - application/json
      date:
      - Wed, 16 Oct 2019 16:41:14 GMT
      pragma:
      - no-cache
      server:
      - Microsoft-HTTPAPI/2.0
      strict-transport-security:
      - max-age=31536000; includeSubDomains
      transfer-encoding:
      - chunked
      vary:
      - Accept-Encoding
      x-content-type-options:
      - nosniff
      x-ms-gatewayversion:
      - version=2.7.0
    status:
      code: 200
      message: Ok
- request:
    body: null
    headers:
      Accept:
      - application/json
      Accept-Encoding:
      - gzip, deflate
      CommandName:
      - cosmosdb gremlin graph create
      Connection:
      - keep-alive
      ParameterSetName:
      - -g -a -d -n -p --ttl --conflict-resolution-policy --idx
      User-Agent:
      - python/3.7.4 (Windows-10-10.0.18362-SP0) msrest/0.6.10 msrest_azure/0.6.2
        azure-mgmt-cosmosdb/0.8.0 Azure-SDK-For-Python AZURECLI/2.0.75
    method: GET
    uri: https://management.azure.com/subscriptions/00000000-0000-0000-0000-000000000000/resourceGroups/cli_test_cosmosdb_gremlin_graph000001/providers/Microsoft.DocumentDB/databaseAccounts/cli000004/apis/gremlin/databases/cli000002/graphs/cli000003?api-version=2015-04-08
  response:
    body:
      string: '{"properties":{"id":"cli000003","indexingPolicy":{"indexingMode":"consistent","automatic":true,"includedPaths":[{"path":"/*"}],"excludedPaths":[{"path":"/headquarters/employees/?"},{"path":"/\"_etag\"/?"}]},"partitionKey":{"paths":["/thePartitionKey"],"kind":"Hash"},"defaultTtl":1000,"uniqueKeyPolicy":{"uniqueKeys":[]},"conflictResolutionPolicy":{"mode":"lastWriterWins","conflictResolutionPath":"/path","conflictResolutionProcedure":""},"geospatialConfig":{"type":"Geography"},"_rid":"XmZHAIBzGNg=","_ts":1571244044,"_self":"dbs/XmZHAA==/colls/XmZHAIBzGNg=/","_etag":"\"0000f402-0000-0700-0000-5da7480c0000\"","_docs":"docs/","_sprocs":"sprocs/","_triggers":"triggers/","_udfs":"udfs/","_conflicts":"conflicts/","statistics":[{"id":"0","sizeInKB":0,"documentCount":0,"partitionKeys":[]}]}}'
    headers:
      cache-control:
      - no-store, no-cache
      content-length:
      - '798'
      content-location:
      - https://management.documents.azure.com:450/subscriptions/0b1f6471-1bf0-4dda-aec3-cb9272f09590/resourceGroups/cli_test_cosmosdb_gremlin_grapht6lcntwb7ontyxdaijlbdgi7643fw7xxofptwldrvkka/providers/Microsoft.DocumentDB/databaseAccounts/cliadzoiblxd2a4/apis/gremlin/databases/cliawh4dkez2jiw/graphs/clith6bvz24xmq2?api-version=2015-04-08
      content-type:
      - application/json
      date:
      - Wed, 16 Oct 2019 16:41:14 GMT
      pragma:
      - no-cache
      server:
      - Microsoft-HTTPAPI/2.0
      strict-transport-security:
      - max-age=31536000; includeSubDomains
      transfer-encoding:
      - chunked
      vary:
      - Accept-Encoding
      x-content-type-options:
      - nosniff
      x-ms-gatewayversion:
      - version=2.7.0
    status:
      code: 200
      message: Ok
- request:
    body: null
    headers:
      Accept:
      - application/json
      Accept-Encoding:
      - gzip, deflate
      CommandName:
      - cosmosdb gremlin graph update
      Connection:
      - keep-alive
      ParameterSetName:
      - -g -a -d -n --ttl
      User-Agent:
      - python/3.7.4 (Windows-10-10.0.18362-SP0) msrest/0.6.10 msrest_azure/0.6.2
        azure-mgmt-cosmosdb/0.8.0 Azure-SDK-For-Python AZURECLI/2.0.75
      accept-language:
      - en-US
    method: GET
    uri: https://management.azure.com/subscriptions/00000000-0000-0000-0000-000000000000/resourceGroups/cli_test_cosmosdb_gremlin_graph000001/providers/Microsoft.DocumentDB/databaseAccounts/cli000004/apis/gremlin/databases/cli000002/graphs/cli000003?api-version=2015-04-08
  response:
    body:
      string: '{"properties":{"id":"cli000003","indexingPolicy":{"indexingMode":"consistent","automatic":true,"includedPaths":[{"path":"/*"}],"excludedPaths":[{"path":"/headquarters/employees/?"},{"path":"/\"_etag\"/?"}]},"partitionKey":{"paths":["/thePartitionKey"],"kind":"Hash"},"defaultTtl":1000,"uniqueKeyPolicy":{"uniqueKeys":[]},"conflictResolutionPolicy":{"mode":"lastWriterWins","conflictResolutionPath":"/path","conflictResolutionProcedure":""},"geospatialConfig":{"type":"Geography"},"_rid":"XmZHAIBzGNg=","_ts":1571244044,"_self":"dbs/XmZHAA==/colls/XmZHAIBzGNg=/","_etag":"\"0000f402-0000-0700-0000-5da7480c0000\"","_docs":"docs/","_sprocs":"sprocs/","_triggers":"triggers/","_udfs":"udfs/","_conflicts":"conflicts/","statistics":[{"id":"0","sizeInKB":0,"documentCount":0,"partitionKeys":[]}]}}'
    headers:
      cache-control:
      - no-store, no-cache
      content-length:
      - '798'
      content-location:
      - https://management.documents.azure.com:450/subscriptions/0b1f6471-1bf0-4dda-aec3-cb9272f09590/resourceGroups/cli_test_cosmosdb_gremlin_grapht6lcntwb7ontyxdaijlbdgi7643fw7xxofptwldrvkka/providers/Microsoft.DocumentDB/databaseAccounts/cliadzoiblxd2a4/apis/gremlin/databases/cliawh4dkez2jiw/graphs/clith6bvz24xmq2?api-version=2015-04-08
      content-type:
      - application/json
      date:
      - Wed, 16 Oct 2019 16:41:17 GMT
      pragma:
      - no-cache
      server:
      - Microsoft-HTTPAPI/2.0
      strict-transport-security:
      - max-age=31536000; includeSubDomains
      transfer-encoding:
      - chunked
      vary:
      - Accept-Encoding
      x-content-type-options:
      - nosniff
      x-ms-gatewayversion:
      - version=2.7.0
    status:
      code: 200
      message: Ok
- request:
    body: '{"properties": {"resource": {"id": "cli000003", "indexingPolicy": {"automatic":
      true, "indexingMode": "consistent", "includedPaths": [{"path": "/*"}], "excludedPaths":
      [{"path": "/headquarters/employees/?"}, {"path": "/\"_etag\"/?"}]}, "partitionKey":
      {"paths": ["/thePartitionKey"], "kind": "Hash"}, "defaultTtl": 2000, "uniqueKeyPolicy":
      {"uniqueKeys": []}, "conflictResolutionPolicy": {"mode": "lastWriterWins", "conflictResolutionPath":
      "/path", "conflictResolutionProcedure": ""}}, "options": {}}}'
    headers:
      Accept:
      - application/json
      Accept-Encoding:
      - gzip, deflate
      CommandName:
      - cosmosdb gremlin graph update
      Connection:
      - keep-alive
      Content-Length:
      - '508'
      Content-Type:
      - application/json; charset=utf-8
      ParameterSetName:
      - -g -a -d -n --ttl
      User-Agent:
      - python/3.7.4 (Windows-10-10.0.18362-SP0) msrest/0.6.10 msrest_azure/0.6.2
        azure-mgmt-cosmosdb/0.8.0 Azure-SDK-For-Python AZURECLI/2.0.75
      accept-language:
      - en-US
    method: PUT
    uri: https://management.azure.com/subscriptions/00000000-0000-0000-0000-000000000000/resourceGroups/cli_test_cosmosdb_gremlin_graph000001/providers/Microsoft.DocumentDB/databaseAccounts/cli000004/apis/gremlin/databases/cli000002/graphs/cli000003?api-version=2015-04-08
  response:
    body:
      string: '{"status":"Enqueued","error":{}}'
    headers:
      azure-asyncoperation:
      - https://management.azure.com/subscriptions/00000000-0000-0000-0000-000000000000/providers/Microsoft.DocumentDB/locations/westus/operationsStatus/dc3142ac-2f58-46c5-aa95-bb24475fa037?api-version=2015-04-08
      cache-control:
      - no-store, no-cache
      content-length:
      - '32'
      content-location:
      - https://management.documents.azure.com:450/subscriptions/0b1f6471-1bf0-4dda-aec3-cb9272f09590/resourceGroups/cli_test_cosmosdb_gremlin_grapht6lcntwb7ontyxdaijlbdgi7643fw7xxofptwldrvkka/providers/Microsoft.DocumentDB/databaseAccounts/cliadzoiblxd2a4/apis/gremlin/databases/cliawh4dkez2jiw/graphs/clith6bvz24xmq2?api-version=2015-04-08
      content-type:
      - application/json
      date:
      - Wed, 16 Oct 2019 16:41:18 GMT
      location:
      - https://management.azure.com/subscriptions/00000000-0000-0000-0000-000000000000/resourceGroups/cli_test_cosmosdb_gremlin_graph000001/providers/Microsoft.DocumentDB/databaseAccounts/cli000004/apis/gremlin/databases/cli000002/graphs/cli000003/operationResults/dc3142ac-2f58-46c5-aa95-bb24475fa037?api-version=2015-04-08
      pragma:
      - no-cache
      server:
      - Microsoft-HTTPAPI/2.0
      strict-transport-security:
      - max-age=31536000; includeSubDomains
      x-content-type-options:
      - nosniff
      x-ms-gatewayversion:
      - version=2.7.0
      x-ms-ratelimit-remaining-subscription-writes:
      - '1198'
    status:
      code: 202
      message: Accepted
- request:
    body: null
    headers:
      Accept:
      - application/json
      Accept-Encoding:
      - gzip, deflate
      CommandName:
      - cosmosdb gremlin graph update
      Connection:
      - keep-alive
      ParameterSetName:
      - -g -a -d -n --ttl
      User-Agent:
      - python/3.7.4 (Windows-10-10.0.18362-SP0) msrest/0.6.10 msrest_azure/0.6.2
        azure-mgmt-cosmosdb/0.8.0 Azure-SDK-For-Python AZURECLI/2.0.75
    method: GET
    uri: https://management.azure.com/subscriptions/00000000-0000-0000-0000-000000000000/providers/Microsoft.DocumentDB/locations/westus/operationsStatus/dc3142ac-2f58-46c5-aa95-bb24475fa037?api-version=2015-04-08
  response:
    body:
      string: '{"status":"Succeeded","error":{}}'
    headers:
      cache-control:
      - no-store, no-cache
      content-length:
      - '33'
      content-location:
      - https://management.documents.azure.com:450/subscriptions/0b1f6471-1bf0-4dda-aec3-cb9272f09590/providers/Microsoft.DocumentDB/locations/westus/operationsStatus/dc3142ac-2f58-46c5-aa95-bb24475fa037?api-version=2015-04-08
      content-type:
      - application/json
      date:
      - Wed, 16 Oct 2019 16:41:49 GMT
      pragma:
      - no-cache
      server:
      - Microsoft-HTTPAPI/2.0
      strict-transport-security:
      - max-age=31536000; includeSubDomains
      transfer-encoding:
      - chunked
      vary:
      - Accept-Encoding
      x-content-type-options:
      - nosniff
      x-ms-gatewayversion:
      - version=2.7.0
    status:
      code: 200
      message: Ok
- request:
    body: null
    headers:
      Accept:
      - application/json
      Accept-Encoding:
      - gzip, deflate
      CommandName:
      - cosmosdb gremlin graph update
      Connection:
      - keep-alive
      ParameterSetName:
      - -g -a -d -n --ttl
      User-Agent:
      - python/3.7.4 (Windows-10-10.0.18362-SP0) msrest/0.6.10 msrest_azure/0.6.2
        azure-mgmt-cosmosdb/0.8.0 Azure-SDK-For-Python AZURECLI/2.0.75
    method: GET
    uri: https://management.azure.com/subscriptions/00000000-0000-0000-0000-000000000000/resourceGroups/cli_test_cosmosdb_gremlin_graph000001/providers/Microsoft.DocumentDB/databaseAccounts/cli000004/apis/gremlin/databases/cli000002/graphs/cli000003?api-version=2015-04-08
  response:
    body:
      string: '{"properties":{"id":"cli000003","indexingPolicy":{"indexingMode":"consistent","automatic":true,"includedPaths":[{"path":"/*"}],"excludedPaths":[{"path":"/headquarters/employees/?"},{"path":"/\"_etag\"/?"}]},"partitionKey":{"paths":["/thePartitionKey"],"kind":"Hash"},"defaultTtl":2000,"uniqueKeyPolicy":{"uniqueKeys":[]},"conflictResolutionPolicy":{"mode":"lastWriterWins","conflictResolutionPath":"/path","conflictResolutionProcedure":""},"geospatialConfig":{"type":"Geography"},"_rid":"XmZHAIBzGNg=","_ts":1571244081,"_self":"dbs/XmZHAA==/colls/XmZHAIBzGNg=/","_etag":"\"0000f902-0000-0700-0000-5da748310000\"","_docs":"docs/","_sprocs":"sprocs/","_triggers":"triggers/","_udfs":"udfs/","_conflicts":"conflicts/","statistics":[{"id":"0","sizeInKB":0,"documentCount":0,"partitionKeys":[]}]}}'
    headers:
      cache-control:
      - no-store, no-cache
      content-length:
      - '798'
      content-location:
      - https://management.documents.azure.com:450/subscriptions/0b1f6471-1bf0-4dda-aec3-cb9272f09590/resourceGroups/cli_test_cosmosdb_gremlin_grapht6lcntwb7ontyxdaijlbdgi7643fw7xxofptwldrvkka/providers/Microsoft.DocumentDB/databaseAccounts/cliadzoiblxd2a4/apis/gremlin/databases/cliawh4dkez2jiw/graphs/clith6bvz24xmq2?api-version=2015-04-08
      content-type:
      - application/json
      date:
      - Wed, 16 Oct 2019 16:41:49 GMT
      pragma:
      - no-cache
      server:
      - Microsoft-HTTPAPI/2.0
      strict-transport-security:
      - max-age=31536000; includeSubDomains
      transfer-encoding:
      - chunked
      vary:
      - Accept-Encoding
      x-content-type-options:
      - nosniff
      x-ms-gatewayversion:
      - version=2.7.0
    status:
      code: 200
      message: Ok
- request:
    body: null
    headers:
      Accept:
      - application/json
      Accept-Encoding:
      - gzip, deflate
      CommandName:
      - cosmosdb gremlin graph show
      Connection:
      - keep-alive
      ParameterSetName:
      - -g -a -d -n
      User-Agent:
      - python/3.7.4 (Windows-10-10.0.18362-SP0) msrest/0.6.10 msrest_azure/0.6.2
        azure-mgmt-cosmosdb/0.8.0 Azure-SDK-For-Python AZURECLI/2.0.75
      accept-language:
      - en-US
    method: GET
    uri: https://management.azure.com/subscriptions/00000000-0000-0000-0000-000000000000/resourceGroups/cli_test_cosmosdb_gremlin_graph000001/providers/Microsoft.DocumentDB/databaseAccounts/cli000004/apis/gremlin/databases/cli000002/graphs/cli000003?api-version=2015-04-08
  response:
    body:
      string: '{"properties":{"id":"cli000003","indexingPolicy":{"indexingMode":"consistent","automatic":true,"includedPaths":[{"path":"/*"}],"excludedPaths":[{"path":"/headquarters/employees/?"},{"path":"/\"_etag\"/?"}]},"partitionKey":{"paths":["/thePartitionKey"],"kind":"Hash"},"defaultTtl":2000,"uniqueKeyPolicy":{"uniqueKeys":[]},"conflictResolutionPolicy":{"mode":"lastWriterWins","conflictResolutionPath":"/path","conflictResolutionProcedure":""},"geospatialConfig":{"type":"Geography"},"_rid":"XmZHAIBzGNg=","_ts":1571244081,"_self":"dbs/XmZHAA==/colls/XmZHAIBzGNg=/","_etag":"\"0000f902-0000-0700-0000-5da748310000\"","_docs":"docs/","_sprocs":"sprocs/","_triggers":"triggers/","_udfs":"udfs/","_conflicts":"conflicts/","statistics":[{"id":"0","sizeInKB":0,"documentCount":0,"partitionKeys":[]}]}}'
    headers:
      cache-control:
      - no-store, no-cache
      content-length:
      - '798'
      content-location:
      - https://management.documents.azure.com:450/subscriptions/0b1f6471-1bf0-4dda-aec3-cb9272f09590/resourceGroups/cli_test_cosmosdb_gremlin_grapht6lcntwb7ontyxdaijlbdgi7643fw7xxofptwldrvkka/providers/Microsoft.DocumentDB/databaseAccounts/cliadzoiblxd2a4/apis/gremlin/databases/cliawh4dkez2jiw/graphs/clith6bvz24xmq2?api-version=2015-04-08
      content-type:
      - application/json
      date:
      - Wed, 16 Oct 2019 16:41:51 GMT
      pragma:
      - no-cache
      server:
      - Microsoft-HTTPAPI/2.0
      strict-transport-security:
      - max-age=31536000; includeSubDomains
      transfer-encoding:
      - chunked
      vary:
      - Accept-Encoding
      x-content-type-options:
      - nosniff
      x-ms-gatewayversion:
      - version=2.7.0
    status:
      code: 200
      message: Ok
- request:
    body: null
    headers:
      Accept:
      - application/json
      Accept-Encoding:
      - gzip, deflate
      CommandName:
      - cosmosdb gremlin graph list
      Connection:
      - keep-alive
      ParameterSetName:
      - -g -a -d
      User-Agent:
      - python/3.7.4 (Windows-10-10.0.18362-SP0) msrest/0.6.10 msrest_azure/0.6.2
        azure-mgmt-cosmosdb/0.8.0 Azure-SDK-For-Python AZURECLI/2.0.75
      accept-language:
      - en-US
    method: GET
    uri: https://management.azure.com/subscriptions/00000000-0000-0000-0000-000000000000/resourceGroups/cli_test_cosmosdb_gremlin_graph000001/providers/Microsoft.DocumentDB/databaseAccounts/cli000004/apis/gremlin/databases/cli000002/graphs?api-version=2015-04-08
  response:
    body:
      string: '{"value":[{"properties":{"id":"cli000003","indexingPolicy":{"indexingMode":"consistent","automatic":true,"includedPaths":[{"path":"/*"}],"excludedPaths":[{"path":"/headquarters/employees/?"},{"path":"/\"_etag\"/?"}]},"partitionKey":{"paths":["/thePartitionKey"],"kind":"Hash"},"defaultTtl":2000,"uniqueKeyPolicy":{"uniqueKeys":[]},"conflictResolutionPolicy":{"mode":"lastWriterWins","conflictResolutionPath":"/path","conflictResolutionProcedure":""},"geospatialConfig":{"type":"Geography"},"_rid":"XmZHAIBzGNg=","_ts":1571244081,"_self":"dbs/XmZHAA==/colls/XmZHAIBzGNg=/","_etag":"\"0000f902-0000-0700-0000-5da748310000\"","_docs":"docs/","_sprocs":"sprocs/","_triggers":"triggers/","_udfs":"udfs/","_conflicts":"conflicts/"}}]}'
    headers:
      cache-control:
      - no-store, no-cache
      content-length:
      - '734'
      content-location:
      - https://management.documents.azure.com:450/subscriptions/0b1f6471-1bf0-4dda-aec3-cb9272f09590/resourceGroups/cli_test_cosmosdb_gremlin_grapht6lcntwb7ontyxdaijlbdgi7643fw7xxofptwldrvkka/providers/Microsoft.DocumentDB/databaseAccounts/cliadzoiblxd2a4/apis/gremlin/databases/cliawh4dkez2jiw/graphs?api-version=2015-04-08
      content-type:
      - application/json
      date:
      - Wed, 16 Oct 2019 16:41:52 GMT
      pragma:
      - no-cache
      server:
      - Microsoft-HTTPAPI/2.0
      strict-transport-security:
      - max-age=31536000; includeSubDomains
      transfer-encoding:
      - chunked
      vary:
      - Accept-Encoding
      x-content-type-options:
      - nosniff
      x-ms-gatewayversion:
      - version=2.7.0
    status:
      code: 200
      message: Ok
- request:
    body: null
    headers:
      Accept:
      - application/json
      Accept-Encoding:
      - gzip, deflate
      CommandName:
      - cosmosdb gremlin graph delete
      Connection:
      - keep-alive
      Content-Length:
      - '0'
      ParameterSetName:
      - -g -a -d -n
      User-Agent:
      - python/3.7.4 (Windows-10-10.0.18362-SP0) msrest/0.6.10 msrest_azure/0.6.2
        azure-mgmt-cosmosdb/0.8.0 Azure-SDK-For-Python AZURECLI/2.0.75
      accept-language:
      - en-US
    method: DELETE
    uri: https://management.azure.com/subscriptions/00000000-0000-0000-0000-000000000000/resourceGroups/cli_test_cosmosdb_gremlin_graph000001/providers/Microsoft.DocumentDB/databaseAccounts/cli000004/apis/gremlin/databases/cli000002/graphs/cli000003?api-version=2015-04-08
  response:
    body:
      string: '{"status":"Enqueued","error":{}}'
    headers:
      azure-asyncoperation:
      - https://management.azure.com/subscriptions/00000000-0000-0000-0000-000000000000/providers/Microsoft.DocumentDB/locations/westus/operationsStatus/ad919eed-60a8-4fa1-9601-ce8cb90b2a11?api-version=2015-04-08
      cache-control:
      - no-store, no-cache
      content-length:
      - '32'
      content-location:
      - https://management.documents.azure.com:450/subscriptions/0b1f6471-1bf0-4dda-aec3-cb9272f09590/resourceGroups/cli_test_cosmosdb_gremlin_grapht6lcntwb7ontyxdaijlbdgi7643fw7xxofptwldrvkka/providers/Microsoft.DocumentDB/databaseAccounts/cliadzoiblxd2a4/apis/gremlin/databases/cliawh4dkez2jiw/graphs/clith6bvz24xmq2?api-version=2015-04-08
      content-type:
      - application/json
      date:
      - Wed, 16 Oct 2019 16:41:53 GMT
      location:
      - https://management.azure.com/subscriptions/00000000-0000-0000-0000-000000000000/resourceGroups/cli_test_cosmosdb_gremlin_graph000001/providers/Microsoft.DocumentDB/databaseAccounts/cli000004/apis/gremlin/databases/cli000002/graphs/cli000003/operationResults/ad919eed-60a8-4fa1-9601-ce8cb90b2a11?api-version=2015-04-08
      pragma:
      - no-cache
      server:
      - Microsoft-HTTPAPI/2.0
      strict-transport-security:
      - max-age=31536000; includeSubDomains
      x-content-type-options:
      - nosniff
      x-ms-gatewayversion:
      - version=2.7.0
      x-ms-ratelimit-remaining-subscription-deletes:
      - '14996'
    status:
      code: 202
      message: Accepted
- request:
    body: null
    headers:
      Accept:
      - application/json
      Accept-Encoding:
      - gzip, deflate
      CommandName:
      - cosmosdb gremlin graph delete
      Connection:
      - keep-alive
      ParameterSetName:
      - -g -a -d -n
      User-Agent:
      - python/3.7.4 (Windows-10-10.0.18362-SP0) msrest/0.6.10 msrest_azure/0.6.2
        azure-mgmt-cosmosdb/0.8.0 Azure-SDK-For-Python AZURECLI/2.0.75
    method: GET
    uri: https://management.azure.com/subscriptions/00000000-0000-0000-0000-000000000000/providers/Microsoft.DocumentDB/locations/westus/operationsStatus/ad919eed-60a8-4fa1-9601-ce8cb90b2a11?api-version=2015-04-08
  response:
    body:
      string: '{"status":"Succeeded","error":{}}'
    headers:
      cache-control:
      - no-store, no-cache
      content-length:
      - '33'
      content-location:
      - https://management.documents.azure.com:450/subscriptions/0b1f6471-1bf0-4dda-aec3-cb9272f09590/providers/Microsoft.DocumentDB/locations/westus/operationsStatus/ad919eed-60a8-4fa1-9601-ce8cb90b2a11?api-version=2015-04-08
      content-type:
      - application/json
      date:
      - Wed, 16 Oct 2019 16:42:24 GMT
      pragma:
      - no-cache
      server:
      - Microsoft-HTTPAPI/2.0
      strict-transport-security:
      - max-age=31536000; includeSubDomains
      transfer-encoding:
      - chunked
      vary:
      - Accept-Encoding
      x-content-type-options:
      - nosniff
      x-ms-gatewayversion:
      - version=2.7.0
    status:
      code: 200
      message: Ok
- request:
    body: null
    headers:
      Accept:
      - application/json
      Accept-Encoding:
      - gzip, deflate
      CommandName:
      - cosmosdb gremlin graph list
      Connection:
      - keep-alive
      ParameterSetName:
      - -g -a -d
      User-Agent:
      - python/3.7.4 (Windows-10-10.0.18362-SP0) msrest/0.6.10 msrest_azure/0.6.2
        azure-mgmt-cosmosdb/0.8.0 Azure-SDK-For-Python AZURECLI/2.0.75
      accept-language:
      - en-US
    method: GET
    uri: https://management.azure.com/subscriptions/00000000-0000-0000-0000-000000000000/resourceGroups/cli_test_cosmosdb_gremlin_graph000001/providers/Microsoft.DocumentDB/databaseAccounts/cli000004/apis/gremlin/databases/cli000002/graphs?api-version=2015-04-08
  response:
    body:
      string: '{"value":[]}'
    headers:
      cache-control:
      - no-store, no-cache
      content-length:
      - '12'
      content-location:
      - https://management.documents.azure.com:450/subscriptions/0b1f6471-1bf0-4dda-aec3-cb9272f09590/resourceGroups/cli_test_cosmosdb_gremlin_grapht6lcntwb7ontyxdaijlbdgi7643fw7xxofptwldrvkka/providers/Microsoft.DocumentDB/databaseAccounts/cliadzoiblxd2a4/apis/gremlin/databases/cliawh4dkez2jiw/graphs?api-version=2015-04-08
      content-type:
      - application/json
      date:
      - Wed, 16 Oct 2019 16:42:26 GMT
      pragma:
      - no-cache
      server:
      - Microsoft-HTTPAPI/2.0
      strict-transport-security:
      - max-age=31536000; includeSubDomains
      transfer-encoding:
      - chunked
      vary:
      - Accept-Encoding
      x-content-type-options:
      - nosniff
      x-ms-gatewayversion:
      - version=2.7.0
    status:
      code: 200
      message: Ok
version: 1
