interactions:
- request:
    body: null
    headers:
      Accept:
      - application/json
      Accept-Encoding:
      - gzip, deflate
      CommandName:
      - cosmosdb create
      Connection:
      - keep-alive
      ParameterSetName:
      - -n -g --locations --locations
      User-Agent:
      - python/3.7.4 (Windows-10-10.0.18362-SP0) msrest/0.6.10 msrest_azure/0.6.2
        azure-mgmt-resource/4.0.0 Azure-SDK-For-Python AZURECLI/2.0.75
      accept-language:
      - en-US
    method: GET
    uri: https://management.azure.com/subscriptions/00000000-0000-0000-0000-000000000000/resourcegroups/cli_test_cosmosdb_account000001?api-version=2019-07-01
  response:
    body:
      string: '{"id":"/subscriptions/00000000-0000-0000-0000-000000000000/resourceGroups/cli_test_cosmosdb_account000001","name":"cli_test_cosmosdb_account000001","type":"Microsoft.Resources/resourceGroups","location":"westus","tags":{"product":"azurecli","cause":"automation","date":"2019-10-16T15:25:15Z"},"properties":{"provisioningState":"Succeeded"}}'
    headers:
      cache-control:
      - no-cache
      content-length:
      - '428'
      content-type:
      - application/json; charset=utf-8
      date:
      - Wed, 16 Oct 2019 15:25:19 GMT
      expires:
      - '-1'
      pragma:
      - no-cache
      strict-transport-security:
      - max-age=31536000; includeSubDomains
      vary:
      - Accept-Encoding
      x-content-type-options:
      - nosniff
    status:
      code: 200
      message: OK
- request:
    body: '{"location": "westus", "kind": "GlobalDocumentDB", "properties": {"locations":
      [{"locationName": "eastus", "failoverPriority": 0, "isZoneRedundant": false},
      {"locationName": "westus", "failoverPriority": 1, "isZoneRedundant": false}],
      "databaseAccountOfferType": "Standard"}}'
    headers:
      Accept:
      - application/json
      Accept-Encoding:
      - gzip, deflate
      CommandName:
      - cosmosdb create
      Connection:
      - keep-alive
      Content-Length:
      - '275'
      Content-Type:
      - application/json; charset=utf-8
      ParameterSetName:
      - -n -g --locations --locations
      User-Agent:
      - python/3.7.4 (Windows-10-10.0.18362-SP0) msrest/0.6.10 msrest_azure/0.6.2
        azure-mgmt-cosmosdb/0.8.0 Azure-SDK-For-Python AZURECLI/2.0.75
      accept-language:
      - en-US
    method: PUT
    uri: https://management.azure.com/subscriptions/00000000-0000-0000-0000-000000000000/resourceGroups/cli_test_cosmosdb_account000001/providers/Microsoft.DocumentDB/databaseAccounts/cli000002?api-version=2015-04-08
  response:
    body:
      string: '{"id":"/subscriptions/00000000-0000-0000-0000-000000000000/resourceGroups/cli_test_cosmosdb_account000001/providers/Microsoft.DocumentDB/databaseAccounts/cli000002","name":"cli000002","location":"West
        US","type":"Microsoft.DocumentDB/databaseAccounts","kind":"GlobalDocumentDB","tags":{},"properties":{"provisioningState":"Initializing","ipRangeFilter":"","enableAutomaticFailover":false,"enableMultipleWriteLocations":false,"enablePartitionKeyMonitor":false,"isVirtualNetworkFilterEnabled":false,"virtualNetworkRules":[],"EnabledApiTypes":"Sql","disableKeyBasedMetadataWriteAccess":false,"databaseAccountOfferType":"Standard","consistencyPolicy":{"defaultConsistencyLevel":"Session","maxIntervalInSeconds":5,"maxStalenessPrefix":100},"configurationOverrides":{},"writeLocations":[{"id":"cli000002-eastus","locationName":"East
        US","provisioningState":"Initializing","failoverPriority":0,"isZoneRedundant":false}],"readLocations":[{"id":"cli000002-eastus","locationName":"East
        US","provisioningState":"Initializing","failoverPriority":0,"isZoneRedundant":false}],"locations":[{"id":"cli000002-eastus","locationName":"East
        US","provisioningState":"Initializing","failoverPriority":0,"isZoneRedundant":false}],"failoverPolicies":[{"id":"cli000002-eastus","locationName":"East
        US","failoverPriority":0}],"cors":[],"capabilities":[]}}'
    headers:
      azure-asyncoperation:
      - https://management.azure.com/subscriptions/00000000-0000-0000-0000-000000000000/providers/Microsoft.DocumentDB/locations/westus/operationsStatus/42980a54-bc71-4836-88b8-a04676639cae?api-version=2015-04-08
      cache-control:
      - no-store, no-cache
      content-length:
      - '1559'
      content-location:
      - https://management.documents.azure.com:450/subscriptions/0b1f6471-1bf0-4dda-aec3-cb9272f09590/resourceGroups/cli_test_cosmosdb_accountvqv4ikozdu3kuaimxvqvythus3fgzqbtrki7xoz5f4amudi6zt/providers/Microsoft.DocumentDB/databaseAccounts/cliwaq5noakghk5hvyv7vnccemdtgdra5qe7u4gm?api-version=2015-04-08
      content-type:
      - application/json
      date:
      - Wed, 16 Oct 2019 15:25:23 GMT
      location:
      - https://management.azure.com/subscriptions/00000000-0000-0000-0000-000000000000/resourceGroups/cli_test_cosmosdb_account000001/providers/Microsoft.DocumentDB/databaseAccounts/cli000002/operationResults/42980a54-bc71-4836-88b8-a04676639cae?api-version=2015-04-08
      pragma:
      - no-cache
      server:
      - Microsoft-HTTPAPI/2.0
      strict-transport-security:
      - max-age=31536000; includeSubDomains
      transfer-encoding:
      - chunked
      vary:
      - Accept-Encoding
      x-content-type-options:
      - nosniff
      x-ms-gatewayversion:
      - version=2.7.0
      x-ms-ratelimit-remaining-subscription-writes:
      - '1194'
    status:
      code: 200
      message: Ok
- request:
    body: null
    headers:
      Accept:
      - application/json
      Accept-Encoding:
      - gzip, deflate
      CommandName:
      - cosmosdb create
      Connection:
      - keep-alive
      ParameterSetName:
      - -n -g --locations --locations
      User-Agent:
      - python/3.7.4 (Windows-10-10.0.18362-SP0) msrest/0.6.10 msrest_azure/0.6.2
        azure-mgmt-cosmosdb/0.8.0 Azure-SDK-For-Python AZURECLI/2.0.75
    method: GET
    uri: https://management.azure.com/subscriptions/00000000-0000-0000-0000-000000000000/providers/Microsoft.DocumentDB/locations/westus/operationsStatus/42980a54-bc71-4836-88b8-a04676639cae?api-version=2015-04-08
  response:
    body:
      string: '{"status":"Dequeued","error":{}}'
    headers:
      cache-control:
      - no-store, no-cache
      content-length:
      - '32'
      content-location:
      - https://management.documents.azure.com:450/subscriptions/0b1f6471-1bf0-4dda-aec3-cb9272f09590/providers/Microsoft.DocumentDB/locations/westus/operationsStatus/42980a54-bc71-4836-88b8-a04676639cae?api-version=2015-04-08
      content-type:
      - application/json
      date:
      - Wed, 16 Oct 2019 15:25:55 GMT
      pragma:
      - no-cache
      server:
      - Microsoft-HTTPAPI/2.0
      strict-transport-security:
      - max-age=31536000; includeSubDomains
      transfer-encoding:
      - chunked
      vary:
      - Accept-Encoding
      x-content-type-options:
      - nosniff
      x-ms-gatewayversion:
      - version=2.7.0
    status:
      code: 200
      message: Ok
- request:
    body: null
    headers:
      Accept:
      - application/json
      Accept-Encoding:
      - gzip, deflate
      CommandName:
      - cosmosdb create
      Connection:
      - keep-alive
      ParameterSetName:
      - -n -g --locations --locations
      User-Agent:
      - python/3.7.4 (Windows-10-10.0.18362-SP0) msrest/0.6.10 msrest_azure/0.6.2
        azure-mgmt-cosmosdb/0.8.0 Azure-SDK-For-Python AZURECLI/2.0.75
    method: GET
    uri: https://management.azure.com/subscriptions/00000000-0000-0000-0000-000000000000/providers/Microsoft.DocumentDB/locations/westus/operationsStatus/42980a54-bc71-4836-88b8-a04676639cae?api-version=2015-04-08
  response:
    body:
      string: '{"status":"Dequeued","error":{}}'
    headers:
      cache-control:
      - no-store, no-cache
      content-length:
      - '32'
      content-location:
      - https://management.documents.azure.com:450/subscriptions/0b1f6471-1bf0-4dda-aec3-cb9272f09590/providers/Microsoft.DocumentDB/locations/westus/operationsStatus/42980a54-bc71-4836-88b8-a04676639cae?api-version=2015-04-08
      content-type:
      - application/json
      date:
      - Wed, 16 Oct 2019 15:26:25 GMT
      pragma:
      - no-cache
      server:
      - Microsoft-HTTPAPI/2.0
      strict-transport-security:
      - max-age=31536000; includeSubDomains
      transfer-encoding:
      - chunked
      vary:
      - Accept-Encoding
      x-content-type-options:
      - nosniff
      x-ms-gatewayversion:
      - version=2.7.0
    status:
      code: 200
      message: Ok
- request:
    body: null
    headers:
      Accept:
      - application/json
      Accept-Encoding:
      - gzip, deflate
      CommandName:
      - cosmosdb create
      Connection:
      - keep-alive
      ParameterSetName:
      - -n -g --locations --locations
      User-Agent:
      - python/3.7.4 (Windows-10-10.0.18362-SP0) msrest/0.6.10 msrest_azure/0.6.2
        azure-mgmt-cosmosdb/0.8.0 Azure-SDK-For-Python AZURECLI/2.0.75
    method: GET
    uri: https://management.azure.com/subscriptions/00000000-0000-0000-0000-000000000000/providers/Microsoft.DocumentDB/locations/westus/operationsStatus/42980a54-bc71-4836-88b8-a04676639cae?api-version=2015-04-08
  response:
    body:
      string: '{"status":"Dequeued","error":{}}'
    headers:
      cache-control:
      - no-store, no-cache
      content-length:
      - '32'
      content-location:
      - https://management.documents.azure.com:450/subscriptions/0b1f6471-1bf0-4dda-aec3-cb9272f09590/providers/Microsoft.DocumentDB/locations/westus/operationsStatus/42980a54-bc71-4836-88b8-a04676639cae?api-version=2015-04-08
      content-type:
      - application/json
      date:
      - Wed, 16 Oct 2019 15:26:55 GMT
      pragma:
      - no-cache
      server:
      - Microsoft-HTTPAPI/2.0
      strict-transport-security:
      - max-age=31536000; includeSubDomains
      transfer-encoding:
      - chunked
      vary:
      - Accept-Encoding
      x-content-type-options:
      - nosniff
      x-ms-gatewayversion:
      - version=2.7.0
    status:
      code: 200
      message: Ok
- request:
    body: null
    headers:
      Accept:
      - application/json
      Accept-Encoding:
      - gzip, deflate
      CommandName:
      - cosmosdb create
      Connection:
      - keep-alive
      ParameterSetName:
      - -n -g --locations --locations
      User-Agent:
      - python/3.7.4 (Windows-10-10.0.18362-SP0) msrest/0.6.10 msrest_azure/0.6.2
        azure-mgmt-cosmosdb/0.8.0 Azure-SDK-For-Python AZURECLI/2.0.75
    method: GET
    uri: https://management.azure.com/subscriptions/00000000-0000-0000-0000-000000000000/providers/Microsoft.DocumentDB/locations/westus/operationsStatus/42980a54-bc71-4836-88b8-a04676639cae?api-version=2015-04-08
  response:
    body:
      string: '{"status":"Dequeued","error":{}}'
    headers:
      cache-control:
      - no-store, no-cache
      content-length:
      - '32'
      content-location:
      - https://management.documents.azure.com:450/subscriptions/0b1f6471-1bf0-4dda-aec3-cb9272f09590/providers/Microsoft.DocumentDB/locations/westus/operationsStatus/42980a54-bc71-4836-88b8-a04676639cae?api-version=2015-04-08
      content-type:
      - application/json
      date:
      - Wed, 16 Oct 2019 15:27:25 GMT
      pragma:
      - no-cache
      server:
      - Microsoft-HTTPAPI/2.0
      strict-transport-security:
      - max-age=31536000; includeSubDomains
      transfer-encoding:
      - chunked
      vary:
      - Accept-Encoding
      x-content-type-options:
      - nosniff
      x-ms-gatewayversion:
      - version=2.7.0
    status:
      code: 200
      message: Ok
- request:
    body: null
    headers:
      Accept:
      - application/json
      Accept-Encoding:
      - gzip, deflate
      CommandName:
      - cosmosdb create
      Connection:
      - keep-alive
      ParameterSetName:
      - -n -g --locations --locations
      User-Agent:
      - python/3.7.4 (Windows-10-10.0.18362-SP0) msrest/0.6.10 msrest_azure/0.6.2
        azure-mgmt-cosmosdb/0.8.0 Azure-SDK-For-Python AZURECLI/2.0.75
    method: GET
    uri: https://management.azure.com/subscriptions/00000000-0000-0000-0000-000000000000/providers/Microsoft.DocumentDB/locations/westus/operationsStatus/42980a54-bc71-4836-88b8-a04676639cae?api-version=2015-04-08
  response:
    body:
      string: '{"status":"Dequeued","error":{}}'
    headers:
      cache-control:
      - no-store, no-cache
      content-length:
      - '32'
      content-location:
      - https://management.documents.azure.com:450/subscriptions/0b1f6471-1bf0-4dda-aec3-cb9272f09590/providers/Microsoft.DocumentDB/locations/westus/operationsStatus/42980a54-bc71-4836-88b8-a04676639cae?api-version=2015-04-08
      content-type:
      - application/json
      date:
      - Wed, 16 Oct 2019 15:27:55 GMT
      pragma:
      - no-cache
      server:
      - Microsoft-HTTPAPI/2.0
      strict-transport-security:
      - max-age=31536000; includeSubDomains
      transfer-encoding:
      - chunked
      vary:
      - Accept-Encoding
      x-content-type-options:
      - nosniff
      x-ms-gatewayversion:
      - version=2.7.0
    status:
      code: 200
      message: Ok
- request:
    body: null
    headers:
      Accept:
      - application/json
      Accept-Encoding:
      - gzip, deflate
      CommandName:
      - cosmosdb create
      Connection:
      - keep-alive
      ParameterSetName:
      - -n -g --locations --locations
      User-Agent:
      - python/3.7.4 (Windows-10-10.0.18362-SP0) msrest/0.6.10 msrest_azure/0.6.2
        azure-mgmt-cosmosdb/0.8.0 Azure-SDK-For-Python AZURECLI/2.0.75
    method: GET
    uri: https://management.azure.com/subscriptions/00000000-0000-0000-0000-000000000000/providers/Microsoft.DocumentDB/locations/westus/operationsStatus/42980a54-bc71-4836-88b8-a04676639cae?api-version=2015-04-08
  response:
    body:
      string: '{"status":"Dequeued","error":{}}'
    headers:
      cache-control:
      - no-store, no-cache
      content-length:
      - '32'
      content-location:
      - https://management.documents.azure.com:450/subscriptions/0b1f6471-1bf0-4dda-aec3-cb9272f09590/providers/Microsoft.DocumentDB/locations/westus/operationsStatus/42980a54-bc71-4836-88b8-a04676639cae?api-version=2015-04-08
      content-type:
      - application/json
      date:
      - Wed, 16 Oct 2019 15:28:26 GMT
      pragma:
      - no-cache
      server:
      - Microsoft-HTTPAPI/2.0
      strict-transport-security:
      - max-age=31536000; includeSubDomains
      transfer-encoding:
      - chunked
      vary:
      - Accept-Encoding
      x-content-type-options:
      - nosniff
      x-ms-gatewayversion:
      - version=2.7.0
    status:
      code: 200
      message: Ok
- request:
    body: null
    headers:
      Accept:
      - application/json
      Accept-Encoding:
      - gzip, deflate
      CommandName:
      - cosmosdb create
      Connection:
      - keep-alive
      ParameterSetName:
      - -n -g --locations --locations
      User-Agent:
      - python/3.7.4 (Windows-10-10.0.18362-SP0) msrest/0.6.10 msrest_azure/0.6.2
        azure-mgmt-cosmosdb/0.8.0 Azure-SDK-For-Python AZURECLI/2.0.75
    method: GET
    uri: https://management.azure.com/subscriptions/00000000-0000-0000-0000-000000000000/providers/Microsoft.DocumentDB/locations/westus/operationsStatus/42980a54-bc71-4836-88b8-a04676639cae?api-version=2015-04-08
  response:
    body:
      string: '{"status":"Dequeued","error":{}}'
    headers:
      cache-control:
      - no-store, no-cache
      content-length:
      - '32'
      content-location:
      - https://management.documents.azure.com:450/subscriptions/0b1f6471-1bf0-4dda-aec3-cb9272f09590/providers/Microsoft.DocumentDB/locations/westus/operationsStatus/42980a54-bc71-4836-88b8-a04676639cae?api-version=2015-04-08
      content-type:
      - application/json
      date:
      - Wed, 16 Oct 2019 15:28:56 GMT
      pragma:
      - no-cache
      server:
      - Microsoft-HTTPAPI/2.0
      strict-transport-security:
      - max-age=31536000; includeSubDomains
      transfer-encoding:
      - chunked
      vary:
      - Accept-Encoding
      x-content-type-options:
      - nosniff
      x-ms-gatewayversion:
      - version=2.7.0
    status:
      code: 200
      message: Ok
- request:
    body: null
    headers:
      Accept:
      - application/json
      Accept-Encoding:
      - gzip, deflate
      CommandName:
      - cosmosdb create
      Connection:
      - keep-alive
      ParameterSetName:
      - -n -g --locations --locations
      User-Agent:
      - python/3.7.4 (Windows-10-10.0.18362-SP0) msrest/0.6.10 msrest_azure/0.6.2
        azure-mgmt-cosmosdb/0.8.0 Azure-SDK-For-Python AZURECLI/2.0.75
    method: GET
    uri: https://management.azure.com/subscriptions/00000000-0000-0000-0000-000000000000/providers/Microsoft.DocumentDB/locations/westus/operationsStatus/42980a54-bc71-4836-88b8-a04676639cae?api-version=2015-04-08
  response:
    body:
      string: '{"status":"Dequeued","error":{}}'
    headers:
      cache-control:
      - no-store, no-cache
      content-length:
      - '32'
      content-location:
      - https://management.documents.azure.com:450/subscriptions/0b1f6471-1bf0-4dda-aec3-cb9272f09590/providers/Microsoft.DocumentDB/locations/westus/operationsStatus/42980a54-bc71-4836-88b8-a04676639cae?api-version=2015-04-08
      content-type:
      - application/json
      date:
      - Wed, 16 Oct 2019 15:29:28 GMT
      pragma:
      - no-cache
      server:
      - Microsoft-HTTPAPI/2.0
      strict-transport-security:
      - max-age=31536000; includeSubDomains
      transfer-encoding:
      - chunked
      vary:
      - Accept-Encoding
      x-content-type-options:
      - nosniff
      x-ms-gatewayversion:
      - version=2.7.0
    status:
      code: 200
      message: Ok
- request:
    body: null
    headers:
      Accept:
      - application/json
      Accept-Encoding:
      - gzip, deflate
      CommandName:
      - cosmosdb create
      Connection:
      - keep-alive
      ParameterSetName:
      - -n -g --locations --locations
      User-Agent:
      - python/3.7.4 (Windows-10-10.0.18362-SP0) msrest/0.6.10 msrest_azure/0.6.2
        azure-mgmt-cosmosdb/0.8.0 Azure-SDK-For-Python AZURECLI/2.0.75
    method: GET
    uri: https://management.azure.com/subscriptions/00000000-0000-0000-0000-000000000000/providers/Microsoft.DocumentDB/locations/westus/operationsStatus/42980a54-bc71-4836-88b8-a04676639cae?api-version=2015-04-08
  response:
    body:
      string: '{"status":"Dequeued","error":{}}'
    headers:
      cache-control:
      - no-store, no-cache
      content-length:
      - '32'
      content-location:
      - https://management.documents.azure.com:450/subscriptions/0b1f6471-1bf0-4dda-aec3-cb9272f09590/providers/Microsoft.DocumentDB/locations/westus/operationsStatus/42980a54-bc71-4836-88b8-a04676639cae?api-version=2015-04-08
      content-type:
      - application/json
      date:
      - Wed, 16 Oct 2019 15:29:58 GMT
      pragma:
      - no-cache
      server:
      - Microsoft-HTTPAPI/2.0
      strict-transport-security:
      - max-age=31536000; includeSubDomains
      transfer-encoding:
      - chunked
      vary:
      - Accept-Encoding
      x-content-type-options:
      - nosniff
      x-ms-gatewayversion:
      - version=2.7.0
    status:
      code: 200
      message: Ok
- request:
    body: null
    headers:
      Accept:
      - application/json
      Accept-Encoding:
      - gzip, deflate
      CommandName:
      - cosmosdb create
      Connection:
      - keep-alive
      ParameterSetName:
      - -n -g --locations --locations
      User-Agent:
      - python/3.7.4 (Windows-10-10.0.18362-SP0) msrest/0.6.10 msrest_azure/0.6.2
        azure-mgmt-cosmosdb/0.8.0 Azure-SDK-For-Python AZURECLI/2.0.75
    method: GET
    uri: https://management.azure.com/subscriptions/00000000-0000-0000-0000-000000000000/providers/Microsoft.DocumentDB/locations/westus/operationsStatus/42980a54-bc71-4836-88b8-a04676639cae?api-version=2015-04-08
  response:
    body:
      string: '{"status":"Dequeued","error":{}}'
    headers:
      cache-control:
      - no-store, no-cache
      content-length:
      - '32'
      content-location:
      - https://management.documents.azure.com:450/subscriptions/0b1f6471-1bf0-4dda-aec3-cb9272f09590/providers/Microsoft.DocumentDB/locations/westus/operationsStatus/42980a54-bc71-4836-88b8-a04676639cae?api-version=2015-04-08
      content-type:
      - application/json
      date:
      - Wed, 16 Oct 2019 15:30:30 GMT
      pragma:
      - no-cache
      server:
      - Microsoft-HTTPAPI/2.0
      strict-transport-security:
      - max-age=31536000; includeSubDomains
      transfer-encoding:
      - chunked
      vary:
      - Accept-Encoding
      x-content-type-options:
      - nosniff
      x-ms-gatewayversion:
      - version=2.7.0
    status:
      code: 200
      message: Ok
- request:
    body: null
    headers:
      Accept:
      - application/json
      Accept-Encoding:
      - gzip, deflate
      CommandName:
      - cosmosdb create
      Connection:
      - keep-alive
      ParameterSetName:
      - -n -g --locations --locations
      User-Agent:
      - python/3.7.4 (Windows-10-10.0.18362-SP0) msrest/0.6.10 msrest_azure/0.6.2
        azure-mgmt-cosmosdb/0.8.0 Azure-SDK-For-Python AZURECLI/2.0.75
    method: GET
    uri: https://management.azure.com/subscriptions/00000000-0000-0000-0000-000000000000/providers/Microsoft.DocumentDB/locations/westus/operationsStatus/42980a54-bc71-4836-88b8-a04676639cae?api-version=2015-04-08
  response:
    body:
      string: '{"status":"Dequeued","error":{}}'
    headers:
      cache-control:
      - no-store, no-cache
      content-length:
      - '32'
      content-location:
      - https://management.documents.azure.com:450/subscriptions/0b1f6471-1bf0-4dda-aec3-cb9272f09590/providers/Microsoft.DocumentDB/locations/westus/operationsStatus/42980a54-bc71-4836-88b8-a04676639cae?api-version=2015-04-08
      content-type:
      - application/json
      date:
      - Wed, 16 Oct 2019 15:31:01 GMT
      pragma:
      - no-cache
      server:
      - Microsoft-HTTPAPI/2.0
      strict-transport-security:
      - max-age=31536000; includeSubDomains
      transfer-encoding:
      - chunked
      vary:
      - Accept-Encoding
      x-content-type-options:
      - nosniff
      x-ms-gatewayversion:
      - version=2.7.0
    status:
      code: 200
      message: Ok
- request:
    body: null
    headers:
      Accept:
      - application/json
      Accept-Encoding:
      - gzip, deflate
      CommandName:
      - cosmosdb create
      Connection:
      - keep-alive
      ParameterSetName:
      - -n -g --locations --locations
      User-Agent:
      - python/3.7.4 (Windows-10-10.0.18362-SP0) msrest/0.6.10 msrest_azure/0.6.2
        azure-mgmt-cosmosdb/0.8.0 Azure-SDK-For-Python AZURECLI/2.0.75
    method: GET
    uri: https://management.azure.com/subscriptions/00000000-0000-0000-0000-000000000000/providers/Microsoft.DocumentDB/locations/westus/operationsStatus/42980a54-bc71-4836-88b8-a04676639cae?api-version=2015-04-08
  response:
    body:
      string: '{"status":"Dequeued","error":{}}'
    headers:
      cache-control:
      - no-store, no-cache
      content-length:
      - '32'
      content-location:
      - https://management.documents.azure.com:450/subscriptions/0b1f6471-1bf0-4dda-aec3-cb9272f09590/providers/Microsoft.DocumentDB/locations/westus/operationsStatus/42980a54-bc71-4836-88b8-a04676639cae?api-version=2015-04-08
      content-type:
      - application/json
      date:
      - Wed, 16 Oct 2019 15:31:33 GMT
      pragma:
      - no-cache
      server:
      - Microsoft-HTTPAPI/2.0
      strict-transport-security:
      - max-age=31536000; includeSubDomains
      transfer-encoding:
      - chunked
      vary:
      - Accept-Encoding
      x-content-type-options:
      - nosniff
      x-ms-gatewayversion:
      - version=2.7.0
    status:
      code: 200
      message: Ok
- request:
    body: null
    headers:
      Accept:
      - application/json
      Accept-Encoding:
      - gzip, deflate
      CommandName:
      - cosmosdb create
      Connection:
      - keep-alive
      ParameterSetName:
      - -n -g --locations --locations
      User-Agent:
      - python/3.7.4 (Windows-10-10.0.18362-SP0) msrest/0.6.10 msrest_azure/0.6.2
        azure-mgmt-cosmosdb/0.8.0 Azure-SDK-For-Python AZURECLI/2.0.75
    method: GET
    uri: https://management.azure.com/subscriptions/00000000-0000-0000-0000-000000000000/providers/Microsoft.DocumentDB/locations/westus/operationsStatus/42980a54-bc71-4836-88b8-a04676639cae?api-version=2015-04-08
  response:
    body:
      string: '{"status":"Dequeued","error":{}}'
    headers:
      cache-control:
      - no-store, no-cache
      content-length:
      - '32'
      content-location:
      - https://management.documents.azure.com:450/subscriptions/0b1f6471-1bf0-4dda-aec3-cb9272f09590/providers/Microsoft.DocumentDB/locations/westus/operationsStatus/42980a54-bc71-4836-88b8-a04676639cae?api-version=2015-04-08
      content-type:
      - application/json
      date:
      - Wed, 16 Oct 2019 15:32:02 GMT
      pragma:
      - no-cache
      server:
      - Microsoft-HTTPAPI/2.0
      strict-transport-security:
      - max-age=31536000; includeSubDomains
      transfer-encoding:
      - chunked
      vary:
      - Accept-Encoding
      x-content-type-options:
      - nosniff
      x-ms-gatewayversion:
      - version=2.7.0
    status:
      code: 200
      message: Ok
- request:
    body: null
    headers:
      Accept:
      - application/json
      Accept-Encoding:
      - gzip, deflate
      CommandName:
      - cosmosdb create
      Connection:
      - keep-alive
      ParameterSetName:
      - -n -g --locations --locations
      User-Agent:
      - python/3.7.4 (Windows-10-10.0.18362-SP0) msrest/0.6.10 msrest_azure/0.6.2
        azure-mgmt-cosmosdb/0.8.0 Azure-SDK-For-Python AZURECLI/2.0.75
    method: GET
    uri: https://management.azure.com/subscriptions/00000000-0000-0000-0000-000000000000/providers/Microsoft.DocumentDB/locations/westus/operationsStatus/42980a54-bc71-4836-88b8-a04676639cae?api-version=2015-04-08
  response:
    body:
      string: '{"status":"Dequeued","error":{}}'
    headers:
      cache-control:
      - no-store, no-cache
      content-length:
      - '32'
      content-location:
      - https://management.documents.azure.com:450/subscriptions/0b1f6471-1bf0-4dda-aec3-cb9272f09590/providers/Microsoft.DocumentDB/locations/westus/operationsStatus/42980a54-bc71-4836-88b8-a04676639cae?api-version=2015-04-08
      content-type:
      - application/json
      date:
      - Wed, 16 Oct 2019 15:32:34 GMT
      pragma:
      - no-cache
      server:
      - Microsoft-HTTPAPI/2.0
      strict-transport-security:
      - max-age=31536000; includeSubDomains
      transfer-encoding:
      - chunked
      vary:
      - Accept-Encoding
      x-content-type-options:
      - nosniff
      x-ms-gatewayversion:
      - version=2.7.0
    status:
      code: 200
      message: Ok
- request:
    body: null
    headers:
      Accept:
      - application/json
      Accept-Encoding:
      - gzip, deflate
      CommandName:
      - cosmosdb create
      Connection:
      - keep-alive
      ParameterSetName:
      - -n -g --locations --locations
      User-Agent:
      - python/3.7.4 (Windows-10-10.0.18362-SP0) msrest/0.6.10 msrest_azure/0.6.2
        azure-mgmt-cosmosdb/0.8.0 Azure-SDK-For-Python AZURECLI/2.0.75
    method: GET
    uri: https://management.azure.com/subscriptions/00000000-0000-0000-0000-000000000000/providers/Microsoft.DocumentDB/locations/westus/operationsStatus/42980a54-bc71-4836-88b8-a04676639cae?api-version=2015-04-08
  response:
    body:
      string: '{"status":"Dequeued","error":{}}'
    headers:
      cache-control:
      - no-store, no-cache
      content-length:
      - '32'
      content-location:
      - https://management.documents.azure.com:450/subscriptions/0b1f6471-1bf0-4dda-aec3-cb9272f09590/providers/Microsoft.DocumentDB/locations/westus/operationsStatus/42980a54-bc71-4836-88b8-a04676639cae?api-version=2015-04-08
      content-type:
      - application/json
      date:
      - Wed, 16 Oct 2019 15:33:05 GMT
      pragma:
      - no-cache
      server:
      - Microsoft-HTTPAPI/2.0
      strict-transport-security:
      - max-age=31536000; includeSubDomains
      transfer-encoding:
      - chunked
      vary:
      - Accept-Encoding
      x-content-type-options:
      - nosniff
      x-ms-gatewayversion:
      - version=2.7.0
    status:
      code: 200
      message: Ok
- request:
    body: null
    headers:
      Accept:
      - application/json
      Accept-Encoding:
      - gzip, deflate
      CommandName:
      - cosmosdb create
      Connection:
      - keep-alive
      ParameterSetName:
      - -n -g --locations --locations
      User-Agent:
      - python/3.7.4 (Windows-10-10.0.18362-SP0) msrest/0.6.10 msrest_azure/0.6.2
        azure-mgmt-cosmosdb/0.8.0 Azure-SDK-For-Python AZURECLI/2.0.75
    method: GET
    uri: https://management.azure.com/subscriptions/00000000-0000-0000-0000-000000000000/providers/Microsoft.DocumentDB/locations/westus/operationsStatus/42980a54-bc71-4836-88b8-a04676639cae?api-version=2015-04-08
  response:
    body:
      string: '{"status":"Dequeued","error":{}}'
    headers:
      cache-control:
      - no-store, no-cache
      content-length:
      - '32'
      content-location:
      - https://management.documents.azure.com:450/subscriptions/0b1f6471-1bf0-4dda-aec3-cb9272f09590/providers/Microsoft.DocumentDB/locations/westus/operationsStatus/42980a54-bc71-4836-88b8-a04676639cae?api-version=2015-04-08
      content-type:
      - application/json
      date:
      - Wed, 16 Oct 2019 15:33:37 GMT
      pragma:
      - no-cache
      server:
      - Microsoft-HTTPAPI/2.0
      strict-transport-security:
      - max-age=31536000; includeSubDomains
      transfer-encoding:
      - chunked
      vary:
      - Accept-Encoding
      x-content-type-options:
      - nosniff
      x-ms-gatewayversion:
      - version=2.7.0
    status:
      code: 200
      message: Ok
- request:
    body: null
    headers:
      Accept:
      - application/json
      Accept-Encoding:
      - gzip, deflate
      CommandName:
      - cosmosdb create
      Connection:
      - keep-alive
      ParameterSetName:
      - -n -g --locations --locations
      User-Agent:
      - python/3.7.4 (Windows-10-10.0.18362-SP0) msrest/0.6.10 msrest_azure/0.6.2
        azure-mgmt-cosmosdb/0.8.0 Azure-SDK-For-Python AZURECLI/2.0.75
    method: GET
    uri: https://management.azure.com/subscriptions/00000000-0000-0000-0000-000000000000/providers/Microsoft.DocumentDB/locations/westus/operationsStatus/42980a54-bc71-4836-88b8-a04676639cae?api-version=2015-04-08
  response:
    body:
      string: '{"status":"Dequeued","error":{}}'
    headers:
      cache-control:
      - no-store, no-cache
      content-length:
      - '32'
      content-location:
      - https://management.documents.azure.com:450/subscriptions/0b1f6471-1bf0-4dda-aec3-cb9272f09590/providers/Microsoft.DocumentDB/locations/westus/operationsStatus/42980a54-bc71-4836-88b8-a04676639cae?api-version=2015-04-08
      content-type:
      - application/json
      date:
      - Wed, 16 Oct 2019 15:34:08 GMT
      pragma:
      - no-cache
      server:
      - Microsoft-HTTPAPI/2.0
      strict-transport-security:
      - max-age=31536000; includeSubDomains
      transfer-encoding:
      - chunked
      vary:
      - Accept-Encoding
      x-content-type-options:
      - nosniff
      x-ms-gatewayversion:
      - version=2.7.0
    status:
      code: 200
      message: Ok
- request:
    body: null
    headers:
      Accept:
      - application/json
      Accept-Encoding:
      - gzip, deflate
      CommandName:
      - cosmosdb create
      Connection:
      - keep-alive
      ParameterSetName:
      - -n -g --locations --locations
      User-Agent:
      - python/3.7.4 (Windows-10-10.0.18362-SP0) msrest/0.6.10 msrest_azure/0.6.2
        azure-mgmt-cosmosdb/0.8.0 Azure-SDK-For-Python AZURECLI/2.0.75
    method: GET
    uri: https://management.azure.com/subscriptions/00000000-0000-0000-0000-000000000000/providers/Microsoft.DocumentDB/locations/westus/operationsStatus/42980a54-bc71-4836-88b8-a04676639cae?api-version=2015-04-08
  response:
    body:
      string: '{"status":"Dequeued","error":{}}'
    headers:
      cache-control:
      - no-store, no-cache
      content-length:
      - '32'
      content-location:
      - https://management.documents.azure.com:450/subscriptions/0b1f6471-1bf0-4dda-aec3-cb9272f09590/providers/Microsoft.DocumentDB/locations/westus/operationsStatus/42980a54-bc71-4836-88b8-a04676639cae?api-version=2015-04-08
      content-type:
      - application/json
      date:
      - Wed, 16 Oct 2019 15:34:39 GMT
      pragma:
      - no-cache
      server:
      - Microsoft-HTTPAPI/2.0
      strict-transport-security:
      - max-age=31536000; includeSubDomains
      transfer-encoding:
      - chunked
      vary:
      - Accept-Encoding
      x-content-type-options:
      - nosniff
      x-ms-gatewayversion:
      - version=2.7.0
    status:
      code: 200
      message: Ok
- request:
    body: null
    headers:
      Accept:
      - application/json
      Accept-Encoding:
      - gzip, deflate
      CommandName:
      - cosmosdb create
      Connection:
      - keep-alive
      ParameterSetName:
      - -n -g --locations --locations
      User-Agent:
      - python/3.7.4 (Windows-10-10.0.18362-SP0) msrest/0.6.10 msrest_azure/0.6.2
        azure-mgmt-cosmosdb/0.8.0 Azure-SDK-For-Python AZURECLI/2.0.75
    method: GET
    uri: https://management.azure.com/subscriptions/00000000-0000-0000-0000-000000000000/providers/Microsoft.DocumentDB/locations/westus/operationsStatus/42980a54-bc71-4836-88b8-a04676639cae?api-version=2015-04-08
  response:
    body:
      string: '{"status":"Dequeued","error":{}}'
    headers:
      cache-control:
      - no-store, no-cache
      content-length:
      - '32'
      content-location:
      - https://management.documents.azure.com:450/subscriptions/0b1f6471-1bf0-4dda-aec3-cb9272f09590/providers/Microsoft.DocumentDB/locations/westus/operationsStatus/42980a54-bc71-4836-88b8-a04676639cae?api-version=2015-04-08
      content-type:
      - application/json
      date:
      - Wed, 16 Oct 2019 15:35:11 GMT
      pragma:
      - no-cache
      server:
      - Microsoft-HTTPAPI/2.0
      strict-transport-security:
      - max-age=31536000; includeSubDomains
      transfer-encoding:
      - chunked
      vary:
      - Accept-Encoding
      x-content-type-options:
      - nosniff
      x-ms-gatewayversion:
      - version=2.7.0
    status:
      code: 200
      message: Ok
- request:
    body: null
    headers:
      Accept:
      - application/json
      Accept-Encoding:
      - gzip, deflate
      CommandName:
      - cosmosdb create
      Connection:
      - keep-alive
      ParameterSetName:
      - -n -g --locations --locations
      User-Agent:
      - python/3.7.4 (Windows-10-10.0.18362-SP0) msrest/0.6.10 msrest_azure/0.6.2
        azure-mgmt-cosmosdb/0.8.0 Azure-SDK-For-Python AZURECLI/2.0.75
    method: GET
    uri: https://management.azure.com/subscriptions/00000000-0000-0000-0000-000000000000/providers/Microsoft.DocumentDB/locations/westus/operationsStatus/42980a54-bc71-4836-88b8-a04676639cae?api-version=2015-04-08
  response:
    body:
      string: '{"status":"Dequeued","error":{}}'
    headers:
      cache-control:
      - no-store, no-cache
      content-length:
      - '32'
      content-location:
      - https://management.documents.azure.com:450/subscriptions/0b1f6471-1bf0-4dda-aec3-cb9272f09590/providers/Microsoft.DocumentDB/locations/westus/operationsStatus/42980a54-bc71-4836-88b8-a04676639cae?api-version=2015-04-08
      content-type:
      - application/json
      date:
      - Wed, 16 Oct 2019 15:35:41 GMT
      pragma:
      - no-cache
      server:
      - Microsoft-HTTPAPI/2.0
      strict-transport-security:
      - max-age=31536000; includeSubDomains
      transfer-encoding:
      - chunked
      vary:
      - Accept-Encoding
      x-content-type-options:
      - nosniff
      x-ms-gatewayversion:
      - version=2.7.0
    status:
      code: 200
      message: Ok
- request:
    body: null
    headers:
      Accept:
      - application/json
      Accept-Encoding:
      - gzip, deflate
      CommandName:
      - cosmosdb create
      Connection:
      - keep-alive
      ParameterSetName:
      - -n -g --locations --locations
      User-Agent:
      - python/3.7.4 (Windows-10-10.0.18362-SP0) msrest/0.6.10 msrest_azure/0.6.2
        azure-mgmt-cosmosdb/0.8.0 Azure-SDK-For-Python AZURECLI/2.0.75
    method: GET
    uri: https://management.azure.com/subscriptions/00000000-0000-0000-0000-000000000000/providers/Microsoft.DocumentDB/locations/westus/operationsStatus/42980a54-bc71-4836-88b8-a04676639cae?api-version=2015-04-08
  response:
    body:
      string: '{"status":"Dequeued","error":{}}'
    headers:
      cache-control:
      - no-store, no-cache
      content-length:
      - '32'
      content-location:
      - https://management.documents.azure.com:450/subscriptions/0b1f6471-1bf0-4dda-aec3-cb9272f09590/providers/Microsoft.DocumentDB/locations/westus/operationsStatus/42980a54-bc71-4836-88b8-a04676639cae?api-version=2015-04-08
      content-type:
      - application/json
      date:
      - Wed, 16 Oct 2019 15:36:12 GMT
      pragma:
      - no-cache
      server:
      - Microsoft-HTTPAPI/2.0
      strict-transport-security:
      - max-age=31536000; includeSubDomains
      transfer-encoding:
      - chunked
      vary:
      - Accept-Encoding
      x-content-type-options:
      - nosniff
      x-ms-gatewayversion:
      - version=2.7.0
    status:
      code: 200
      message: Ok
- request:
    body: null
    headers:
      Accept:
      - application/json
      Accept-Encoding:
      - gzip, deflate
      CommandName:
      - cosmosdb create
      Connection:
      - keep-alive
      ParameterSetName:
      - -n -g --locations --locations
      User-Agent:
      - python/3.7.4 (Windows-10-10.0.18362-SP0) msrest/0.6.10 msrest_azure/0.6.2
        azure-mgmt-cosmosdb/0.8.0 Azure-SDK-For-Python AZURECLI/2.0.75
    method: GET
    uri: https://management.azure.com/subscriptions/00000000-0000-0000-0000-000000000000/providers/Microsoft.DocumentDB/locations/westus/operationsStatus/42980a54-bc71-4836-88b8-a04676639cae?api-version=2015-04-08
  response:
    body:
      string: '{"status":"Dequeued","error":{}}'
    headers:
      cache-control:
      - no-store, no-cache
      content-length:
      - '32'
      content-location:
      - https://management.documents.azure.com:450/subscriptions/0b1f6471-1bf0-4dda-aec3-cb9272f09590/providers/Microsoft.DocumentDB/locations/westus/operationsStatus/42980a54-bc71-4836-88b8-a04676639cae?api-version=2015-04-08
      content-type:
      - application/json
      date:
      - Wed, 16 Oct 2019 15:36:42 GMT
      pragma:
      - no-cache
      server:
      - Microsoft-HTTPAPI/2.0
      strict-transport-security:
      - max-age=31536000; includeSubDomains
      transfer-encoding:
      - chunked
      vary:
      - Accept-Encoding
      x-content-type-options:
      - nosniff
      x-ms-gatewayversion:
      - version=2.7.0
    status:
      code: 200
      message: Ok
- request:
    body: null
    headers:
      Accept:
      - application/json
      Accept-Encoding:
      - gzip, deflate
      CommandName:
      - cosmosdb create
      Connection:
      - keep-alive
      ParameterSetName:
      - -n -g --locations --locations
      User-Agent:
      - python/3.7.4 (Windows-10-10.0.18362-SP0) msrest/0.6.10 msrest_azure/0.6.2
        azure-mgmt-cosmosdb/0.8.0 Azure-SDK-For-Python AZURECLI/2.0.75
    method: GET
    uri: https://management.azure.com/subscriptions/00000000-0000-0000-0000-000000000000/providers/Microsoft.DocumentDB/locations/westus/operationsStatus/42980a54-bc71-4836-88b8-a04676639cae?api-version=2015-04-08
  response:
    body:
      string: '{"status":"Dequeued","error":{}}'
    headers:
      cache-control:
      - no-store, no-cache
      content-length:
      - '32'
      content-location:
      - https://management.documents.azure.com:450/subscriptions/0b1f6471-1bf0-4dda-aec3-cb9272f09590/providers/Microsoft.DocumentDB/locations/westus/operationsStatus/42980a54-bc71-4836-88b8-a04676639cae?api-version=2015-04-08
      content-type:
      - application/json
      date:
      - Wed, 16 Oct 2019 15:37:14 GMT
      pragma:
      - no-cache
      server:
      - Microsoft-HTTPAPI/2.0
      strict-transport-security:
      - max-age=31536000; includeSubDomains
      transfer-encoding:
      - chunked
      vary:
      - Accept-Encoding
      x-content-type-options:
      - nosniff
      x-ms-gatewayversion:
      - version=2.7.0
    status:
      code: 200
      message: Ok
- request:
    body: null
    headers:
      Accept:
      - application/json
      Accept-Encoding:
      - gzip, deflate
      CommandName:
      - cosmosdb create
      Connection:
      - keep-alive
      ParameterSetName:
      - -n -g --locations --locations
      User-Agent:
      - python/3.7.4 (Windows-10-10.0.18362-SP0) msrest/0.6.10 msrest_azure/0.6.2
        azure-mgmt-cosmosdb/0.8.0 Azure-SDK-For-Python AZURECLI/2.0.75
    method: GET
    uri: https://management.azure.com/subscriptions/00000000-0000-0000-0000-000000000000/providers/Microsoft.DocumentDB/locations/westus/operationsStatus/42980a54-bc71-4836-88b8-a04676639cae?api-version=2015-04-08
  response:
    body:
      string: '{"status":"Dequeued","error":{}}'
    headers:
      cache-control:
      - no-store, no-cache
      content-length:
      - '32'
      content-location:
      - https://management.documents.azure.com:450/subscriptions/0b1f6471-1bf0-4dda-aec3-cb9272f09590/providers/Microsoft.DocumentDB/locations/westus/operationsStatus/42980a54-bc71-4836-88b8-a04676639cae?api-version=2015-04-08
      content-type:
      - application/json
      date:
      - Wed, 16 Oct 2019 15:37:44 GMT
      pragma:
      - no-cache
      server:
      - Microsoft-HTTPAPI/2.0
      strict-transport-security:
      - max-age=31536000; includeSubDomains
      transfer-encoding:
      - chunked
      vary:
      - Accept-Encoding
      x-content-type-options:
      - nosniff
      x-ms-gatewayversion:
      - version=2.7.0
    status:
      code: 200
      message: Ok
- request:
    body: null
    headers:
      Accept:
      - application/json
      Accept-Encoding:
      - gzip, deflate
      CommandName:
      - cosmosdb create
      Connection:
      - keep-alive
      ParameterSetName:
      - -n -g --locations --locations
      User-Agent:
      - python/3.7.4 (Windows-10-10.0.18362-SP0) msrest/0.6.10 msrest_azure/0.6.2
        azure-mgmt-cosmosdb/0.8.0 Azure-SDK-For-Python AZURECLI/2.0.75
    method: GET
    uri: https://management.azure.com/subscriptions/00000000-0000-0000-0000-000000000000/providers/Microsoft.DocumentDB/locations/westus/operationsStatus/42980a54-bc71-4836-88b8-a04676639cae?api-version=2015-04-08
  response:
    body:
      string: '{"status":"Dequeued","error":{}}'
    headers:
      cache-control:
      - no-store, no-cache
      content-length:
      - '32'
      content-location:
      - https://management.documents.azure.com:450/subscriptions/0b1f6471-1bf0-4dda-aec3-cb9272f09590/providers/Microsoft.DocumentDB/locations/westus/operationsStatus/42980a54-bc71-4836-88b8-a04676639cae?api-version=2015-04-08
      content-type:
      - application/json
      date:
      - Wed, 16 Oct 2019 15:38:16 GMT
      pragma:
      - no-cache
      server:
      - Microsoft-HTTPAPI/2.0
      strict-transport-security:
      - max-age=31536000; includeSubDomains
      transfer-encoding:
      - chunked
      vary:
      - Accept-Encoding
      x-content-type-options:
      - nosniff
      x-ms-gatewayversion:
      - version=2.7.0
    status:
      code: 200
      message: Ok
- request:
    body: null
    headers:
      Accept:
      - application/json
      Accept-Encoding:
      - gzip, deflate
      CommandName:
      - cosmosdb create
      Connection:
      - keep-alive
      ParameterSetName:
      - -n -g --locations --locations
      User-Agent:
      - python/3.7.4 (Windows-10-10.0.18362-SP0) msrest/0.6.10 msrest_azure/0.6.2
        azure-mgmt-cosmosdb/0.8.0 Azure-SDK-For-Python AZURECLI/2.0.75
    method: GET
    uri: https://management.azure.com/subscriptions/00000000-0000-0000-0000-000000000000/providers/Microsoft.DocumentDB/locations/westus/operationsStatus/42980a54-bc71-4836-88b8-a04676639cae?api-version=2015-04-08
  response:
    body:
      string: '{"status":"Dequeued","error":{}}'
    headers:
      cache-control:
      - no-store, no-cache
      content-length:
      - '32'
      content-location:
      - https://management.documents.azure.com:450/subscriptions/0b1f6471-1bf0-4dda-aec3-cb9272f09590/providers/Microsoft.DocumentDB/locations/westus/operationsStatus/42980a54-bc71-4836-88b8-a04676639cae?api-version=2015-04-08
      content-type:
      - application/json
      date:
      - Wed, 16 Oct 2019 15:38:47 GMT
      pragma:
      - no-cache
      server:
      - Microsoft-HTTPAPI/2.0
      strict-transport-security:
      - max-age=31536000; includeSubDomains
      transfer-encoding:
      - chunked
      vary:
      - Accept-Encoding
      x-content-type-options:
      - nosniff
      x-ms-gatewayversion:
      - version=2.7.0
    status:
      code: 200
      message: Ok
- request:
    body: null
    headers:
      Accept:
      - application/json
      Accept-Encoding:
      - gzip, deflate
      CommandName:
      - cosmosdb create
      Connection:
      - keep-alive
      ParameterSetName:
      - -n -g --locations --locations
      User-Agent:
      - python/3.7.4 (Windows-10-10.0.18362-SP0) msrest/0.6.10 msrest_azure/0.6.2
        azure-mgmt-cosmosdb/0.8.0 Azure-SDK-For-Python AZURECLI/2.0.75
    method: GET
    uri: https://management.azure.com/subscriptions/00000000-0000-0000-0000-000000000000/providers/Microsoft.DocumentDB/locations/westus/operationsStatus/42980a54-bc71-4836-88b8-a04676639cae?api-version=2015-04-08
  response:
    body:
      string: '{"status":"Dequeued","error":{}}'
    headers:
      cache-control:
      - no-store, no-cache
      content-length:
      - '32'
      content-location:
      - https://management.documents.azure.com:450/subscriptions/0b1f6471-1bf0-4dda-aec3-cb9272f09590/providers/Microsoft.DocumentDB/locations/westus/operationsStatus/42980a54-bc71-4836-88b8-a04676639cae?api-version=2015-04-08
      content-type:
      - application/json
      date:
      - Wed, 16 Oct 2019 15:39:18 GMT
      pragma:
      - no-cache
      server:
      - Microsoft-HTTPAPI/2.0
      strict-transport-security:
      - max-age=31536000; includeSubDomains
      transfer-encoding:
      - chunked
      vary:
      - Accept-Encoding
      x-content-type-options:
      - nosniff
      x-ms-gatewayversion:
      - version=2.7.0
    status:
      code: 200
      message: Ok
- request:
    body: null
    headers:
      Accept:
      - application/json
      Accept-Encoding:
      - gzip, deflate
      CommandName:
      - cosmosdb create
      Connection:
      - keep-alive
      ParameterSetName:
      - -n -g --locations --locations
      User-Agent:
      - python/3.7.4 (Windows-10-10.0.18362-SP0) msrest/0.6.10 msrest_azure/0.6.2
        azure-mgmt-cosmosdb/0.8.0 Azure-SDK-For-Python AZURECLI/2.0.75
    method: GET
    uri: https://management.azure.com/subscriptions/00000000-0000-0000-0000-000000000000/providers/Microsoft.DocumentDB/locations/westus/operationsStatus/42980a54-bc71-4836-88b8-a04676639cae?api-version=2015-04-08
  response:
    body:
      string: '{"status":"Dequeued","error":{}}'
    headers:
      cache-control:
      - no-store, no-cache
      content-length:
      - '32'
      content-location:
      - https://management.documents.azure.com:450/subscriptions/0b1f6471-1bf0-4dda-aec3-cb9272f09590/providers/Microsoft.DocumentDB/locations/westus/operationsStatus/42980a54-bc71-4836-88b8-a04676639cae?api-version=2015-04-08
      content-type:
      - application/json
      date:
      - Wed, 16 Oct 2019 15:39:49 GMT
      pragma:
      - no-cache
      server:
      - Microsoft-HTTPAPI/2.0
      strict-transport-security:
      - max-age=31536000; includeSubDomains
      transfer-encoding:
      - chunked
      vary:
      - Accept-Encoding
      x-content-type-options:
      - nosniff
      x-ms-gatewayversion:
      - version=2.7.0
    status:
      code: 200
      message: Ok
- request:
    body: null
    headers:
      Accept:
      - application/json
      Accept-Encoding:
      - gzip, deflate
      CommandName:
      - cosmosdb create
      Connection:
      - keep-alive
      ParameterSetName:
      - -n -g --locations --locations
      User-Agent:
      - python/3.7.4 (Windows-10-10.0.18362-SP0) msrest/0.6.10 msrest_azure/0.6.2
        azure-mgmt-cosmosdb/0.8.0 Azure-SDK-For-Python AZURECLI/2.0.75
    method: GET
    uri: https://management.azure.com/subscriptions/00000000-0000-0000-0000-000000000000/providers/Microsoft.DocumentDB/locations/westus/operationsStatus/42980a54-bc71-4836-88b8-a04676639cae?api-version=2015-04-08
  response:
    body:
      string: '{"status":"Dequeued","error":{}}'
    headers:
      cache-control:
      - no-store, no-cache
      content-length:
      - '32'
      content-location:
      - https://management.documents.azure.com:450/subscriptions/0b1f6471-1bf0-4dda-aec3-cb9272f09590/providers/Microsoft.DocumentDB/locations/westus/operationsStatus/42980a54-bc71-4836-88b8-a04676639cae?api-version=2015-04-08
      content-type:
      - application/json
      date:
      - Wed, 16 Oct 2019 15:40:21 GMT
      pragma:
      - no-cache
      server:
      - Microsoft-HTTPAPI/2.0
      strict-transport-security:
      - max-age=31536000; includeSubDomains
      transfer-encoding:
      - chunked
      vary:
      - Accept-Encoding
      x-content-type-options:
      - nosniff
      x-ms-gatewayversion:
      - version=2.7.0
    status:
      code: 200
      message: Ok
- request:
    body: null
    headers:
      Accept:
      - application/json
      Accept-Encoding:
      - gzip, deflate
      CommandName:
      - cosmosdb create
      Connection:
      - keep-alive
      ParameterSetName:
      - -n -g --locations --locations
      User-Agent:
      - python/3.7.4 (Windows-10-10.0.18362-SP0) msrest/0.6.10 msrest_azure/0.6.2
        azure-mgmt-cosmosdb/0.8.0 Azure-SDK-For-Python AZURECLI/2.0.75
    method: GET
    uri: https://management.azure.com/subscriptions/00000000-0000-0000-0000-000000000000/providers/Microsoft.DocumentDB/locations/westus/operationsStatus/42980a54-bc71-4836-88b8-a04676639cae?api-version=2015-04-08
  response:
    body:
      string: '{"status":"Dequeued","error":{}}'
    headers:
      cache-control:
      - no-store, no-cache
      content-length:
      - '32'
      content-location:
      - https://management.documents.azure.com:450/subscriptions/0b1f6471-1bf0-4dda-aec3-cb9272f09590/providers/Microsoft.DocumentDB/locations/westus/operationsStatus/42980a54-bc71-4836-88b8-a04676639cae?api-version=2015-04-08
      content-type:
      - application/json
      date:
      - Wed, 16 Oct 2019 15:40:52 GMT
      pragma:
      - no-cache
      server:
      - Microsoft-HTTPAPI/2.0
      strict-transport-security:
      - max-age=31536000; includeSubDomains
      transfer-encoding:
      - chunked
      vary:
      - Accept-Encoding
      x-content-type-options:
      - nosniff
      x-ms-gatewayversion:
      - version=2.7.0
    status:
      code: 200
      message: Ok
- request:
    body: null
    headers:
      Accept:
      - application/json
      Accept-Encoding:
      - gzip, deflate
      CommandName:
      - cosmosdb create
      Connection:
      - keep-alive
      ParameterSetName:
      - -n -g --locations --locations
      User-Agent:
      - python/3.7.4 (Windows-10-10.0.18362-SP0) msrest/0.6.10 msrest_azure/0.6.2
        azure-mgmt-cosmosdb/0.8.0 Azure-SDK-For-Python AZURECLI/2.0.75
    method: GET
    uri: https://management.azure.com/subscriptions/00000000-0000-0000-0000-000000000000/providers/Microsoft.DocumentDB/locations/westus/operationsStatus/42980a54-bc71-4836-88b8-a04676639cae?api-version=2015-04-08
  response:
    body:
      string: '{"status":"Dequeued","error":{}}'
    headers:
      cache-control:
      - no-store, no-cache
      content-length:
      - '32'
      content-location:
      - https://management.documents.azure.com:450/subscriptions/0b1f6471-1bf0-4dda-aec3-cb9272f09590/providers/Microsoft.DocumentDB/locations/westus/operationsStatus/42980a54-bc71-4836-88b8-a04676639cae?api-version=2015-04-08
      content-type:
      - application/json
      date:
      - Wed, 16 Oct 2019 15:41:22 GMT
      pragma:
      - no-cache
      server:
      - Microsoft-HTTPAPI/2.0
      strict-transport-security:
      - max-age=31536000; includeSubDomains
      transfer-encoding:
      - chunked
      vary:
      - Accept-Encoding
      x-content-type-options:
      - nosniff
      x-ms-gatewayversion:
      - version=2.7.0
    status:
      code: 200
      message: Ok
- request:
    body: null
    headers:
      Accept:
      - application/json
      Accept-Encoding:
      - gzip, deflate
      CommandName:
      - cosmosdb create
      Connection:
      - keep-alive
      ParameterSetName:
      - -n -g --locations --locations
      User-Agent:
      - python/3.7.4 (Windows-10-10.0.18362-SP0) msrest/0.6.10 msrest_azure/0.6.2
        azure-mgmt-cosmosdb/0.8.0 Azure-SDK-For-Python AZURECLI/2.0.75
    method: GET
    uri: https://management.azure.com/subscriptions/00000000-0000-0000-0000-000000000000/providers/Microsoft.DocumentDB/locations/westus/operationsStatus/42980a54-bc71-4836-88b8-a04676639cae?api-version=2015-04-08
  response:
    body:
      string: '{"status":"Dequeued","error":{}}'
    headers:
      cache-control:
      - no-store, no-cache
      content-length:
      - '32'
      content-location:
      - https://management.documents.azure.com:450/subscriptions/0b1f6471-1bf0-4dda-aec3-cb9272f09590/providers/Microsoft.DocumentDB/locations/westus/operationsStatus/42980a54-bc71-4836-88b8-a04676639cae?api-version=2015-04-08
      content-type:
      - application/json
      date:
      - Wed, 16 Oct 2019 15:41:53 GMT
      pragma:
      - no-cache
      server:
      - Microsoft-HTTPAPI/2.0
      strict-transport-security:
      - max-age=31536000; includeSubDomains
      transfer-encoding:
      - chunked
      vary:
      - Accept-Encoding
      x-content-type-options:
      - nosniff
      x-ms-gatewayversion:
      - version=2.7.0
    status:
      code: 200
      message: Ok
- request:
    body: null
    headers:
      Accept:
      - application/json
      Accept-Encoding:
      - gzip, deflate
      CommandName:
      - cosmosdb create
      Connection:
      - keep-alive
      ParameterSetName:
      - -n -g --locations --locations
      User-Agent:
      - python/3.7.4 (Windows-10-10.0.18362-SP0) msrest/0.6.10 msrest_azure/0.6.2
        azure-mgmt-cosmosdb/0.8.0 Azure-SDK-For-Python AZURECLI/2.0.75
    method: GET
    uri: https://management.azure.com/subscriptions/00000000-0000-0000-0000-000000000000/providers/Microsoft.DocumentDB/locations/westus/operationsStatus/42980a54-bc71-4836-88b8-a04676639cae?api-version=2015-04-08
  response:
    body:
      string: '{"status":"Dequeued","error":{}}'
    headers:
      cache-control:
      - no-store, no-cache
      content-length:
      - '32'
      content-location:
      - https://management.documents.azure.com:450/subscriptions/0b1f6471-1bf0-4dda-aec3-cb9272f09590/providers/Microsoft.DocumentDB/locations/westus/operationsStatus/42980a54-bc71-4836-88b8-a04676639cae?api-version=2015-04-08
      content-type:
      - application/json
      date:
      - Wed, 16 Oct 2019 15:42:24 GMT
      pragma:
      - no-cache
      server:
      - Microsoft-HTTPAPI/2.0
      strict-transport-security:
      - max-age=31536000; includeSubDomains
      transfer-encoding:
      - chunked
      vary:
      - Accept-Encoding
      x-content-type-options:
      - nosniff
      x-ms-gatewayversion:
      - version=2.7.0
    status:
      code: 200
      message: Ok
- request:
    body: null
    headers:
      Accept:
      - application/json
      Accept-Encoding:
      - gzip, deflate
      CommandName:
      - cosmosdb create
      Connection:
      - keep-alive
      ParameterSetName:
      - -n -g --locations --locations
      User-Agent:
      - python/3.7.4 (Windows-10-10.0.18362-SP0) msrest/0.6.10 msrest_azure/0.6.2
        azure-mgmt-cosmosdb/0.8.0 Azure-SDK-For-Python AZURECLI/2.0.75
    method: GET
    uri: https://management.azure.com/subscriptions/00000000-0000-0000-0000-000000000000/providers/Microsoft.DocumentDB/locations/westus/operationsStatus/42980a54-bc71-4836-88b8-a04676639cae?api-version=2015-04-08
  response:
    body:
      string: '{"status":"Dequeued","error":{}}'
    headers:
      cache-control:
      - no-store, no-cache
      content-length:
      - '32'
      content-location:
      - https://management.documents.azure.com:450/subscriptions/0b1f6471-1bf0-4dda-aec3-cb9272f09590/providers/Microsoft.DocumentDB/locations/westus/operationsStatus/42980a54-bc71-4836-88b8-a04676639cae?api-version=2015-04-08
      content-type:
      - application/json
      date:
      - Wed, 16 Oct 2019 15:42:54 GMT
      pragma:
      - no-cache
      server:
      - Microsoft-HTTPAPI/2.0
      strict-transport-security:
      - max-age=31536000; includeSubDomains
      transfer-encoding:
      - chunked
      vary:
      - Accept-Encoding
      x-content-type-options:
      - nosniff
      x-ms-gatewayversion:
      - version=2.7.0
    status:
      code: 200
      message: Ok
- request:
    body: null
    headers:
      Accept:
      - application/json
      Accept-Encoding:
      - gzip, deflate
      CommandName:
      - cosmosdb create
      Connection:
      - keep-alive
      ParameterSetName:
      - -n -g --locations --locations
      User-Agent:
      - python/3.7.4 (Windows-10-10.0.18362-SP0) msrest/0.6.10 msrest_azure/0.6.2
        azure-mgmt-cosmosdb/0.8.0 Azure-SDK-For-Python AZURECLI/2.0.75
    method: GET
    uri: https://management.azure.com/subscriptions/00000000-0000-0000-0000-000000000000/providers/Microsoft.DocumentDB/locations/westus/operationsStatus/42980a54-bc71-4836-88b8-a04676639cae?api-version=2015-04-08
  response:
    body:
      string: '{"status":"Dequeued","error":{}}'
    headers:
      cache-control:
      - no-store, no-cache
      content-length:
      - '32'
      content-location:
      - https://management.documents.azure.com:450/subscriptions/0b1f6471-1bf0-4dda-aec3-cb9272f09590/providers/Microsoft.DocumentDB/locations/westus/operationsStatus/42980a54-bc71-4836-88b8-a04676639cae?api-version=2015-04-08
      content-type:
      - application/json
      date:
      - Wed, 16 Oct 2019 15:43:26 GMT
      pragma:
      - no-cache
      server:
      - Microsoft-HTTPAPI/2.0
      strict-transport-security:
      - max-age=31536000; includeSubDomains
      transfer-encoding:
      - chunked
      vary:
      - Accept-Encoding
      x-content-type-options:
      - nosniff
      x-ms-gatewayversion:
      - version=2.7.0
    status:
      code: 200
      message: Ok
- request:
    body: null
    headers:
      Accept:
      - application/json
      Accept-Encoding:
      - gzip, deflate
      CommandName:
      - cosmosdb create
      Connection:
      - keep-alive
      ParameterSetName:
      - -n -g --locations --locations
      User-Agent:
      - python/3.7.4 (Windows-10-10.0.18362-SP0) msrest/0.6.10 msrest_azure/0.6.2
        azure-mgmt-cosmosdb/0.8.0 Azure-SDK-For-Python AZURECLI/2.0.75
    method: GET
    uri: https://management.azure.com/subscriptions/00000000-0000-0000-0000-000000000000/providers/Microsoft.DocumentDB/locations/westus/operationsStatus/42980a54-bc71-4836-88b8-a04676639cae?api-version=2015-04-08
  response:
    body:
      string: '{"status":"Dequeued","error":{}}'
    headers:
      cache-control:
      - no-store, no-cache
      content-length:
      - '32'
      content-location:
      - https://management.documents.azure.com:450/subscriptions/0b1f6471-1bf0-4dda-aec3-cb9272f09590/providers/Microsoft.DocumentDB/locations/westus/operationsStatus/42980a54-bc71-4836-88b8-a04676639cae?api-version=2015-04-08
      content-type:
      - application/json
      date:
      - Wed, 16 Oct 2019 15:43:57 GMT
      pragma:
      - no-cache
      server:
      - Microsoft-HTTPAPI/2.0
      strict-transport-security:
      - max-age=31536000; includeSubDomains
      transfer-encoding:
      - chunked
      vary:
      - Accept-Encoding
      x-content-type-options:
      - nosniff
      x-ms-gatewayversion:
      - version=2.7.0
    status:
      code: 200
      message: Ok
- request:
    body: null
    headers:
      Accept:
      - application/json
      Accept-Encoding:
      - gzip, deflate
      CommandName:
      - cosmosdb create
      Connection:
      - keep-alive
      ParameterSetName:
      - -n -g --locations --locations
      User-Agent:
      - python/3.7.4 (Windows-10-10.0.18362-SP0) msrest/0.6.10 msrest_azure/0.6.2
        azure-mgmt-cosmosdb/0.8.0 Azure-SDK-For-Python AZURECLI/2.0.75
    method: GET
    uri: https://management.azure.com/subscriptions/00000000-0000-0000-0000-000000000000/providers/Microsoft.DocumentDB/locations/westus/operationsStatus/42980a54-bc71-4836-88b8-a04676639cae?api-version=2015-04-08
  response:
    body:
      string: '{"status":"Dequeued","error":{}}'
    headers:
      cache-control:
      - no-store, no-cache
      content-length:
      - '32'
      content-location:
      - https://management.documents.azure.com:450/subscriptions/0b1f6471-1bf0-4dda-aec3-cb9272f09590/providers/Microsoft.DocumentDB/locations/westus/operationsStatus/42980a54-bc71-4836-88b8-a04676639cae?api-version=2015-04-08
      content-type:
      - application/json
      date:
      - Wed, 16 Oct 2019 15:44:28 GMT
      pragma:
      - no-cache
      server:
      - Microsoft-HTTPAPI/2.0
      strict-transport-security:
      - max-age=31536000; includeSubDomains
      transfer-encoding:
      - chunked
      vary:
      - Accept-Encoding
      x-content-type-options:
      - nosniff
      x-ms-gatewayversion:
      - version=2.7.0
    status:
      code: 200
      message: Ok
- request:
    body: null
    headers:
      Accept:
      - application/json
      Accept-Encoding:
      - gzip, deflate
      CommandName:
      - cosmosdb create
      Connection:
      - keep-alive
      ParameterSetName:
      - -n -g --locations --locations
      User-Agent:
      - python/3.7.4 (Windows-10-10.0.18362-SP0) msrest/0.6.10 msrest_azure/0.6.2
        azure-mgmt-cosmosdb/0.8.0 Azure-SDK-For-Python AZURECLI/2.0.75
    method: GET
    uri: https://management.azure.com/subscriptions/00000000-0000-0000-0000-000000000000/providers/Microsoft.DocumentDB/locations/westus/operationsStatus/42980a54-bc71-4836-88b8-a04676639cae?api-version=2015-04-08
  response:
    body:
      string: '{"status":"Dequeued","error":{}}'
    headers:
      cache-control:
      - no-store, no-cache
      content-length:
      - '32'
      content-location:
      - https://management.documents.azure.com:450/subscriptions/0b1f6471-1bf0-4dda-aec3-cb9272f09590/providers/Microsoft.DocumentDB/locations/westus/operationsStatus/42980a54-bc71-4836-88b8-a04676639cae?api-version=2015-04-08
      content-type:
      - application/json
      date:
      - Wed, 16 Oct 2019 15:45:00 GMT
      pragma:
      - no-cache
      server:
      - Microsoft-HTTPAPI/2.0
      strict-transport-security:
      - max-age=31536000; includeSubDomains
      transfer-encoding:
      - chunked
      vary:
      - Accept-Encoding
      x-content-type-options:
      - nosniff
      x-ms-gatewayversion:
      - version=2.7.0
    status:
      code: 200
      message: Ok
- request:
    body: null
    headers:
      Accept:
      - application/json
      Accept-Encoding:
      - gzip, deflate
      CommandName:
      - cosmosdb create
      Connection:
      - keep-alive
      ParameterSetName:
      - -n -g --locations --locations
      User-Agent:
      - python/3.7.4 (Windows-10-10.0.18362-SP0) msrest/0.6.10 msrest_azure/0.6.2
        azure-mgmt-cosmosdb/0.8.0 Azure-SDK-For-Python AZURECLI/2.0.75
    method: GET
    uri: https://management.azure.com/subscriptions/00000000-0000-0000-0000-000000000000/providers/Microsoft.DocumentDB/locations/westus/operationsStatus/42980a54-bc71-4836-88b8-a04676639cae?api-version=2015-04-08
  response:
    body:
      string: '{"status":"Dequeued","error":{}}'
    headers:
      cache-control:
      - no-store, no-cache
      content-length:
      - '32'
      content-location:
      - https://management.documents.azure.com:450/subscriptions/0b1f6471-1bf0-4dda-aec3-cb9272f09590/providers/Microsoft.DocumentDB/locations/westus/operationsStatus/42980a54-bc71-4836-88b8-a04676639cae?api-version=2015-04-08
      content-type:
      - application/json
      date:
      - Wed, 16 Oct 2019 15:45:30 GMT
      pragma:
      - no-cache
      server:
      - Microsoft-HTTPAPI/2.0
      strict-transport-security:
      - max-age=31536000; includeSubDomains
      transfer-encoding:
      - chunked
      vary:
      - Accept-Encoding
      x-content-type-options:
      - nosniff
      x-ms-gatewayversion:
      - version=2.7.0
    status:
      code: 200
      message: Ok
- request:
    body: null
    headers:
      Accept:
      - application/json
      Accept-Encoding:
      - gzip, deflate
      CommandName:
      - cosmosdb create
      Connection:
      - keep-alive
      ParameterSetName:
      - -n -g --locations --locations
      User-Agent:
      - python/3.7.4 (Windows-10-10.0.18362-SP0) msrest/0.6.10 msrest_azure/0.6.2
        azure-mgmt-cosmosdb/0.8.0 Azure-SDK-For-Python AZURECLI/2.0.75
    method: GET
    uri: https://management.azure.com/subscriptions/00000000-0000-0000-0000-000000000000/providers/Microsoft.DocumentDB/locations/westus/operationsStatus/42980a54-bc71-4836-88b8-a04676639cae?api-version=2015-04-08
  response:
    body:
      string: '{"status":"Dequeued","error":{}}'
    headers:
      cache-control:
      - no-store, no-cache
      content-length:
      - '32'
      content-location:
      - https://management.documents.azure.com:450/subscriptions/0b1f6471-1bf0-4dda-aec3-cb9272f09590/providers/Microsoft.DocumentDB/locations/westus/operationsStatus/42980a54-bc71-4836-88b8-a04676639cae?api-version=2015-04-08
      content-type:
      - application/json
      date:
      - Wed, 16 Oct 2019 15:46:01 GMT
      pragma:
      - no-cache
      server:
      - Microsoft-HTTPAPI/2.0
      strict-transport-security:
      - max-age=31536000; includeSubDomains
      transfer-encoding:
      - chunked
      vary:
      - Accept-Encoding
      x-content-type-options:
      - nosniff
      x-ms-gatewayversion:
      - version=2.7.0
    status:
      code: 200
      message: Ok
- request:
    body: null
    headers:
      Accept:
      - application/json
      Accept-Encoding:
      - gzip, deflate
      CommandName:
      - cosmosdb create
      Connection:
      - keep-alive
      ParameterSetName:
      - -n -g --locations --locations
      User-Agent:
      - python/3.7.4 (Windows-10-10.0.18362-SP0) msrest/0.6.10 msrest_azure/0.6.2
        azure-mgmt-cosmosdb/0.8.0 Azure-SDK-For-Python AZURECLI/2.0.75
    method: GET
    uri: https://management.azure.com/subscriptions/00000000-0000-0000-0000-000000000000/providers/Microsoft.DocumentDB/locations/westus/operationsStatus/42980a54-bc71-4836-88b8-a04676639cae?api-version=2015-04-08
  response:
    body:
      string: '{"status":"Dequeued","error":{}}'
    headers:
      cache-control:
      - no-store, no-cache
      content-length:
      - '32'
      content-location:
      - https://management.documents.azure.com:450/subscriptions/0b1f6471-1bf0-4dda-aec3-cb9272f09590/providers/Microsoft.DocumentDB/locations/westus/operationsStatus/42980a54-bc71-4836-88b8-a04676639cae?api-version=2015-04-08
      content-type:
      - application/json
      date:
      - Wed, 16 Oct 2019 15:46:33 GMT
      pragma:
      - no-cache
      server:
      - Microsoft-HTTPAPI/2.0
      strict-transport-security:
      - max-age=31536000; includeSubDomains
      transfer-encoding:
      - chunked
      vary:
      - Accept-Encoding
      x-content-type-options:
      - nosniff
      x-ms-gatewayversion:
      - version=2.7.0
    status:
      code: 200
      message: Ok
- request:
    body: null
    headers:
      Accept:
      - application/json
      Accept-Encoding:
      - gzip, deflate
      CommandName:
      - cosmosdb create
      Connection:
      - keep-alive
      ParameterSetName:
      - -n -g --locations --locations
      User-Agent:
      - python/3.7.4 (Windows-10-10.0.18362-SP0) msrest/0.6.10 msrest_azure/0.6.2
        azure-mgmt-cosmosdb/0.8.0 Azure-SDK-For-Python AZURECLI/2.0.75
    method: GET
    uri: https://management.azure.com/subscriptions/00000000-0000-0000-0000-000000000000/providers/Microsoft.DocumentDB/locations/westus/operationsStatus/42980a54-bc71-4836-88b8-a04676639cae?api-version=2015-04-08
  response:
    body:
      string: '{"status":"Dequeued","error":{}}'
    headers:
      cache-control:
      - no-store, no-cache
      content-length:
      - '32'
      content-location:
      - https://management.documents.azure.com:450/subscriptions/0b1f6471-1bf0-4dda-aec3-cb9272f09590/providers/Microsoft.DocumentDB/locations/westus/operationsStatus/42980a54-bc71-4836-88b8-a04676639cae?api-version=2015-04-08
      content-type:
      - application/json
      date:
      - Wed, 16 Oct 2019 15:47:03 GMT
      pragma:
      - no-cache
      server:
      - Microsoft-HTTPAPI/2.0
      strict-transport-security:
      - max-age=31536000; includeSubDomains
      transfer-encoding:
      - chunked
      vary:
      - Accept-Encoding
      x-content-type-options:
      - nosniff
      x-ms-gatewayversion:
      - version=2.7.0
    status:
      code: 200
      message: Ok
- request:
    body: null
    headers:
      Accept:
      - application/json
      Accept-Encoding:
      - gzip, deflate
      CommandName:
      - cosmosdb create
      Connection:
      - keep-alive
      ParameterSetName:
      - -n -g --locations --locations
      User-Agent:
      - python/3.7.4 (Windows-10-10.0.18362-SP0) msrest/0.6.10 msrest_azure/0.6.2
        azure-mgmt-cosmosdb/0.8.0 Azure-SDK-For-Python AZURECLI/2.0.75
    method: GET
    uri: https://management.azure.com/subscriptions/00000000-0000-0000-0000-000000000000/providers/Microsoft.DocumentDB/locations/westus/operationsStatus/42980a54-bc71-4836-88b8-a04676639cae?api-version=2015-04-08
  response:
    body:
      string: '{"status":"Dequeued","error":{}}'
    headers:
      cache-control:
      - no-store, no-cache
      content-length:
      - '32'
      content-location:
      - https://management.documents.azure.com:450/subscriptions/0b1f6471-1bf0-4dda-aec3-cb9272f09590/providers/Microsoft.DocumentDB/locations/westus/operationsStatus/42980a54-bc71-4836-88b8-a04676639cae?api-version=2015-04-08
      content-type:
      - application/json
      date:
      - Wed, 16 Oct 2019 15:47:35 GMT
      pragma:
      - no-cache
      server:
      - Microsoft-HTTPAPI/2.0
      strict-transport-security:
      - max-age=31536000; includeSubDomains
      transfer-encoding:
      - chunked
      vary:
      - Accept-Encoding
      x-content-type-options:
      - nosniff
      x-ms-gatewayversion:
      - version=2.7.0
    status:
      code: 200
      message: Ok
- request:
    body: null
    headers:
      Accept:
      - application/json
      Accept-Encoding:
      - gzip, deflate
      CommandName:
      - cosmosdb create
      Connection:
      - keep-alive
      ParameterSetName:
      - -n -g --locations --locations
      User-Agent:
      - python/3.7.4 (Windows-10-10.0.18362-SP0) msrest/0.6.10 msrest_azure/0.6.2
        azure-mgmt-cosmosdb/0.8.0 Azure-SDK-For-Python AZURECLI/2.0.75
    method: GET
    uri: https://management.azure.com/subscriptions/00000000-0000-0000-0000-000000000000/providers/Microsoft.DocumentDB/locations/westus/operationsStatus/42980a54-bc71-4836-88b8-a04676639cae?api-version=2015-04-08
  response:
    body:
      string: '{"status":"Dequeued","error":{}}'
    headers:
      cache-control:
      - no-store, no-cache
      content-length:
      - '32'
      content-location:
      - https://management.documents.azure.com:450/subscriptions/0b1f6471-1bf0-4dda-aec3-cb9272f09590/providers/Microsoft.DocumentDB/locations/westus/operationsStatus/42980a54-bc71-4836-88b8-a04676639cae?api-version=2015-04-08
      content-type:
      - application/json
      date:
      - Wed, 16 Oct 2019 15:48:04 GMT
      pragma:
      - no-cache
      server:
      - Microsoft-HTTPAPI/2.0
      strict-transport-security:
      - max-age=31536000; includeSubDomains
      transfer-encoding:
      - chunked
      vary:
      - Accept-Encoding
      x-content-type-options:
      - nosniff
      x-ms-gatewayversion:
      - version=2.7.0
    status:
      code: 200
      message: Ok
- request:
    body: null
    headers:
      Accept:
      - application/json
      Accept-Encoding:
      - gzip, deflate
      CommandName:
      - cosmosdb create
      Connection:
      - keep-alive
      ParameterSetName:
      - -n -g --locations --locations
      User-Agent:
      - python/3.7.4 (Windows-10-10.0.18362-SP0) msrest/0.6.10 msrest_azure/0.6.2
        azure-mgmt-cosmosdb/0.8.0 Azure-SDK-For-Python AZURECLI/2.0.75
    method: GET
    uri: https://management.azure.com/subscriptions/00000000-0000-0000-0000-000000000000/providers/Microsoft.DocumentDB/locations/westus/operationsStatus/42980a54-bc71-4836-88b8-a04676639cae?api-version=2015-04-08
  response:
    body:
      string: '{"status":"Dequeued","error":{}}'
    headers:
      cache-control:
      - no-store, no-cache
      content-length:
      - '32'
      content-location:
      - https://management.documents.azure.com:450/subscriptions/0b1f6471-1bf0-4dda-aec3-cb9272f09590/providers/Microsoft.DocumentDB/locations/westus/operationsStatus/42980a54-bc71-4836-88b8-a04676639cae?api-version=2015-04-08
      content-type:
      - application/json
      date:
      - Wed, 16 Oct 2019 15:48:35 GMT
      pragma:
      - no-cache
      server:
      - Microsoft-HTTPAPI/2.0
      strict-transport-security:
      - max-age=31536000; includeSubDomains
      transfer-encoding:
      - chunked
      vary:
      - Accept-Encoding
      x-content-type-options:
      - nosniff
      x-ms-gatewayversion:
      - version=2.7.0
    status:
      code: 200
      message: Ok
- request:
    body: null
    headers:
      Accept:
      - application/json
      Accept-Encoding:
      - gzip, deflate
      CommandName:
      - cosmosdb create
      Connection:
      - keep-alive
      ParameterSetName:
      - -n -g --locations --locations
      User-Agent:
      - python/3.7.4 (Windows-10-10.0.18362-SP0) msrest/0.6.10 msrest_azure/0.6.2
        azure-mgmt-cosmosdb/0.8.0 Azure-SDK-For-Python AZURECLI/2.0.75
    method: GET
    uri: https://management.azure.com/subscriptions/00000000-0000-0000-0000-000000000000/providers/Microsoft.DocumentDB/locations/westus/operationsStatus/42980a54-bc71-4836-88b8-a04676639cae?api-version=2015-04-08
  response:
    body:
      string: '{"status":"Dequeued","error":{}}'
    headers:
      cache-control:
      - no-store, no-cache
      content-length:
      - '32'
      content-location:
      - https://management.documents.azure.com:450/subscriptions/0b1f6471-1bf0-4dda-aec3-cb9272f09590/providers/Microsoft.DocumentDB/locations/westus/operationsStatus/42980a54-bc71-4836-88b8-a04676639cae?api-version=2015-04-08
      content-type:
      - application/json
      date:
      - Wed, 16 Oct 2019 15:49:05 GMT
      pragma:
      - no-cache
      server:
      - Microsoft-HTTPAPI/2.0
      strict-transport-security:
      - max-age=31536000; includeSubDomains
      transfer-encoding:
      - chunked
      vary:
      - Accept-Encoding
      x-content-type-options:
      - nosniff
      x-ms-gatewayversion:
      - version=2.7.0
    status:
      code: 200
      message: Ok
- request:
    body: null
    headers:
      Accept:
      - application/json
      Accept-Encoding:
      - gzip, deflate
      CommandName:
      - cosmosdb create
      Connection:
      - keep-alive
      ParameterSetName:
      - -n -g --locations --locations
      User-Agent:
      - python/3.7.4 (Windows-10-10.0.18362-SP0) msrest/0.6.10 msrest_azure/0.6.2
        azure-mgmt-cosmosdb/0.8.0 Azure-SDK-For-Python AZURECLI/2.0.75
    method: GET
    uri: https://management.azure.com/subscriptions/00000000-0000-0000-0000-000000000000/providers/Microsoft.DocumentDB/locations/westus/operationsStatus/42980a54-bc71-4836-88b8-a04676639cae?api-version=2015-04-08
  response:
    body:
      string: '{"status":"Dequeued","error":{}}'
    headers:
      cache-control:
      - no-store, no-cache
      content-length:
      - '32'
      content-location:
      - https://management.documents.azure.com:450/subscriptions/0b1f6471-1bf0-4dda-aec3-cb9272f09590/providers/Microsoft.DocumentDB/locations/westus/operationsStatus/42980a54-bc71-4836-88b8-a04676639cae?api-version=2015-04-08
      content-type:
      - application/json
      date:
      - Wed, 16 Oct 2019 15:49:36 GMT
      pragma:
      - no-cache
      server:
      - Microsoft-HTTPAPI/2.0
      strict-transport-security:
      - max-age=31536000; includeSubDomains
      transfer-encoding:
      - chunked
      vary:
      - Accept-Encoding
      x-content-type-options:
      - nosniff
      x-ms-gatewayversion:
      - version=2.7.0
    status:
      code: 200
      message: Ok
- request:
    body: null
    headers:
      Accept:
      - application/json
      Accept-Encoding:
      - gzip, deflate
      CommandName:
      - cosmosdb create
      Connection:
      - keep-alive
      ParameterSetName:
      - -n -g --locations --locations
      User-Agent:
      - python/3.7.4 (Windows-10-10.0.18362-SP0) msrest/0.6.10 msrest_azure/0.6.2
        azure-mgmt-cosmosdb/0.8.0 Azure-SDK-For-Python AZURECLI/2.0.75
    method: GET
    uri: https://management.azure.com/subscriptions/00000000-0000-0000-0000-000000000000/providers/Microsoft.DocumentDB/locations/westus/operationsStatus/42980a54-bc71-4836-88b8-a04676639cae?api-version=2015-04-08
  response:
    body:
      string: '{"status":"Dequeued","error":{}}'
    headers:
      cache-control:
      - no-store, no-cache
      content-length:
      - '32'
      content-location:
      - https://management.documents.azure.com:450/subscriptions/0b1f6471-1bf0-4dda-aec3-cb9272f09590/providers/Microsoft.DocumentDB/locations/westus/operationsStatus/42980a54-bc71-4836-88b8-a04676639cae?api-version=2015-04-08
      content-type:
      - application/json
      date:
      - Wed, 16 Oct 2019 15:50:07 GMT
      pragma:
      - no-cache
      server:
      - Microsoft-HTTPAPI/2.0
      strict-transport-security:
      - max-age=31536000; includeSubDomains
      transfer-encoding:
      - chunked
      vary:
      - Accept-Encoding
      x-content-type-options:
      - nosniff
      x-ms-gatewayversion:
      - version=2.7.0
    status:
      code: 200
      message: Ok
- request:
    body: null
    headers:
      Accept:
      - application/json
      Accept-Encoding:
      - gzip, deflate
      CommandName:
      - cosmosdb create
      Connection:
      - keep-alive
      ParameterSetName:
      - -n -g --locations --locations
      User-Agent:
      - python/3.7.4 (Windows-10-10.0.18362-SP0) msrest/0.6.10 msrest_azure/0.6.2
        azure-mgmt-cosmosdb/0.8.0 Azure-SDK-For-Python AZURECLI/2.0.75
    method: GET
    uri: https://management.azure.com/subscriptions/00000000-0000-0000-0000-000000000000/providers/Microsoft.DocumentDB/locations/westus/operationsStatus/42980a54-bc71-4836-88b8-a04676639cae?api-version=2015-04-08
  response:
    body:
      string: '{"status":"Dequeued","error":{}}'
    headers:
      cache-control:
      - no-store, no-cache
      content-length:
      - '32'
      content-location:
      - https://management.documents.azure.com:450/subscriptions/0b1f6471-1bf0-4dda-aec3-cb9272f09590/providers/Microsoft.DocumentDB/locations/westus/operationsStatus/42980a54-bc71-4836-88b8-a04676639cae?api-version=2015-04-08
      content-type:
      - application/json
      date:
      - Wed, 16 Oct 2019 15:50:37 GMT
      pragma:
      - no-cache
      server:
      - Microsoft-HTTPAPI/2.0
      strict-transport-security:
      - max-age=31536000; includeSubDomains
      transfer-encoding:
      - chunked
      vary:
      - Accept-Encoding
      x-content-type-options:
      - nosniff
      x-ms-gatewayversion:
      - version=2.7.0
    status:
      code: 200
      message: Ok
- request:
    body: null
    headers:
      Accept:
      - application/json
      Accept-Encoding:
      - gzip, deflate
      CommandName:
      - cosmosdb create
      Connection:
      - keep-alive
      ParameterSetName:
      - -n -g --locations --locations
      User-Agent:
      - python/3.7.4 (Windows-10-10.0.18362-SP0) msrest/0.6.10 msrest_azure/0.6.2
        azure-mgmt-cosmosdb/0.8.0 Azure-SDK-For-Python AZURECLI/2.0.75
    method: GET
    uri: https://management.azure.com/subscriptions/00000000-0000-0000-0000-000000000000/providers/Microsoft.DocumentDB/locations/westus/operationsStatus/42980a54-bc71-4836-88b8-a04676639cae?api-version=2015-04-08
  response:
    body:
      string: '{"status":"Dequeued","error":{}}'
    headers:
      cache-control:
      - no-store, no-cache
      content-length:
      - '32'
      content-location:
      - https://management.documents.azure.com:450/subscriptions/0b1f6471-1bf0-4dda-aec3-cb9272f09590/providers/Microsoft.DocumentDB/locations/westus/operationsStatus/42980a54-bc71-4836-88b8-a04676639cae?api-version=2015-04-08
      content-type:
      - application/json
      date:
      - Wed, 16 Oct 2019 15:51:10 GMT
      pragma:
      - no-cache
      server:
      - Microsoft-HTTPAPI/2.0
      strict-transport-security:
      - max-age=31536000; includeSubDomains
      transfer-encoding:
      - chunked
      vary:
      - Accept-Encoding
      x-content-type-options:
      - nosniff
      x-ms-gatewayversion:
      - version=2.7.0
    status:
      code: 200
      message: Ok
- request:
    body: null
    headers:
      Accept:
      - application/json
      Accept-Encoding:
      - gzip, deflate
      CommandName:
      - cosmosdb create
      Connection:
      - keep-alive
      ParameterSetName:
      - -n -g --locations --locations
      User-Agent:
      - python/3.7.4 (Windows-10-10.0.18362-SP0) msrest/0.6.10 msrest_azure/0.6.2
        azure-mgmt-cosmosdb/0.8.0 Azure-SDK-For-Python AZURECLI/2.0.75
    method: GET
    uri: https://management.azure.com/subscriptions/00000000-0000-0000-0000-000000000000/providers/Microsoft.DocumentDB/locations/westus/operationsStatus/42980a54-bc71-4836-88b8-a04676639cae?api-version=2015-04-08
  response:
    body:
      string: '{"status":"Dequeued","error":{}}'
    headers:
      cache-control:
      - no-store, no-cache
      content-length:
      - '32'
      content-location:
      - https://management.documents.azure.com:450/subscriptions/0b1f6471-1bf0-4dda-aec3-cb9272f09590/providers/Microsoft.DocumentDB/locations/westus/operationsStatus/42980a54-bc71-4836-88b8-a04676639cae?api-version=2015-04-08
      content-type:
      - application/json
      date:
      - Wed, 16 Oct 2019 15:51:41 GMT
      pragma:
      - no-cache
      server:
      - Microsoft-HTTPAPI/2.0
      strict-transport-security:
      - max-age=31536000; includeSubDomains
      transfer-encoding:
      - chunked
      vary:
      - Accept-Encoding
      x-content-type-options:
      - nosniff
      x-ms-gatewayversion:
      - version=2.7.0
    status:
      code: 200
      message: Ok
- request:
    body: null
    headers:
      Accept:
      - application/json
      Accept-Encoding:
      - gzip, deflate
      CommandName:
      - cosmosdb create
      Connection:
      - keep-alive
      ParameterSetName:
      - -n -g --locations --locations
      User-Agent:
      - python/3.7.4 (Windows-10-10.0.18362-SP0) msrest/0.6.10 msrest_azure/0.6.2
        azure-mgmt-cosmosdb/0.8.0 Azure-SDK-For-Python AZURECLI/2.0.75
    method: GET
    uri: https://management.azure.com/subscriptions/00000000-0000-0000-0000-000000000000/providers/Microsoft.DocumentDB/locations/westus/operationsStatus/42980a54-bc71-4836-88b8-a04676639cae?api-version=2015-04-08
  response:
    body:
      string: '{"status":"Dequeued","error":{}}'
    headers:
      cache-control:
      - no-store, no-cache
      content-length:
      - '32'
      content-location:
      - https://management.documents.azure.com:450/subscriptions/0b1f6471-1bf0-4dda-aec3-cb9272f09590/providers/Microsoft.DocumentDB/locations/westus/operationsStatus/42980a54-bc71-4836-88b8-a04676639cae?api-version=2015-04-08
      content-type:
      - application/json
      date:
      - Wed, 16 Oct 2019 15:52:12 GMT
      pragma:
      - no-cache
      server:
      - Microsoft-HTTPAPI/2.0
      strict-transport-security:
      - max-age=31536000; includeSubDomains
      transfer-encoding:
      - chunked
      vary:
      - Accept-Encoding
      x-content-type-options:
      - nosniff
      x-ms-gatewayversion:
      - version=2.7.0
    status:
      code: 200
      message: Ok
- request:
    body: null
    headers:
      Accept:
      - application/json
      Accept-Encoding:
      - gzip, deflate
      CommandName:
      - cosmosdb create
      Connection:
      - keep-alive
      ParameterSetName:
      - -n -g --locations --locations
      User-Agent:
      - python/3.7.4 (Windows-10-10.0.18362-SP0) msrest/0.6.10 msrest_azure/0.6.2
        azure-mgmt-cosmosdb/0.8.0 Azure-SDK-For-Python AZURECLI/2.0.75
    method: GET
    uri: https://management.azure.com/subscriptions/00000000-0000-0000-0000-000000000000/providers/Microsoft.DocumentDB/locations/westus/operationsStatus/42980a54-bc71-4836-88b8-a04676639cae?api-version=2015-04-08
  response:
    body:
      string: '{"status":"Dequeued","error":{}}'
    headers:
      cache-control:
      - no-store, no-cache
      content-length:
      - '32'
      content-location:
      - https://management.documents.azure.com:450/subscriptions/0b1f6471-1bf0-4dda-aec3-cb9272f09590/providers/Microsoft.DocumentDB/locations/westus/operationsStatus/42980a54-bc71-4836-88b8-a04676639cae?api-version=2015-04-08
      content-type:
      - application/json
      date:
      - Wed, 16 Oct 2019 15:52:41 GMT
      pragma:
      - no-cache
      server:
      - Microsoft-HTTPAPI/2.0
      strict-transport-security:
      - max-age=31536000; includeSubDomains
      transfer-encoding:
      - chunked
      vary:
      - Accept-Encoding
      x-content-type-options:
      - nosniff
      x-ms-gatewayversion:
      - version=2.7.0
    status:
      code: 200
      message: Ok
- request:
    body: null
    headers:
      Accept:
      - application/json
      Accept-Encoding:
      - gzip, deflate
      CommandName:
      - cosmosdb create
      Connection:
      - keep-alive
      ParameterSetName:
      - -n -g --locations --locations
      User-Agent:
      - python/3.7.4 (Windows-10-10.0.18362-SP0) msrest/0.6.10 msrest_azure/0.6.2
        azure-mgmt-cosmosdb/0.8.0 Azure-SDK-For-Python AZURECLI/2.0.75
    method: GET
    uri: https://management.azure.com/subscriptions/00000000-0000-0000-0000-000000000000/providers/Microsoft.DocumentDB/locations/westus/operationsStatus/42980a54-bc71-4836-88b8-a04676639cae?api-version=2015-04-08
  response:
    body:
      string: '{"status":"Dequeued","error":{}}'
    headers:
      cache-control:
      - no-store, no-cache
      content-length:
      - '32'
      content-location:
      - https://management.documents.azure.com:450/subscriptions/0b1f6471-1bf0-4dda-aec3-cb9272f09590/providers/Microsoft.DocumentDB/locations/westus/operationsStatus/42980a54-bc71-4836-88b8-a04676639cae?api-version=2015-04-08
      content-type:
      - application/json
      date:
      - Wed, 16 Oct 2019 15:53:12 GMT
      pragma:
      - no-cache
      server:
      - Microsoft-HTTPAPI/2.0
      strict-transport-security:
      - max-age=31536000; includeSubDomains
      transfer-encoding:
      - chunked
      vary:
      - Accept-Encoding
      x-content-type-options:
      - nosniff
      x-ms-gatewayversion:
      - version=2.7.0
    status:
      code: 200
      message: Ok
- request:
    body: null
    headers:
      Accept:
      - application/json
      Accept-Encoding:
      - gzip, deflate
      CommandName:
      - cosmosdb create
      Connection:
      - keep-alive
      ParameterSetName:
      - -n -g --locations --locations
      User-Agent:
      - python/3.7.4 (Windows-10-10.0.18362-SP0) msrest/0.6.10 msrest_azure/0.6.2
        azure-mgmt-cosmosdb/0.8.0 Azure-SDK-For-Python AZURECLI/2.0.75
    method: GET
    uri: https://management.azure.com/subscriptions/00000000-0000-0000-0000-000000000000/providers/Microsoft.DocumentDB/locations/westus/operationsStatus/42980a54-bc71-4836-88b8-a04676639cae?api-version=2015-04-08
  response:
    body:
      string: '{"status":"Dequeued","error":{}}'
    headers:
      cache-control:
      - no-store, no-cache
      content-length:
      - '32'
      content-location:
      - https://management.documents.azure.com:450/subscriptions/0b1f6471-1bf0-4dda-aec3-cb9272f09590/providers/Microsoft.DocumentDB/locations/westus/operationsStatus/42980a54-bc71-4836-88b8-a04676639cae?api-version=2015-04-08
      content-type:
      - application/json
      date:
      - Wed, 16 Oct 2019 15:53:44 GMT
      pragma:
      - no-cache
      server:
      - Microsoft-HTTPAPI/2.0
      strict-transport-security:
      - max-age=31536000; includeSubDomains
      transfer-encoding:
      - chunked
      vary:
      - Accept-Encoding
      x-content-type-options:
      - nosniff
      x-ms-gatewayversion:
      - version=2.7.0
    status:
      code: 200
      message: Ok
- request:
    body: null
    headers:
      Accept:
      - application/json
      Accept-Encoding:
      - gzip, deflate
      CommandName:
      - cosmosdb create
      Connection:
      - keep-alive
      ParameterSetName:
      - -n -g --locations --locations
      User-Agent:
      - python/3.7.4 (Windows-10-10.0.18362-SP0) msrest/0.6.10 msrest_azure/0.6.2
        azure-mgmt-cosmosdb/0.8.0 Azure-SDK-For-Python AZURECLI/2.0.75
    method: GET
    uri: https://management.azure.com/subscriptions/00000000-0000-0000-0000-000000000000/providers/Microsoft.DocumentDB/locations/westus/operationsStatus/42980a54-bc71-4836-88b8-a04676639cae?api-version=2015-04-08
  response:
    body:
      string: '{"status":"Dequeued","error":{}}'
    headers:
      cache-control:
      - no-store, no-cache
      content-length:
      - '32'
      content-location:
      - https://management.documents.azure.com:450/subscriptions/0b1f6471-1bf0-4dda-aec3-cb9272f09590/providers/Microsoft.DocumentDB/locations/westus/operationsStatus/42980a54-bc71-4836-88b8-a04676639cae?api-version=2015-04-08
      content-type:
      - application/json
      date:
      - Wed, 16 Oct 2019 15:54:15 GMT
      pragma:
      - no-cache
      server:
      - Microsoft-HTTPAPI/2.0
      strict-transport-security:
      - max-age=31536000; includeSubDomains
      transfer-encoding:
      - chunked
      vary:
      - Accept-Encoding
      x-content-type-options:
      - nosniff
      x-ms-gatewayversion:
      - version=2.7.0
    status:
      code: 200
      message: Ok
- request:
    body: null
    headers:
      Accept:
      - application/json
      Accept-Encoding:
      - gzip, deflate
      CommandName:
      - cosmosdb create
      Connection:
      - keep-alive
      ParameterSetName:
      - -n -g --locations --locations
      User-Agent:
      - python/3.7.4 (Windows-10-10.0.18362-SP0) msrest/0.6.10 msrest_azure/0.6.2
        azure-mgmt-cosmosdb/0.8.0 Azure-SDK-For-Python AZURECLI/2.0.75
    method: GET
    uri: https://management.azure.com/subscriptions/00000000-0000-0000-0000-000000000000/providers/Microsoft.DocumentDB/locations/westus/operationsStatus/42980a54-bc71-4836-88b8-a04676639cae?api-version=2015-04-08
  response:
    body:
      string: '{"status":"Dequeued","error":{}}'
    headers:
      cache-control:
      - no-store, no-cache
      content-length:
      - '32'
      content-location:
      - https://management.documents.azure.com:450/subscriptions/0b1f6471-1bf0-4dda-aec3-cb9272f09590/providers/Microsoft.DocumentDB/locations/westus/operationsStatus/42980a54-bc71-4836-88b8-a04676639cae?api-version=2015-04-08
      content-type:
      - application/json
      date:
      - Wed, 16 Oct 2019 15:54:46 GMT
      pragma:
      - no-cache
      server:
      - Microsoft-HTTPAPI/2.0
      strict-transport-security:
      - max-age=31536000; includeSubDomains
      transfer-encoding:
      - chunked
      vary:
      - Accept-Encoding
      x-content-type-options:
      - nosniff
      x-ms-gatewayversion:
      - version=2.7.0
    status:
      code: 200
      message: Ok
- request:
    body: null
    headers:
      Accept:
      - application/json
      Accept-Encoding:
      - gzip, deflate
      CommandName:
      - cosmosdb create
      Connection:
      - keep-alive
      ParameterSetName:
      - -n -g --locations --locations
      User-Agent:
      - python/3.7.4 (Windows-10-10.0.18362-SP0) msrest/0.6.10 msrest_azure/0.6.2
        azure-mgmt-cosmosdb/0.8.0 Azure-SDK-For-Python AZURECLI/2.0.75
    method: GET
    uri: https://management.azure.com/subscriptions/00000000-0000-0000-0000-000000000000/providers/Microsoft.DocumentDB/locations/westus/operationsStatus/42980a54-bc71-4836-88b8-a04676639cae?api-version=2015-04-08
  response:
    body:
      string: '{"status":"Dequeued","error":{}}'
    headers:
      cache-control:
      - no-store, no-cache
      content-length:
      - '32'
      content-location:
      - https://management.documents.azure.com:450/subscriptions/0b1f6471-1bf0-4dda-aec3-cb9272f09590/providers/Microsoft.DocumentDB/locations/westus/operationsStatus/42980a54-bc71-4836-88b8-a04676639cae?api-version=2015-04-08
      content-type:
      - application/json
      date:
      - Wed, 16 Oct 2019 15:55:16 GMT
      pragma:
      - no-cache
      server:
      - Microsoft-HTTPAPI/2.0
      strict-transport-security:
      - max-age=31536000; includeSubDomains
      transfer-encoding:
      - chunked
      vary:
      - Accept-Encoding
      x-content-type-options:
      - nosniff
      x-ms-gatewayversion:
      - version=2.7.0
    status:
      code: 200
      message: Ok
- request:
    body: null
    headers:
      Accept:
      - application/json
      Accept-Encoding:
      - gzip, deflate
      CommandName:
      - cosmosdb create
      Connection:
      - keep-alive
      ParameterSetName:
      - -n -g --locations --locations
      User-Agent:
      - python/3.7.4 (Windows-10-10.0.18362-SP0) msrest/0.6.10 msrest_azure/0.6.2
        azure-mgmt-cosmosdb/0.8.0 Azure-SDK-For-Python AZURECLI/2.0.75
    method: GET
    uri: https://management.azure.com/subscriptions/00000000-0000-0000-0000-000000000000/providers/Microsoft.DocumentDB/locations/westus/operationsStatus/42980a54-bc71-4836-88b8-a04676639cae?api-version=2015-04-08
  response:
    body:
      string: '{"status":"Dequeued","error":{}}'
    headers:
      cache-control:
      - no-store, no-cache
      content-length:
      - '32'
      content-location:
      - https://management.documents.azure.com:450/subscriptions/0b1f6471-1bf0-4dda-aec3-cb9272f09590/providers/Microsoft.DocumentDB/locations/westus/operationsStatus/42980a54-bc71-4836-88b8-a04676639cae?api-version=2015-04-08
      content-type:
      - application/json
      date:
      - Wed, 16 Oct 2019 15:55:46 GMT
      pragma:
      - no-cache
      server:
      - Microsoft-HTTPAPI/2.0
      strict-transport-security:
      - max-age=31536000; includeSubDomains
      transfer-encoding:
      - chunked
      vary:
      - Accept-Encoding
      x-content-type-options:
      - nosniff
      x-ms-gatewayversion:
      - version=2.7.0
    status:
      code: 200
      message: Ok
- request:
    body: null
    headers:
      Accept:
      - application/json
      Accept-Encoding:
      - gzip, deflate
      CommandName:
      - cosmosdb create
      Connection:
      - keep-alive
      ParameterSetName:
      - -n -g --locations --locations
      User-Agent:
      - python/3.7.4 (Windows-10-10.0.18362-SP0) msrest/0.6.10 msrest_azure/0.6.2
        azure-mgmt-cosmosdb/0.8.0 Azure-SDK-For-Python AZURECLI/2.0.75
    method: GET
    uri: https://management.azure.com/subscriptions/00000000-0000-0000-0000-000000000000/providers/Microsoft.DocumentDB/locations/westus/operationsStatus/42980a54-bc71-4836-88b8-a04676639cae?api-version=2015-04-08
  response:
    body:
      string: '{"status":"Dequeued","error":{}}'
    headers:
      cache-control:
      - no-store, no-cache
      content-length:
      - '32'
      content-location:
      - https://management.documents.azure.com:450/subscriptions/0b1f6471-1bf0-4dda-aec3-cb9272f09590/providers/Microsoft.DocumentDB/locations/westus/operationsStatus/42980a54-bc71-4836-88b8-a04676639cae?api-version=2015-04-08
      content-type:
      - application/json
      date:
      - Wed, 16 Oct 2019 15:56:18 GMT
      pragma:
      - no-cache
      server:
      - Microsoft-HTTPAPI/2.0
      strict-transport-security:
      - max-age=31536000; includeSubDomains
      transfer-encoding:
      - chunked
      vary:
      - Accept-Encoding
      x-content-type-options:
      - nosniff
      x-ms-gatewayversion:
      - version=2.7.0
    status:
      code: 200
      message: Ok
- request:
    body: null
    headers:
      Accept:
      - application/json
      Accept-Encoding:
      - gzip, deflate
      CommandName:
      - cosmosdb create
      Connection:
      - keep-alive
      ParameterSetName:
      - -n -g --locations --locations
      User-Agent:
      - python/3.7.4 (Windows-10-10.0.18362-SP0) msrest/0.6.10 msrest_azure/0.6.2
        azure-mgmt-cosmosdb/0.8.0 Azure-SDK-For-Python AZURECLI/2.0.75
    method: GET
    uri: https://management.azure.com/subscriptions/00000000-0000-0000-0000-000000000000/providers/Microsoft.DocumentDB/locations/westus/operationsStatus/42980a54-bc71-4836-88b8-a04676639cae?api-version=2015-04-08
  response:
    body:
      string: '{"status":"Succeeded","error":{}}'
    headers:
      cache-control:
      - no-store, no-cache
      content-length:
      - '33'
      content-location:
      - https://management.documents.azure.com:450/subscriptions/0b1f6471-1bf0-4dda-aec3-cb9272f09590/providers/Microsoft.DocumentDB/locations/westus/operationsStatus/42980a54-bc71-4836-88b8-a04676639cae?api-version=2015-04-08
      content-type:
      - application/json
      date:
      - Wed, 16 Oct 2019 15:56:49 GMT
      pragma:
      - no-cache
      server:
      - Microsoft-HTTPAPI/2.0
      strict-transport-security:
      - max-age=31536000; includeSubDomains
      transfer-encoding:
      - chunked
      vary:
      - Accept-Encoding
      x-content-type-options:
      - nosniff
      x-ms-gatewayversion:
      - version=2.7.0
    status:
      code: 200
      message: Ok
- request:
    body: null
    headers:
      Accept:
      - application/json
      Accept-Encoding:
      - gzip, deflate
      CommandName:
      - cosmosdb create
      Connection:
      - keep-alive
      ParameterSetName:
      - -n -g --locations --locations
      User-Agent:
      - python/3.7.4 (Windows-10-10.0.18362-SP0) msrest/0.6.10 msrest_azure/0.6.2
        azure-mgmt-cosmosdb/0.8.0 Azure-SDK-For-Python AZURECLI/2.0.75
    method: GET
    uri: https://management.azure.com/subscriptions/00000000-0000-0000-0000-000000000000/resourceGroups/cli_test_cosmosdb_account000001/providers/Microsoft.DocumentDB/databaseAccounts/cli000002?api-version=2015-04-08
  response:
    body:
      string: '{"id":"/subscriptions/00000000-0000-0000-0000-000000000000/resourceGroups/cli_test_cosmosdb_account000001/providers/Microsoft.DocumentDB/databaseAccounts/cli000002","name":"cli000002","location":"West
        US","type":"Microsoft.DocumentDB/databaseAccounts","kind":"GlobalDocumentDB","tags":{},"properties":{"provisioningState":"Succeeded","documentEndpoint":"https://cli000002.documents.azure.com:443/","ipRangeFilter":"","enableAutomaticFailover":false,"enableMultipleWriteLocations":false,"enablePartitionKeyMonitor":false,"isVirtualNetworkFilterEnabled":false,"virtualNetworkRules":[],"EnabledApiTypes":"Sql","disableKeyBasedMetadataWriteAccess":false,"databaseAccountOfferType":"Standard","consistencyPolicy":{"defaultConsistencyLevel":"Session","maxIntervalInSeconds":5,"maxStalenessPrefix":100},"configurationOverrides":{},"writeLocations":[{"id":"cli000002-eastus","locationName":"East
        US","documentEndpoint":"https://cli000002-eastus.documents.azure.com:443/","provisioningState":"Succeeded","failoverPriority":0,"isZoneRedundant":false}],"readLocations":[{"id":"cli000002-eastus","locationName":"East
        US","documentEndpoint":"https://cli000002-eastus.documents.azure.com:443/","provisioningState":"Succeeded","failoverPriority":0,"isZoneRedundant":false},{"id":"cli000002-westus","locationName":"West
        US","documentEndpoint":"https://cli000002-westus.documents.azure.com:443/","provisioningState":"Succeeded","failoverPriority":1,"isZoneRedundant":false}],"locations":[{"id":"cli000002-eastus","locationName":"East
        US","documentEndpoint":"https://cli000002-eastus.documents.azure.com:443/","provisioningState":"Succeeded","failoverPriority":0,"isZoneRedundant":false},{"id":"cli000002-westus","locationName":"West
        US","documentEndpoint":"https://cli000002-westus.documents.azure.com:443/","provisioningState":"Succeeded","failoverPriority":1,"isZoneRedundant":false}],"failoverPolicies":[{"id":"cli000002-eastus","locationName":"East
        US","failoverPriority":0},{"id":"cli000002-westus","locationName":"West US","failoverPriority":1}],"cors":[],"capabilities":[]}}'
    headers:
      cache-control:
      - no-store, no-cache
      content-length:
      - '2573'
      content-location:
      - https://management.documents.azure.com:450/subscriptions/0b1f6471-1bf0-4dda-aec3-cb9272f09590/resourceGroups/cli_test_cosmosdb_accountvqv4ikozdu3kuaimxvqvythus3fgzqbtrki7xoz5f4amudi6zt/providers/Microsoft.DocumentDB/databaseAccounts/cliwaq5noakghk5hvyv7vnccemdtgdra5qe7u4gm?api-version=2015-04-08
      content-type:
      - application/json
      date:
      - Wed, 16 Oct 2019 15:56:49 GMT
      pragma:
      - no-cache
      server:
      - Microsoft-HTTPAPI/2.0
      strict-transport-security:
      - max-age=31536000; includeSubDomains
      transfer-encoding:
      - chunked
      vary:
      - Accept-Encoding
      x-content-type-options:
      - nosniff
      x-ms-gatewayversion:
      - version=2.7.0
    status:
      code: 200
      message: Ok
- request:
    body: null
    headers:
      Accept:
      - application/json
      Accept-Encoding:
      - gzip, deflate
      CommandName:
      - cosmosdb create
      Connection:
      - keep-alive
      ParameterSetName:
      - -n -g --locations --locations
      User-Agent:
      - python/3.7.4 (Windows-10-10.0.18362-SP0) msrest/0.6.10 msrest_azure/0.6.2
        azure-mgmt-cosmosdb/0.8.0 Azure-SDK-For-Python AZURECLI/2.0.75
      accept-language:
      - en-US
    method: GET
    uri: https://management.azure.com/subscriptions/00000000-0000-0000-0000-000000000000/resourceGroups/cli_test_cosmosdb_account000001/providers/Microsoft.DocumentDB/databaseAccounts/cli000002?api-version=2015-04-08
  response:
    body:
      string: '{"id":"/subscriptions/00000000-0000-0000-0000-000000000000/resourceGroups/cli_test_cosmosdb_account000001/providers/Microsoft.DocumentDB/databaseAccounts/cli000002","name":"cli000002","location":"West
        US","type":"Microsoft.DocumentDB/databaseAccounts","kind":"GlobalDocumentDB","tags":{},"properties":{"provisioningState":"Succeeded","documentEndpoint":"https://cli000002.documents.azure.com:443/","ipRangeFilter":"","enableAutomaticFailover":false,"enableMultipleWriteLocations":false,"enablePartitionKeyMonitor":false,"isVirtualNetworkFilterEnabled":false,"virtualNetworkRules":[],"EnabledApiTypes":"Sql","disableKeyBasedMetadataWriteAccess":false,"databaseAccountOfferType":"Standard","consistencyPolicy":{"defaultConsistencyLevel":"Session","maxIntervalInSeconds":5,"maxStalenessPrefix":100},"configurationOverrides":{},"writeLocations":[{"id":"cli000002-eastus","locationName":"East
        US","documentEndpoint":"https://cli000002-eastus.documents.azure.com:443/","provisioningState":"Succeeded","failoverPriority":0,"isZoneRedundant":false}],"readLocations":[{"id":"cli000002-eastus","locationName":"East
        US","documentEndpoint":"https://cli000002-eastus.documents.azure.com:443/","provisioningState":"Succeeded","failoverPriority":0,"isZoneRedundant":false},{"id":"cli000002-westus","locationName":"West
        US","documentEndpoint":"https://cli000002-westus.documents.azure.com:443/","provisioningState":"Succeeded","failoverPriority":1,"isZoneRedundant":false}],"locations":[{"id":"cli000002-eastus","locationName":"East
        US","documentEndpoint":"https://cli000002-eastus.documents.azure.com:443/","provisioningState":"Succeeded","failoverPriority":0,"isZoneRedundant":false},{"id":"cli000002-westus","locationName":"West
        US","documentEndpoint":"https://cli000002-westus.documents.azure.com:443/","provisioningState":"Succeeded","failoverPriority":1,"isZoneRedundant":false}],"failoverPolicies":[{"id":"cli000002-eastus","locationName":"East
        US","failoverPriority":0},{"id":"cli000002-westus","locationName":"West US","failoverPriority":1}],"cors":[],"capabilities":[]}}'
    headers:
      cache-control:
      - no-store, no-cache
      content-length:
      - '2573'
      content-location:
      - https://management.documents.azure.com:450/subscriptions/0b1f6471-1bf0-4dda-aec3-cb9272f09590/resourceGroups/cli_test_cosmosdb_accountvqv4ikozdu3kuaimxvqvythus3fgzqbtrki7xoz5f4amudi6zt/providers/Microsoft.DocumentDB/databaseAccounts/cliwaq5noakghk5hvyv7vnccemdtgdra5qe7u4gm?api-version=2015-04-08
      content-type:
      - application/json
      date:
      - Wed, 16 Oct 2019 15:56:50 GMT
      pragma:
      - no-cache
      server:
      - Microsoft-HTTPAPI/2.0
      strict-transport-security:
      - max-age=31536000; includeSubDomains
      transfer-encoding:
      - chunked
      vary:
      - Accept-Encoding
      x-content-type-options:
      - nosniff
      x-ms-gatewayversion:
      - version=2.7.0
    status:
      code: 200
      message: Ok
version: 1
