interactions:
- request:
    body: null
    headers:
      Accept:
      - application/json
      Accept-Encoding:
      - gzip, deflate
      CommandName:
      - cosmosdb create
      Connection:
      - keep-alive
      ParameterSetName:
      - -n -g
      User-Agent:
      - python/3.7.4 (Windows-10-10.0.18362-SP0) msrest/0.6.10 msrest_azure/0.6.2
        azure-mgmt-resource/4.0.0 Azure-SDK-For-Python AZURECLI/2.0.75
      accept-language:
      - en-US
    method: GET
    uri: https://management.azure.com/subscriptions/00000000-0000-0000-0000-000000000000/resourcegroups/cli_test_cosmosdb_account000001?api-version=2019-07-01
  response:
    body:
      string: '{"id":"/subscriptions/00000000-0000-0000-0000-000000000000/resourceGroups/cli_test_cosmosdb_account000001","name":"cli_test_cosmosdb_account000001","type":"Microsoft.Resources/resourceGroups","location":"westus","tags":{"product":"azurecli","cause":"automation","date":"2019-10-16T18:25:21Z"},"properties":{"provisioningState":"Succeeded"}}'
    headers:
      cache-control:
      - no-cache
      content-length:
      - '428'
      content-type:
      - application/json; charset=utf-8
      date:
      - Wed, 16 Oct 2019 18:25:25 GMT
      expires:
      - '-1'
      pragma:
      - no-cache
      strict-transport-security:
      - max-age=31536000; includeSubDomains
      vary:
      - Accept-Encoding
      x-content-type-options:
      - nosniff
    status:
      code: 200
      message: OK
- request:
    body: '{"location": "westus", "kind": "GlobalDocumentDB", "properties": {"locations":
      [{"locationName": "westus", "failoverPriority": 0, "isZoneRedundant": false}],
      "databaseAccountOfferType": "Standard"}}'
    headers:
      Accept:
      - application/json
      Accept-Encoding:
      - gzip, deflate
      CommandName:
      - cosmosdb create
      Connection:
      - keep-alive
      Content-Length:
      - '198'
      Content-Type:
      - application/json; charset=utf-8
      ParameterSetName:
      - -n -g
      User-Agent:
      - python/3.7.4 (Windows-10-10.0.18362-SP0) msrest/0.6.10 msrest_azure/0.6.2
        azure-mgmt-cosmosdb/0.8.0 Azure-SDK-For-Python AZURECLI/2.0.75
      accept-language:
      - en-US
    method: PUT
    uri: https://management.azure.com/subscriptions/00000000-0000-0000-0000-000000000000/resourceGroups/cli_test_cosmosdb_account000001/providers/Microsoft.DocumentDB/databaseAccounts/cli000002?api-version=2015-04-08
  response:
    body:
      string: '{"id":"/subscriptions/00000000-0000-0000-0000-000000000000/resourceGroups/cli_test_cosmosdb_account000001/providers/Microsoft.DocumentDB/databaseAccounts/cli000002","name":"cli000002","location":"West
        US","type":"Microsoft.DocumentDB/databaseAccounts","kind":"GlobalDocumentDB","tags":{},"properties":{"provisioningState":"Initializing","ipRangeFilter":"","enableAutomaticFailover":false,"enableMultipleWriteLocations":false,"enablePartitionKeyMonitor":false,"isVirtualNetworkFilterEnabled":false,"virtualNetworkRules":[],"EnabledApiTypes":"Sql","disableKeyBasedMetadataWriteAccess":false,"databaseAccountOfferType":"Standard","consistencyPolicy":{"defaultConsistencyLevel":"Session","maxIntervalInSeconds":5,"maxStalenessPrefix":100},"configurationOverrides":{},"writeLocations":[{"id":"cli000002-westus","locationName":"West
        US","provisioningState":"Initializing","failoverPriority":0,"isZoneRedundant":false}],"readLocations":[{"id":"cli000002-westus","locationName":"West
        US","provisioningState":"Initializing","failoverPriority":0,"isZoneRedundant":false}],"locations":[{"id":"cli000002-westus","locationName":"West
        US","provisioningState":"Initializing","failoverPriority":0,"isZoneRedundant":false}],"failoverPolicies":[{"id":"cli000002-westus","locationName":"West
        US","failoverPriority":0}],"cors":[],"capabilities":[]}}'
    headers:
      azure-asyncoperation:
      - https://management.azure.com/subscriptions/00000000-0000-0000-0000-000000000000/providers/Microsoft.DocumentDB/locations/westus/operationsStatus/81cad5d7-3d3b-4a98-b5d5-2c073ebbe980?api-version=2015-04-08
      cache-control:
      - no-store, no-cache
      content-length:
      - '1559'
      content-location:
      - https://management.documents.azure.com:450/subscriptions/0b1f6471-1bf0-4dda-aec3-cb9272f09590/resourceGroups/cli_test_cosmosdb_accountitlnalhfyoxgs5glmfu46lvqlwk4qf7z6fotik2kamhdvmeu7o/providers/Microsoft.DocumentDB/databaseAccounts/cli6rcregfpvg74njjpe4jwijqyfrtzj2l2tc4vq?api-version=2015-04-08
      content-type:
      - application/json
      date:
      - Wed, 16 Oct 2019 18:25:29 GMT
      location:
      - https://management.azure.com/subscriptions/00000000-0000-0000-0000-000000000000/resourceGroups/cli_test_cosmosdb_account000001/providers/Microsoft.DocumentDB/databaseAccounts/cli000002/operationResults/81cad5d7-3d3b-4a98-b5d5-2c073ebbe980?api-version=2015-04-08
      pragma:
      - no-cache
      server:
      - Microsoft-HTTPAPI/2.0
      strict-transport-security:
      - max-age=31536000; includeSubDomains
      transfer-encoding:
      - chunked
      vary:
      - Accept-Encoding
      x-content-type-options:
      - nosniff
      x-ms-gatewayversion:
      - version=2.7.0
      x-ms-ratelimit-remaining-subscription-writes:
      - '1182'
    status:
      code: 200
      message: Ok
- request:
    body: null
    headers:
      Accept:
      - application/json
      Accept-Encoding:
      - gzip, deflate
      CommandName:
      - cosmosdb create
      Connection:
      - keep-alive
      ParameterSetName:
      - -n -g
      User-Agent:
      - python/3.7.4 (Windows-10-10.0.18362-SP0) msrest/0.6.10 msrest_azure/0.6.2
        azure-mgmt-cosmosdb/0.8.0 Azure-SDK-For-Python AZURECLI/2.0.75
    method: GET
    uri: https://management.azure.com/subscriptions/00000000-0000-0000-0000-000000000000/providers/Microsoft.DocumentDB/locations/westus/operationsStatus/81cad5d7-3d3b-4a98-b5d5-2c073ebbe980?api-version=2015-04-08
  response:
    body:
      string: '{"status":"Dequeued","error":{}}'
    headers:
      cache-control:
      - no-store, no-cache
      content-length:
      - '32'
      content-location:
      - https://management.documents.azure.com:450/subscriptions/0b1f6471-1bf0-4dda-aec3-cb9272f09590/providers/Microsoft.DocumentDB/locations/westus/operationsStatus/81cad5d7-3d3b-4a98-b5d5-2c073ebbe980?api-version=2015-04-08
      content-type:
      - application/json
      date:
      - Wed, 16 Oct 2019 18:26:00 GMT
      pragma:
      - no-cache
      server:
      - Microsoft-HTTPAPI/2.0
      strict-transport-security:
      - max-age=31536000; includeSubDomains
      transfer-encoding:
      - chunked
      vary:
      - Accept-Encoding
      x-content-type-options:
      - nosniff
      x-ms-gatewayversion:
      - version=2.7.0
    status:
      code: 200
      message: Ok
- request:
    body: null
    headers:
      Accept:
      - application/json
      Accept-Encoding:
      - gzip, deflate
      CommandName:
      - cosmosdb create
      Connection:
      - keep-alive
      ParameterSetName:
      - -n -g
      User-Agent:
      - python/3.7.4 (Windows-10-10.0.18362-SP0) msrest/0.6.10 msrest_azure/0.6.2
        azure-mgmt-cosmosdb/0.8.0 Azure-SDK-For-Python AZURECLI/2.0.75
    method: GET
    uri: https://management.azure.com/subscriptions/00000000-0000-0000-0000-000000000000/providers/Microsoft.DocumentDB/locations/westus/operationsStatus/81cad5d7-3d3b-4a98-b5d5-2c073ebbe980?api-version=2015-04-08
  response:
    body:
      string: '{"status":"Dequeued","error":{}}'
    headers:
      cache-control:
      - no-store, no-cache
      content-length:
      - '32'
      content-location:
      - https://management.documents.azure.com:450/subscriptions/0b1f6471-1bf0-4dda-aec3-cb9272f09590/providers/Microsoft.DocumentDB/locations/westus/operationsStatus/81cad5d7-3d3b-4a98-b5d5-2c073ebbe980?api-version=2015-04-08
      content-type:
      - application/json
      date:
      - Wed, 16 Oct 2019 18:26:30 GMT
      pragma:
      - no-cache
      server:
      - Microsoft-HTTPAPI/2.0
      strict-transport-security:
      - max-age=31536000; includeSubDomains
      transfer-encoding:
      - chunked
      vary:
      - Accept-Encoding
      x-content-type-options:
      - nosniff
      x-ms-gatewayversion:
      - version=2.7.0
    status:
      code: 200
      message: Ok
- request:
    body: null
    headers:
      Accept:
      - application/json
      Accept-Encoding:
      - gzip, deflate
      CommandName:
      - cosmosdb create
      Connection:
      - keep-alive
      ParameterSetName:
      - -n -g
      User-Agent:
      - python/3.7.4 (Windows-10-10.0.18362-SP0) msrest/0.6.10 msrest_azure/0.6.2
        azure-mgmt-cosmosdb/0.8.0 Azure-SDK-For-Python AZURECLI/2.0.75
    method: GET
    uri: https://management.azure.com/subscriptions/00000000-0000-0000-0000-000000000000/providers/Microsoft.DocumentDB/locations/westus/operationsStatus/81cad5d7-3d3b-4a98-b5d5-2c073ebbe980?api-version=2015-04-08
  response:
    body:
      string: '{"status":"Dequeued","error":{}}'
    headers:
      cache-control:
      - no-store, no-cache
      content-length:
      - '32'
      content-location:
      - https://management.documents.azure.com:450/subscriptions/0b1f6471-1bf0-4dda-aec3-cb9272f09590/providers/Microsoft.DocumentDB/locations/westus/operationsStatus/81cad5d7-3d3b-4a98-b5d5-2c073ebbe980?api-version=2015-04-08
      content-type:
      - application/json
      date:
      - Wed, 16 Oct 2019 18:27:01 GMT
      pragma:
      - no-cache
      server:
      - Microsoft-HTTPAPI/2.0
      strict-transport-security:
      - max-age=31536000; includeSubDomains
      transfer-encoding:
      - chunked
      vary:
      - Accept-Encoding
      x-content-type-options:
      - nosniff
      x-ms-gatewayversion:
      - version=2.7.0
    status:
      code: 200
      message: Ok
- request:
    body: null
    headers:
      Accept:
      - application/json
      Accept-Encoding:
      - gzip, deflate
      CommandName:
      - cosmosdb create
      Connection:
      - keep-alive
      ParameterSetName:
      - -n -g
      User-Agent:
      - python/3.7.4 (Windows-10-10.0.18362-SP0) msrest/0.6.10 msrest_azure/0.6.2
        azure-mgmt-cosmosdb/0.8.0 Azure-SDK-For-Python AZURECLI/2.0.75
    method: GET
    uri: https://management.azure.com/subscriptions/00000000-0000-0000-0000-000000000000/providers/Microsoft.DocumentDB/locations/westus/operationsStatus/81cad5d7-3d3b-4a98-b5d5-2c073ebbe980?api-version=2015-04-08
  response:
    body:
      string: '{"status":"Dequeued","error":{}}'
    headers:
      cache-control:
      - no-store, no-cache
      content-length:
      - '32'
      content-location:
      - https://management.documents.azure.com:450/subscriptions/0b1f6471-1bf0-4dda-aec3-cb9272f09590/providers/Microsoft.DocumentDB/locations/westus/operationsStatus/81cad5d7-3d3b-4a98-b5d5-2c073ebbe980?api-version=2015-04-08
      content-type:
      - application/json
      date:
      - Wed, 16 Oct 2019 18:27:31 GMT
      pragma:
      - no-cache
      server:
      - Microsoft-HTTPAPI/2.0
      strict-transport-security:
      - max-age=31536000; includeSubDomains
      transfer-encoding:
      - chunked
      vary:
      - Accept-Encoding
      x-content-type-options:
      - nosniff
      x-ms-gatewayversion:
      - version=2.7.0
    status:
      code: 200
      message: Ok
- request:
    body: null
    headers:
      Accept:
      - application/json
      Accept-Encoding:
      - gzip, deflate
      CommandName:
      - cosmosdb create
      Connection:
      - keep-alive
      ParameterSetName:
      - -n -g
      User-Agent:
      - python/3.7.4 (Windows-10-10.0.18362-SP0) msrest/0.6.10 msrest_azure/0.6.2
        azure-mgmt-cosmosdb/0.8.0 Azure-SDK-For-Python AZURECLI/2.0.75
    method: GET
    uri: https://management.azure.com/subscriptions/00000000-0000-0000-0000-000000000000/providers/Microsoft.DocumentDB/locations/westus/operationsStatus/81cad5d7-3d3b-4a98-b5d5-2c073ebbe980?api-version=2015-04-08
  response:
    body:
      string: '{"status":"Dequeued","error":{}}'
    headers:
      cache-control:
      - no-store, no-cache
      content-length:
      - '32'
      content-location:
      - https://management.documents.azure.com:450/subscriptions/0b1f6471-1bf0-4dda-aec3-cb9272f09590/providers/Microsoft.DocumentDB/locations/westus/operationsStatus/81cad5d7-3d3b-4a98-b5d5-2c073ebbe980?api-version=2015-04-08
      content-type:
      - application/json
      date:
      - Wed, 16 Oct 2019 18:28:02 GMT
      pragma:
      - no-cache
      server:
      - Microsoft-HTTPAPI/2.0
      strict-transport-security:
      - max-age=31536000; includeSubDomains
      transfer-encoding:
      - chunked
      vary:
      - Accept-Encoding
      x-content-type-options:
      - nosniff
      x-ms-gatewayversion:
      - version=2.7.0
    status:
      code: 200
      message: Ok
- request:
    body: null
    headers:
      Accept:
      - application/json
      Accept-Encoding:
      - gzip, deflate
      CommandName:
      - cosmosdb create
      Connection:
      - keep-alive
      ParameterSetName:
      - -n -g
      User-Agent:
      - python/3.7.4 (Windows-10-10.0.18362-SP0) msrest/0.6.10 msrest_azure/0.6.2
        azure-mgmt-cosmosdb/0.8.0 Azure-SDK-For-Python AZURECLI/2.0.75
    method: GET
    uri: https://management.azure.com/subscriptions/00000000-0000-0000-0000-000000000000/providers/Microsoft.DocumentDB/locations/westus/operationsStatus/81cad5d7-3d3b-4a98-b5d5-2c073ebbe980?api-version=2015-04-08
  response:
    body:
      string: '{"status":"Dequeued","error":{}}'
    headers:
      cache-control:
      - no-store, no-cache
      content-length:
      - '32'
      content-location:
      - https://management.documents.azure.com:450/subscriptions/0b1f6471-1bf0-4dda-aec3-cb9272f09590/providers/Microsoft.DocumentDB/locations/westus/operationsStatus/81cad5d7-3d3b-4a98-b5d5-2c073ebbe980?api-version=2015-04-08
      content-type:
      - application/json
      date:
      - Wed, 16 Oct 2019 18:28:33 GMT
      pragma:
      - no-cache
      server:
      - Microsoft-HTTPAPI/2.0
      strict-transport-security:
      - max-age=31536000; includeSubDomains
      transfer-encoding:
      - chunked
      vary:
      - Accept-Encoding
      x-content-type-options:
      - nosniff
      x-ms-gatewayversion:
      - version=2.7.0
    status:
      code: 200
      message: Ok
- request:
    body: null
    headers:
      Accept:
      - application/json
      Accept-Encoding:
      - gzip, deflate
      CommandName:
      - cosmosdb create
      Connection:
      - keep-alive
      ParameterSetName:
      - -n -g
      User-Agent:
      - python/3.7.4 (Windows-10-10.0.18362-SP0) msrest/0.6.10 msrest_azure/0.6.2
        azure-mgmt-cosmosdb/0.8.0 Azure-SDK-For-Python AZURECLI/2.0.75
    method: GET
    uri: https://management.azure.com/subscriptions/00000000-0000-0000-0000-000000000000/providers/Microsoft.DocumentDB/locations/westus/operationsStatus/81cad5d7-3d3b-4a98-b5d5-2c073ebbe980?api-version=2015-04-08
  response:
    body:
      string: '{"status":"Dequeued","error":{}}'
    headers:
      cache-control:
      - no-store, no-cache
      content-length:
      - '32'
      content-location:
      - https://management.documents.azure.com:450/subscriptions/0b1f6471-1bf0-4dda-aec3-cb9272f09590/providers/Microsoft.DocumentDB/locations/westus/operationsStatus/81cad5d7-3d3b-4a98-b5d5-2c073ebbe980?api-version=2015-04-08
      content-type:
      - application/json
      date:
      - Wed, 16 Oct 2019 18:29:04 GMT
      pragma:
      - no-cache
      server:
      - Microsoft-HTTPAPI/2.0
      strict-transport-security:
      - max-age=31536000; includeSubDomains
      transfer-encoding:
      - chunked
      vary:
      - Accept-Encoding
      x-content-type-options:
      - nosniff
      x-ms-gatewayversion:
      - version=2.7.0
    status:
      code: 200
      message: Ok
- request:
    body: null
    headers:
      Accept:
      - application/json
      Accept-Encoding:
      - gzip, deflate
      CommandName:
      - cosmosdb create
      Connection:
      - keep-alive
      ParameterSetName:
      - -n -g
      User-Agent:
      - python/3.7.4 (Windows-10-10.0.18362-SP0) msrest/0.6.10 msrest_azure/0.6.2
        azure-mgmt-cosmosdb/0.8.0 Azure-SDK-For-Python AZURECLI/2.0.75
    method: GET
    uri: https://management.azure.com/subscriptions/00000000-0000-0000-0000-000000000000/providers/Microsoft.DocumentDB/locations/westus/operationsStatus/81cad5d7-3d3b-4a98-b5d5-2c073ebbe980?api-version=2015-04-08
  response:
    body:
      string: '{"status":"Dequeued","error":{}}'
    headers:
      cache-control:
      - no-store, no-cache
      content-length:
      - '32'
      content-location:
      - https://management.documents.azure.com:450/subscriptions/0b1f6471-1bf0-4dda-aec3-cb9272f09590/providers/Microsoft.DocumentDB/locations/westus/operationsStatus/81cad5d7-3d3b-4a98-b5d5-2c073ebbe980?api-version=2015-04-08
      content-type:
      - application/json
      date:
      - Wed, 16 Oct 2019 18:29:34 GMT
      pragma:
      - no-cache
      server:
      - Microsoft-HTTPAPI/2.0
      strict-transport-security:
      - max-age=31536000; includeSubDomains
      transfer-encoding:
      - chunked
      vary:
      - Accept-Encoding
      x-content-type-options:
      - nosniff
      x-ms-gatewayversion:
      - version=2.7.0
    status:
      code: 200
      message: Ok
- request:
    body: null
    headers:
      Accept:
      - application/json
      Accept-Encoding:
      - gzip, deflate
      CommandName:
      - cosmosdb create
      Connection:
      - keep-alive
      ParameterSetName:
      - -n -g
      User-Agent:
      - python/3.7.4 (Windows-10-10.0.18362-SP0) msrest/0.6.10 msrest_azure/0.6.2
        azure-mgmt-cosmosdb/0.8.0 Azure-SDK-For-Python AZURECLI/2.0.75
    method: GET
    uri: https://management.azure.com/subscriptions/00000000-0000-0000-0000-000000000000/providers/Microsoft.DocumentDB/locations/westus/operationsStatus/81cad5d7-3d3b-4a98-b5d5-2c073ebbe980?api-version=2015-04-08
  response:
    body:
      string: '{"status":"Dequeued","error":{}}'
    headers:
      cache-control:
      - no-store, no-cache
      content-length:
      - '32'
      content-location:
      - https://management.documents.azure.com:450/subscriptions/0b1f6471-1bf0-4dda-aec3-cb9272f09590/providers/Microsoft.DocumentDB/locations/westus/operationsStatus/81cad5d7-3d3b-4a98-b5d5-2c073ebbe980?api-version=2015-04-08
      content-type:
      - application/json
      date:
      - Wed, 16 Oct 2019 18:30:04 GMT
      pragma:
      - no-cache
      server:
      - Microsoft-HTTPAPI/2.0
      strict-transport-security:
      - max-age=31536000; includeSubDomains
      transfer-encoding:
      - chunked
      vary:
      - Accept-Encoding
      x-content-type-options:
      - nosniff
      x-ms-gatewayversion:
      - version=2.7.0
    status:
      code: 200
      message: Ok
- request:
    body: null
    headers:
      Accept:
      - application/json
      Accept-Encoding:
      - gzip, deflate
      CommandName:
      - cosmosdb create
      Connection:
      - keep-alive
      ParameterSetName:
      - -n -g
      User-Agent:
      - python/3.7.4 (Windows-10-10.0.18362-SP0) msrest/0.6.10 msrest_azure/0.6.2
        azure-mgmt-cosmosdb/0.8.0 Azure-SDK-For-Python AZURECLI/2.0.75
    method: GET
    uri: https://management.azure.com/subscriptions/00000000-0000-0000-0000-000000000000/providers/Microsoft.DocumentDB/locations/westus/operationsStatus/81cad5d7-3d3b-4a98-b5d5-2c073ebbe980?api-version=2015-04-08
  response:
    body:
      string: '{"status":"Dequeued","error":{}}'
    headers:
      cache-control:
      - no-store, no-cache
      content-length:
      - '32'
      content-location:
      - https://management.documents.azure.com:450/subscriptions/0b1f6471-1bf0-4dda-aec3-cb9272f09590/providers/Microsoft.DocumentDB/locations/westus/operationsStatus/81cad5d7-3d3b-4a98-b5d5-2c073ebbe980?api-version=2015-04-08
      content-type:
      - application/json
      date:
      - Wed, 16 Oct 2019 18:30:36 GMT
      pragma:
      - no-cache
      server:
      - Microsoft-HTTPAPI/2.0
      strict-transport-security:
      - max-age=31536000; includeSubDomains
      transfer-encoding:
      - chunked
      vary:
      - Accept-Encoding
      x-content-type-options:
      - nosniff
      x-ms-gatewayversion:
      - version=2.7.0
    status:
      code: 200
      message: Ok
- request:
    body: null
    headers:
      Accept:
      - application/json
      Accept-Encoding:
      - gzip, deflate
      CommandName:
      - cosmosdb create
      Connection:
      - keep-alive
      ParameterSetName:
      - -n -g
      User-Agent:
      - python/3.7.4 (Windows-10-10.0.18362-SP0) msrest/0.6.10 msrest_azure/0.6.2
        azure-mgmt-cosmosdb/0.8.0 Azure-SDK-For-Python AZURECLI/2.0.75
    method: GET
    uri: https://management.azure.com/subscriptions/00000000-0000-0000-0000-000000000000/providers/Microsoft.DocumentDB/locations/westus/operationsStatus/81cad5d7-3d3b-4a98-b5d5-2c073ebbe980?api-version=2015-04-08
  response:
    body:
      string: '{"status":"Dequeued","error":{}}'
    headers:
      cache-control:
      - no-store, no-cache
      content-length:
      - '32'
      content-location:
      - https://management.documents.azure.com:450/subscriptions/0b1f6471-1bf0-4dda-aec3-cb9272f09590/providers/Microsoft.DocumentDB/locations/westus/operationsStatus/81cad5d7-3d3b-4a98-b5d5-2c073ebbe980?api-version=2015-04-08
      content-type:
      - application/json
      date:
      - Wed, 16 Oct 2019 18:31:07 GMT
      pragma:
      - no-cache
      server:
      - Microsoft-HTTPAPI/2.0
      strict-transport-security:
      - max-age=31536000; includeSubDomains
      transfer-encoding:
      - chunked
      vary:
      - Accept-Encoding
      x-content-type-options:
      - nosniff
      x-ms-gatewayversion:
      - version=2.7.0
    status:
      code: 200
      message: Ok
- request:
    body: null
    headers:
      Accept:
      - application/json
      Accept-Encoding:
      - gzip, deflate
      CommandName:
      - cosmosdb create
      Connection:
      - keep-alive
      ParameterSetName:
      - -n -g
      User-Agent:
      - python/3.7.4 (Windows-10-10.0.18362-SP0) msrest/0.6.10 msrest_azure/0.6.2
        azure-mgmt-cosmosdb/0.8.0 Azure-SDK-For-Python AZURECLI/2.0.75
    method: GET
    uri: https://management.azure.com/subscriptions/00000000-0000-0000-0000-000000000000/providers/Microsoft.DocumentDB/locations/westus/operationsStatus/81cad5d7-3d3b-4a98-b5d5-2c073ebbe980?api-version=2015-04-08
  response:
    body:
      string: '{"status":"Dequeued","error":{}}'
    headers:
      cache-control:
      - no-store, no-cache
      content-length:
      - '32'
      content-location:
      - https://management.documents.azure.com:450/subscriptions/0b1f6471-1bf0-4dda-aec3-cb9272f09590/providers/Microsoft.DocumentDB/locations/westus/operationsStatus/81cad5d7-3d3b-4a98-b5d5-2c073ebbe980?api-version=2015-04-08
      content-type:
      - application/json
      date:
      - Wed, 16 Oct 2019 18:31:36 GMT
      pragma:
      - no-cache
      server:
      - Microsoft-HTTPAPI/2.0
      strict-transport-security:
      - max-age=31536000; includeSubDomains
      transfer-encoding:
      - chunked
      vary:
      - Accept-Encoding
      x-content-type-options:
      - nosniff
      x-ms-gatewayversion:
      - version=2.7.0
    status:
      code: 200
      message: Ok
- request:
    body: null
    headers:
      Accept:
      - application/json
      Accept-Encoding:
      - gzip, deflate
      CommandName:
      - cosmosdb create
      Connection:
      - keep-alive
      ParameterSetName:
      - -n -g
      User-Agent:
      - python/3.7.4 (Windows-10-10.0.18362-SP0) msrest/0.6.10 msrest_azure/0.6.2
        azure-mgmt-cosmosdb/0.8.0 Azure-SDK-For-Python AZURECLI/2.0.75
    method: GET
    uri: https://management.azure.com/subscriptions/00000000-0000-0000-0000-000000000000/providers/Microsoft.DocumentDB/locations/westus/operationsStatus/81cad5d7-3d3b-4a98-b5d5-2c073ebbe980?api-version=2015-04-08
  response:
    body:
      string: '{"status":"Dequeued","error":{}}'
    headers:
      cache-control:
      - no-store, no-cache
      content-length:
      - '32'
      content-location:
      - https://management.documents.azure.com:450/subscriptions/0b1f6471-1bf0-4dda-aec3-cb9272f09590/providers/Microsoft.DocumentDB/locations/westus/operationsStatus/81cad5d7-3d3b-4a98-b5d5-2c073ebbe980?api-version=2015-04-08
      content-type:
      - application/json
      date:
      - Wed, 16 Oct 2019 18:32:08 GMT
      pragma:
      - no-cache
      server:
      - Microsoft-HTTPAPI/2.0
      strict-transport-security:
      - max-age=31536000; includeSubDomains
      transfer-encoding:
      - chunked
      vary:
      - Accept-Encoding
      x-content-type-options:
      - nosniff
      x-ms-gatewayversion:
      - version=2.7.0
    status:
      code: 200
      message: Ok
- request:
    body: null
    headers:
      Accept:
      - application/json
      Accept-Encoding:
      - gzip, deflate
      CommandName:
      - cosmosdb create
      Connection:
      - keep-alive
      ParameterSetName:
      - -n -g
      User-Agent:
      - python/3.7.4 (Windows-10-10.0.18362-SP0) msrest/0.6.10 msrest_azure/0.6.2
        azure-mgmt-cosmosdb/0.8.0 Azure-SDK-For-Python AZURECLI/2.0.75
    method: GET
    uri: https://management.azure.com/subscriptions/00000000-0000-0000-0000-000000000000/providers/Microsoft.DocumentDB/locations/westus/operationsStatus/81cad5d7-3d3b-4a98-b5d5-2c073ebbe980?api-version=2015-04-08
  response:
    body:
      string: '{"status":"Dequeued","error":{}}'
    headers:
      cache-control:
      - no-store, no-cache
      content-length:
      - '32'
      content-location:
      - https://management.documents.azure.com:450/subscriptions/0b1f6471-1bf0-4dda-aec3-cb9272f09590/providers/Microsoft.DocumentDB/locations/westus/operationsStatus/81cad5d7-3d3b-4a98-b5d5-2c073ebbe980?api-version=2015-04-08
      content-type:
      - application/json
      date:
      - Wed, 16 Oct 2019 18:32:39 GMT
      pragma:
      - no-cache
      server:
      - Microsoft-HTTPAPI/2.0
      strict-transport-security:
      - max-age=31536000; includeSubDomains
      transfer-encoding:
      - chunked
      vary:
      - Accept-Encoding
      x-content-type-options:
      - nosniff
      x-ms-gatewayversion:
      - version=2.7.0
    status:
      code: 200
      message: Ok
- request:
    body: null
    headers:
      Accept:
      - application/json
      Accept-Encoding:
      - gzip, deflate
      CommandName:
      - cosmosdb create
      Connection:
      - keep-alive
      ParameterSetName:
      - -n -g
      User-Agent:
      - python/3.7.4 (Windows-10-10.0.18362-SP0) msrest/0.6.10 msrest_azure/0.6.2
        azure-mgmt-cosmosdb/0.8.0 Azure-SDK-For-Python AZURECLI/2.0.75
    method: GET
    uri: https://management.azure.com/subscriptions/00000000-0000-0000-0000-000000000000/providers/Microsoft.DocumentDB/locations/westus/operationsStatus/81cad5d7-3d3b-4a98-b5d5-2c073ebbe980?api-version=2015-04-08
  response:
    body:
      string: '{"status":"Dequeued","error":{}}'
    headers:
      cache-control:
      - no-store, no-cache
      content-length:
      - '32'
      content-location:
      - https://management.documents.azure.com:450/subscriptions/0b1f6471-1bf0-4dda-aec3-cb9272f09590/providers/Microsoft.DocumentDB/locations/westus/operationsStatus/81cad5d7-3d3b-4a98-b5d5-2c073ebbe980?api-version=2015-04-08
      content-type:
      - application/json
      date:
      - Wed, 16 Oct 2019 18:33:08 GMT
      pragma:
      - no-cache
      server:
      - Microsoft-HTTPAPI/2.0
      strict-transport-security:
      - max-age=31536000; includeSubDomains
      transfer-encoding:
      - chunked
      vary:
      - Accept-Encoding
      x-content-type-options:
      - nosniff
      x-ms-gatewayversion:
      - version=2.7.0
    status:
      code: 200
      message: Ok
- request:
    body: null
    headers:
      Accept:
      - application/json
      Accept-Encoding:
      - gzip, deflate
      CommandName:
      - cosmosdb create
      Connection:
      - keep-alive
      ParameterSetName:
      - -n -g
      User-Agent:
      - python/3.7.4 (Windows-10-10.0.18362-SP0) msrest/0.6.10 msrest_azure/0.6.2
        azure-mgmt-cosmosdb/0.8.0 Azure-SDK-For-Python AZURECLI/2.0.75
    method: GET
    uri: https://management.azure.com/subscriptions/00000000-0000-0000-0000-000000000000/providers/Microsoft.DocumentDB/locations/westus/operationsStatus/81cad5d7-3d3b-4a98-b5d5-2c073ebbe980?api-version=2015-04-08
  response:
    body:
      string: '{"status":"Succeeded","error":{}}'
    headers:
      cache-control:
      - no-store, no-cache
      content-length:
      - '33'
      content-location:
      - https://management.documents.azure.com:450/subscriptions/0b1f6471-1bf0-4dda-aec3-cb9272f09590/providers/Microsoft.DocumentDB/locations/westus/operationsStatus/81cad5d7-3d3b-4a98-b5d5-2c073ebbe980?api-version=2015-04-08
      content-type:
      - application/json
      date:
      - Wed, 16 Oct 2019 18:33:39 GMT
      pragma:
      - no-cache
      server:
      - Microsoft-HTTPAPI/2.0
      strict-transport-security:
      - max-age=31536000; includeSubDomains
      transfer-encoding:
      - chunked
      vary:
      - Accept-Encoding
      x-content-type-options:
      - nosniff
      x-ms-gatewayversion:
      - version=2.7.0
    status:
      code: 200
      message: Ok
- request:
    body: null
    headers:
      Accept:
      - application/json
      Accept-Encoding:
      - gzip, deflate
      CommandName:
      - cosmosdb create
      Connection:
      - keep-alive
      ParameterSetName:
      - -n -g
      User-Agent:
      - python/3.7.4 (Windows-10-10.0.18362-SP0) msrest/0.6.10 msrest_azure/0.6.2
        azure-mgmt-cosmosdb/0.8.0 Azure-SDK-For-Python AZURECLI/2.0.75
    method: GET
    uri: https://management.azure.com/subscriptions/00000000-0000-0000-0000-000000000000/resourceGroups/cli_test_cosmosdb_account000001/providers/Microsoft.DocumentDB/databaseAccounts/cli000002?api-version=2015-04-08
  response:
    body:
      string: '{"id":"/subscriptions/00000000-0000-0000-0000-000000000000/resourceGroups/cli_test_cosmosdb_account000001/providers/Microsoft.DocumentDB/databaseAccounts/cli000002","name":"cli000002","location":"West
        US","type":"Microsoft.DocumentDB/databaseAccounts","kind":"GlobalDocumentDB","tags":{},"properties":{"provisioningState":"Succeeded","documentEndpoint":"https://cli000002.documents.azure.com:443/","ipRangeFilter":"","enableAutomaticFailover":false,"enableMultipleWriteLocations":false,"enablePartitionKeyMonitor":false,"isVirtualNetworkFilterEnabled":false,"virtualNetworkRules":[],"EnabledApiTypes":"Sql","disableKeyBasedMetadataWriteAccess":false,"databaseAccountOfferType":"Standard","consistencyPolicy":{"defaultConsistencyLevel":"Session","maxIntervalInSeconds":5,"maxStalenessPrefix":100},"configurationOverrides":{},"writeLocations":[{"id":"cli000002-westus","locationName":"West
        US","documentEndpoint":"https://cli000002-westus.documents.azure.com:443/","provisioningState":"Succeeded","failoverPriority":0,"isZoneRedundant":false}],"readLocations":[{"id":"cli000002-westus","locationName":"West
        US","documentEndpoint":"https://cli000002-westus.documents.azure.com:443/","provisioningState":"Succeeded","failoverPriority":0,"isZoneRedundant":false}],"locations":[{"id":"cli000002-westus","locationName":"West
        US","documentEndpoint":"https://cli000002-westus.documents.azure.com:443/","provisioningState":"Succeeded","failoverPriority":0,"isZoneRedundant":false}],"failoverPolicies":[{"id":"cli000002-westus","locationName":"West
        US","failoverPriority":0}],"cors":[],"capabilities":[]}}'
    headers:
      cache-control:
      - no-store, no-cache
      content-length:
      - '1948'
      content-location:
      - https://management.documents.azure.com:450/subscriptions/0b1f6471-1bf0-4dda-aec3-cb9272f09590/resourceGroups/cli_test_cosmosdb_accountitlnalhfyoxgs5glmfu46lvqlwk4qf7z6fotik2kamhdvmeu7o/providers/Microsoft.DocumentDB/databaseAccounts/cli6rcregfpvg74njjpe4jwijqyfrtzj2l2tc4vq?api-version=2015-04-08
      content-type:
      - application/json
      date:
      - Wed, 16 Oct 2019 18:33:39 GMT
      pragma:
      - no-cache
      server:
      - Microsoft-HTTPAPI/2.0
      strict-transport-security:
      - max-age=31536000; includeSubDomains
      transfer-encoding:
      - chunked
      vary:
      - Accept-Encoding
      x-content-type-options:
      - nosniff
      x-ms-gatewayversion:
      - version=2.7.0
    status:
      code: 200
      message: Ok
- request:
    body: null
    headers:
      Accept:
      - application/json
      Accept-Encoding:
      - gzip, deflate
      CommandName:
      - cosmosdb create
      Connection:
      - keep-alive
      ParameterSetName:
      - -n -g
      User-Agent:
      - python/3.7.4 (Windows-10-10.0.18362-SP0) msrest/0.6.10 msrest_azure/0.6.2
        azure-mgmt-cosmosdb/0.8.0 Azure-SDK-For-Python AZURECLI/2.0.75
      accept-language:
      - en-US
    method: GET
    uri: https://management.azure.com/subscriptions/00000000-0000-0000-0000-000000000000/resourceGroups/cli_test_cosmosdb_account000001/providers/Microsoft.DocumentDB/databaseAccounts/cli000002?api-version=2015-04-08
  response:
    body:
      string: '{"id":"/subscriptions/00000000-0000-0000-0000-000000000000/resourceGroups/cli_test_cosmosdb_account000001/providers/Microsoft.DocumentDB/databaseAccounts/cli000002","name":"cli000002","location":"West
        US","type":"Microsoft.DocumentDB/databaseAccounts","kind":"GlobalDocumentDB","tags":{},"properties":{"provisioningState":"Succeeded","documentEndpoint":"https://cli000002.documents.azure.com:443/","ipRangeFilter":"","enableAutomaticFailover":false,"enableMultipleWriteLocations":false,"enablePartitionKeyMonitor":false,"isVirtualNetworkFilterEnabled":false,"virtualNetworkRules":[],"EnabledApiTypes":"Sql","disableKeyBasedMetadataWriteAccess":false,"databaseAccountOfferType":"Standard","consistencyPolicy":{"defaultConsistencyLevel":"Session","maxIntervalInSeconds":5,"maxStalenessPrefix":100},"configurationOverrides":{},"writeLocations":[{"id":"cli000002-westus","locationName":"West
        US","documentEndpoint":"https://cli000002-westus.documents.azure.com:443/","provisioningState":"Succeeded","failoverPriority":0,"isZoneRedundant":false}],"readLocations":[{"id":"cli000002-westus","locationName":"West
        US","documentEndpoint":"https://cli000002-westus.documents.azure.com:443/","provisioningState":"Succeeded","failoverPriority":0,"isZoneRedundant":false}],"locations":[{"id":"cli000002-westus","locationName":"West
        US","documentEndpoint":"https://cli000002-westus.documents.azure.com:443/","provisioningState":"Succeeded","failoverPriority":0,"isZoneRedundant":false}],"failoverPolicies":[{"id":"cli000002-westus","locationName":"West
        US","failoverPriority":0}],"cors":[],"capabilities":[]}}'
    headers:
      cache-control:
      - no-store, no-cache
      content-length:
      - '1948'
      content-location:
      - https://management.documents.azure.com:450/subscriptions/0b1f6471-1bf0-4dda-aec3-cb9272f09590/resourceGroups/cli_test_cosmosdb_accountitlnalhfyoxgs5glmfu46lvqlwk4qf7z6fotik2kamhdvmeu7o/providers/Microsoft.DocumentDB/databaseAccounts/cli6rcregfpvg74njjpe4jwijqyfrtzj2l2tc4vq?api-version=2015-04-08
      content-type:
      - application/json
      date:
      - Wed, 16 Oct 2019 18:33:40 GMT
      pragma:
      - no-cache
      server:
      - Microsoft-HTTPAPI/2.0
      strict-transport-security:
      - max-age=31536000; includeSubDomains
      transfer-encoding:
      - chunked
      vary:
      - Accept-Encoding
      x-content-type-options:
      - nosniff
      x-ms-gatewayversion:
      - version=2.7.0
    status:
      code: 200
      message: Ok
- request:
    body: null
    headers:
      Accept:
      - application/json
      Accept-Encoding:
      - gzip, deflate
      CommandName:
      - cosmosdb list-keys
      Connection:
      - keep-alive
      Content-Length:
      - '0'
      ParameterSetName:
      - -n -g
      User-Agent:
      - python/3.7.4 (Windows-10-10.0.18362-SP0) msrest/0.6.10 msrest_azure/0.6.2
        azure-mgmt-cosmosdb/0.8.0 Azure-SDK-For-Python AZURECLI/2.0.75
      accept-language:
      - en-US
    method: POST
    uri: https://management.azure.com/subscriptions/00000000-0000-0000-0000-000000000000/resourceGroups/cli_test_cosmosdb_account000001/providers/Microsoft.DocumentDB/databaseAccounts/cli000002/listKeys?api-version=2015-04-08
  response:
    body:
      string: '{"primaryMasterKey":"YQqJOnqhKJc8HdCkmXRE6NHakGBf0T2TbllKOICDK7DgZC2wjteaepf7A7rCIAUB8jCEKisBNg2FeybVe0qBsA==","secondaryMasterKey":"WAlgz0NkxNMIlH8xQEfaFmttJmKiFrlQ2slvQfLwlF7KFLxNrDOIdneuFTffCd1Rer1A1tkUo5QfOTb6sCdMqg==","primaryReadonlyMasterKey":"1rfidIbyN1v9lHR3yPXENOTThN4ThhZPlXNxYL21ArHOp8OLvJwIdNYlBcbvNdvDdzYcsuBc5xYdMJKCOOnq3w==","secondaryReadonlyMasterKey":"Ks5uxbmgPbCKSYJczdaiyVQvqGCYEYIfpphw1vqeOtMEBFVKwDqWT7TDnpZFkJN2fRckliESt1ZMbI5oCMKvbQ=="}'
    headers:
      cache-control:
      - no-store, no-cache
      content-length:
      - '461'
      content-type:
      - application/json
      date:
      - Wed, 16 Oct 2019 18:33:42 GMT
      pragma:
      - no-cache
      server:
      - Microsoft-HTTPAPI/2.0
      strict-transport-security:
      - max-age=31536000; includeSubDomains
      transfer-encoding:
      - chunked
      vary:
      - Accept-Encoding
      x-content-type-options:
      - nosniff
      x-ms-gatewayversion:
      - version=2.7.0
      x-ms-ratelimit-remaining-subscription-writes:
      - '1197'
    status:
      code: 200
      message: Ok
- request:
    body: null
    headers:
      Accept:
      - application/json
      Accept-Encoding:
      - gzip, deflate
      CommandName:
      - cosmosdb show
      Connection:
      - keep-alive
      ParameterSetName:
      - -n -g
      User-Agent:
      - python/3.7.4 (Windows-10-10.0.18362-SP0) msrest/0.6.10 msrest_azure/0.6.2
        azure-mgmt-cosmosdb/0.8.0 Azure-SDK-For-Python AZURECLI/2.0.75
      accept-language:
      - en-US
    method: GET
    uri: https://management.azure.com/subscriptions/00000000-0000-0000-0000-000000000000/resourceGroups/cli_test_cosmosdb_account000001/providers/Microsoft.DocumentDB/databaseAccounts/cli000002?api-version=2015-04-08
  response:
    body:
      string: '{"id":"/subscriptions/00000000-0000-0000-0000-000000000000/resourceGroups/cli_test_cosmosdb_account000001/providers/Microsoft.DocumentDB/databaseAccounts/cli000002","name":"cli000002","location":"West
        US","type":"Microsoft.DocumentDB/databaseAccounts","kind":"GlobalDocumentDB","tags":{},"properties":{"provisioningState":"Succeeded","documentEndpoint":"https://cli000002.documents.azure.com:443/","ipRangeFilter":"","enableAutomaticFailover":false,"enableMultipleWriteLocations":false,"enablePartitionKeyMonitor":false,"isVirtualNetworkFilterEnabled":false,"virtualNetworkRules":[],"EnabledApiTypes":"Sql","disableKeyBasedMetadataWriteAccess":false,"databaseAccountOfferType":"Standard","consistencyPolicy":{"defaultConsistencyLevel":"Session","maxIntervalInSeconds":5,"maxStalenessPrefix":100},"configurationOverrides":{},"writeLocations":[{"id":"cli000002-westus","locationName":"West
        US","documentEndpoint":"https://cli000002-westus.documents.azure.com:443/","provisioningState":"Succeeded","failoverPriority":0,"isZoneRedundant":false}],"readLocations":[{"id":"cli000002-westus","locationName":"West
        US","documentEndpoint":"https://cli000002-westus.documents.azure.com:443/","provisioningState":"Succeeded","failoverPriority":0,"isZoneRedundant":false}],"locations":[{"id":"cli000002-westus","locationName":"West
        US","documentEndpoint":"https://cli000002-westus.documents.azure.com:443/","provisioningState":"Succeeded","failoverPriority":0,"isZoneRedundant":false}],"failoverPolicies":[{"id":"cli000002-westus","locationName":"West
        US","failoverPriority":0}],"cors":[],"capabilities":[]}}'
    headers:
      cache-control:
      - no-store, no-cache
      content-length:
      - '1948'
      content-location:
      - https://management.documents.azure.com:450/subscriptions/0b1f6471-1bf0-4dda-aec3-cb9272f09590/resourceGroups/cli_test_cosmosdb_accountitlnalhfyoxgs5glmfu46lvqlwk4qf7z6fotik2kamhdvmeu7o/providers/Microsoft.DocumentDB/databaseAccounts/cli6rcregfpvg74njjpe4jwijqyfrtzj2l2tc4vq?api-version=2015-04-08
      content-type:
      - application/json
      date:
      - Wed, 16 Oct 2019 18:33:44 GMT
      pragma:
      - no-cache
      server:
      - Microsoft-HTTPAPI/2.0
      strict-transport-security:
      - max-age=31536000; includeSubDomains
      transfer-encoding:
      - chunked
      vary:
      - Accept-Encoding
      x-content-type-options:
      - nosniff
      x-ms-gatewayversion:
      - version=2.7.0
    status:
      code: 200
      message: Ok
- request:
    body: null
    headers:
      Accept:
      - application/json
      Accept-Encoding:
      - gzip, deflate
      CommandName:
      - cosmosdb database list
      Connection:
      - keep-alive
      Content-Length:
      - '0'
      ParameterSetName:
      - -n -g
      User-Agent:
      - python/3.7.4 (Windows-10-10.0.18362-SP0) msrest/0.6.10 msrest_azure/0.6.2
        azure-mgmt-cosmosdb/0.8.0 Azure-SDK-For-Python AZURECLI/2.0.75
      accept-language:
      - en-US
    method: POST
    uri: https://management.azure.com/subscriptions/00000000-0000-0000-0000-000000000000/resourceGroups/cli_test_cosmosdb_account000001/providers/Microsoft.DocumentDB/databaseAccounts/cli000002/listKeys?api-version=2015-04-08
  response:
    body:
      string: '{"primaryMasterKey":"YQqJOnqhKJc8HdCkmXRE6NHakGBf0T2TbllKOICDK7DgZC2wjteaepf7A7rCIAUB8jCEKisBNg2FeybVe0qBsA==","secondaryMasterKey":"WAlgz0NkxNMIlH8xQEfaFmttJmKiFrlQ2slvQfLwlF7KFLxNrDOIdneuFTffCd1Rer1A1tkUo5QfOTb6sCdMqg==","primaryReadonlyMasterKey":"1rfidIbyN1v9lHR3yPXENOTThN4ThhZPlXNxYL21ArHOp8OLvJwIdNYlBcbvNdvDdzYcsuBc5xYdMJKCOOnq3w==","secondaryReadonlyMasterKey":"Ks5uxbmgPbCKSYJczdaiyVQvqGCYEYIfpphw1vqeOtMEBFVKwDqWT7TDnpZFkJN2fRckliESt1ZMbI5oCMKvbQ=="}'
    headers:
      cache-control:
      - no-store, no-cache
      content-length:
      - '461'
      content-type:
      - application/json
      date:
      - Wed, 16 Oct 2019 18:33:44 GMT
      pragma:
      - no-cache
      server:
      - Microsoft-HTTPAPI/2.0
      strict-transport-security:
      - max-age=31536000; includeSubDomains
      transfer-encoding:
      - chunked
      vary:
      - Accept-Encoding
      x-content-type-options:
      - nosniff
      x-ms-gatewayversion:
      - version=2.7.0
      x-ms-ratelimit-remaining-subscription-writes:
      - '1192'
    status:
      code: 200
      message: Ok
- request:
    body: null
    headers:
      Accept:
      - application/json
      Accept-Encoding:
      - gzip, deflate
      CommandName:
      - cosmosdb database list
      Connection:
      - keep-alive
      ParameterSetName:
      - -n -g
      User-Agent:
      - python/3.7.4 (Windows-10-10.0.18362-SP0) msrest/0.6.10 msrest_azure/0.6.2
        azure-mgmt-cosmosdb/0.8.0 Azure-SDK-For-Python AZURECLI/2.0.75
      accept-language:
      - en-US
    method: GET
    uri: https://management.azure.com/subscriptions/00000000-0000-0000-0000-000000000000/resourceGroups/cli_test_cosmosdb_account000001/providers/Microsoft.DocumentDB/databaseAccounts/cli000002?api-version=2015-04-08
  response:
    body:
      string: '{"id":"/subscriptions/00000000-0000-0000-0000-000000000000/resourceGroups/cli_test_cosmosdb_account000001/providers/Microsoft.DocumentDB/databaseAccounts/cli000002","name":"cli000002","location":"West
        US","type":"Microsoft.DocumentDB/databaseAccounts","kind":"GlobalDocumentDB","tags":{},"properties":{"provisioningState":"Succeeded","documentEndpoint":"https://cli000002.documents.azure.com:443/","ipRangeFilter":"","enableAutomaticFailover":false,"enableMultipleWriteLocations":false,"enablePartitionKeyMonitor":false,"isVirtualNetworkFilterEnabled":false,"virtualNetworkRules":[],"EnabledApiTypes":"Sql","disableKeyBasedMetadataWriteAccess":false,"databaseAccountOfferType":"Standard","consistencyPolicy":{"defaultConsistencyLevel":"Session","maxIntervalInSeconds":5,"maxStalenessPrefix":100},"configurationOverrides":{},"writeLocations":[{"id":"cli000002-westus","locationName":"West
        US","documentEndpoint":"https://cli000002-westus.documents.azure.com:443/","provisioningState":"Succeeded","failoverPriority":0,"isZoneRedundant":false}],"readLocations":[{"id":"cli000002-westus","locationName":"West
        US","documentEndpoint":"https://cli000002-westus.documents.azure.com:443/","provisioningState":"Succeeded","failoverPriority":0,"isZoneRedundant":false}],"locations":[{"id":"cli000002-westus","locationName":"West
        US","documentEndpoint":"https://cli000002-westus.documents.azure.com:443/","provisioningState":"Succeeded","failoverPriority":0,"isZoneRedundant":false}],"failoverPolicies":[{"id":"cli000002-westus","locationName":"West
        US","failoverPriority":0}],"cors":[],"capabilities":[]}}'
    headers:
      cache-control:
      - no-store, no-cache
      content-length:
      - '1948'
      content-location:
      - https://management.documents.azure.com:450/subscriptions/0b1f6471-1bf0-4dda-aec3-cb9272f09590/resourceGroups/cli_test_cosmosdb_accountitlnalhfyoxgs5glmfu46lvqlwk4qf7z6fotik2kamhdvmeu7o/providers/Microsoft.DocumentDB/databaseAccounts/cli6rcregfpvg74njjpe4jwijqyfrtzj2l2tc4vq?api-version=2015-04-08
      content-type:
      - application/json
      date:
      - Wed, 16 Oct 2019 18:33:45 GMT
      pragma:
      - no-cache
      server:
      - Microsoft-HTTPAPI/2.0
      strict-transport-security:
      - max-age=31536000; includeSubDomains
      transfer-encoding:
      - chunked
      vary:
      - Accept-Encoding
      x-content-type-options:
      - nosniff
      x-ms-gatewayversion:
      - version=2.7.0
    status:
      code: 200
      message: Ok
- request:
    body: null
    headers:
      Accept:
      - application/json
      Accept-Encoding:
      - gzip, deflate
      Cache-Control:
      - no-cache
      Connection:
      - keep-alive
      Content-Length:
      - '0'
      User-Agent:
      - Windows/10 Python/3.7.4 azure-cosmos/3.1.1
      x-ms-consistency-level:
      - Session
      x-ms-date:
      - Wed, 16 Oct 2019 18:33:45 GMT
      x-ms-documentdb-query-iscontinuationexpected:
      - 'False'
      x-ms-session-token:
      - ''
      x-ms-version:
      - '2018-09-17'
    method: GET
    uri: https://cli000002.documents.azure.com/
  response:
    body:
      string: '{"_self":"","id":"cli000002","_rid":"cli000002.documents.azure.com","media":"//media/","addresses":"//addresses/","_dbs":"//dbs/","writableLocations":[{"name":"West
        US","databaseAccountEndpoint":"https://cli000002-westus.documents.azure.com:443/"}],"readableLocations":[{"name":"West
        US","databaseAccountEndpoint":"https://cli000002-westus.documents.azure.com:443/"}],"enableMultipleWriteLocations":false,"userReplicationPolicy":{"asyncReplication":false,"minReplicaSetSize":3,"maxReplicasetSize":4},"userConsistencyPolicy":{"defaultConsistencyLevel":"Session"},"systemReplicationPolicy":{"minReplicaSetSize":3,"maxReplicasetSize":4},"readPolicy":{"primaryReadCoefficient":1,"secondaryReadCoefficient":1},"queryEngineConfiguration":"{\"maxSqlQueryInputLength\":262144,\"maxJoinsPerSqlQuery\":5,\"maxLogicalAndPerSqlQuery\":500,\"maxLogicalOrPerSqlQuery\":500,\"maxUdfRefPerSqlQuery\":10,\"maxInExpressionItemsCount\":16000,\"queryMaxInMemorySortDocumentCount\":500,\"maxQueryRequestTimeoutFraction\":0.9,\"sqlAllowNonFiniteNumbers\":false,\"sqlAllowAggregateFunctions\":true,\"sqlAllowSubQuery\":true,\"sqlAllowScalarSubQuery\":true,\"allowNewKeywords\":true,\"sqlAllowLike\":false,\"sqlAllowGroupByClause\":true,\"maxSpatialQueryCells\":12,\"spatialMaxGeometryPointCount\":256,\"sqlAllowTop\":true,\"enableSpatialIndexing\":true}"}'
    headers:
      cache-control:
      - no-store, no-cache
      content-location:
      - https://cli6rcregfpvg74njjpe4jwijqyfrtzj2l2tc4vq.documents.azure.com/
      content-type:
      - application/json
      date:
      - Wed, 16 Oct 2019 18:33:46 GMT
      pragma:
      - no-cache
      server:
      - Microsoft-HTTPAPI/2.0
      strict-transport-security:
      - max-age=31536000
      transfer-encoding:
      - chunked
      x-ms-databaseaccount-consumed-mb:
      - '0'
      x-ms-databaseaccount-provisioned-mb:
      - '0'
      x-ms-databaseaccount-reserved-mb:
      - '0'
      x-ms-gatewayversion:
      - version=2.7.0
      x-ms-max-media-storage-usage-mb:
      - '2048'
      x-ms-media-storage-usage-mb:
      - '0'
    status:
      code: 200
      message: Ok
- request:
    body: null
    headers:
      Accept:
      - application/json
      Accept-Encoding:
      - gzip, deflate
      Cache-Control:
      - no-cache
      Connection:
      - keep-alive
      Content-Length:
      - '0'
      User-Agent:
      - Windows/10 Python/3.7.4 azure-cosmos/3.1.1 AZURECLI/2.0.75
      x-ms-consistency-level:
      - Session
      x-ms-date:
      - Wed, 16 Oct 2019 18:33:47 GMT
      x-ms-documentdb-query-iscontinuationexpected:
      - 'False'
      x-ms-version:
      - '2018-09-17'
    method: GET
    uri: https://cli000002-westus.documents.azure.com/dbs
  response:
    body:
      string: '{"_rid":"","Databases":[],"_count":0}'
    headers:
      cache-control:
      - no-store, no-cache
      content-location:
      - https://cli6rcregfpvg74njjpe4jwijqyfrtzj2l2tc4vq-westus.documents.azure.com/dbs
      content-type:
      - application/json
      date:
      - Wed, 16 Oct 2019 18:33:47 GMT
      lsn:
      - '3'
      pragma:
      - no-cache
      server:
      - Microsoft-HTTPAPI/2.0
      strict-transport-security:
      - max-age=31536000
      transfer-encoding:
      - chunked
      x-ms-activity-id:
      - c59d0b3b-6f64-4a72-98f0-f37c8b0bed94
      x-ms-cosmos-llsn:
      - '3'
      x-ms-gatewayversion:
      - version=2.7.0
      x-ms-global-committed-lsn:
      - '3'
      x-ms-item-count:
      - '0'
      x-ms-last-state-change-utc:
      - Tue, 15 Oct 2019 22:59:51.023 GMT
      x-ms-number-of-read-regions:
      - '0'
      x-ms-request-charge:
      - '2'
      x-ms-resource-quota:
      - databases=1000;collections=5000;users=500000;permissions=2000000;
      x-ms-resource-usage:
      - databases=0;collections=0;users=0;permissions=0;
      x-ms-schemaversion:
      - '1.8'
      x-ms-serviceversion:
      - version=2.7.0.0
      x-ms-session-token:
      - 0:-1#3
      x-ms-transport-request-id:
      - '3433646'
      x-ms-xp-role:
      - '1'
    status:
      code: 200
      message: Ok
- request:
    body: null
    headers:
      Accept:
      - application/json
      Accept-Encoding:
      - gzip, deflate
      Cache-Control:
      - no-cache
      Connection:
      - keep-alive
      Content-Length:
      - '0'
      User-Agent:
      - Windows/10 Python/3.7.4 azure-cosmos/3.1.1
      x-ms-consistency-level:
      - Session
      x-ms-date:
      - Wed, 16 Oct 2019 18:33:48 GMT
      x-ms-documentdb-query-iscontinuationexpected:
      - 'False'
      x-ms-session-token:
      - ''
      x-ms-version:
      - '2018-09-17'
    method: GET
    uri: https://cli000002.documents.azure.com/
  response:
    body:
      string: '{"_self":"","id":"cli000002","_rid":"cli000002.documents.azure.com","media":"//media/","addresses":"//addresses/","_dbs":"//dbs/","writableLocations":[{"name":"West
        US","databaseAccountEndpoint":"https://cli000002-westus.documents.azure.com:443/"}],"readableLocations":[{"name":"West
        US","databaseAccountEndpoint":"https://cli000002-westus.documents.azure.com:443/"}],"enableMultipleWriteLocations":false,"userReplicationPolicy":{"asyncReplication":false,"minReplicaSetSize":3,"maxReplicasetSize":4},"userConsistencyPolicy":{"defaultConsistencyLevel":"Session"},"systemReplicationPolicy":{"minReplicaSetSize":3,"maxReplicasetSize":4},"readPolicy":{"primaryReadCoefficient":1,"secondaryReadCoefficient":1},"queryEngineConfiguration":"{\"maxSqlQueryInputLength\":262144,\"maxJoinsPerSqlQuery\":5,\"maxLogicalAndPerSqlQuery\":500,\"maxLogicalOrPerSqlQuery\":500,\"maxUdfRefPerSqlQuery\":10,\"maxInExpressionItemsCount\":16000,\"queryMaxInMemorySortDocumentCount\":500,\"maxQueryRequestTimeoutFraction\":0.9,\"sqlAllowNonFiniteNumbers\":false,\"sqlAllowAggregateFunctions\":true,\"sqlAllowSubQuery\":true,\"sqlAllowScalarSubQuery\":true,\"allowNewKeywords\":true,\"sqlAllowLike\":false,\"sqlAllowGroupByClause\":true,\"maxSpatialQueryCells\":12,\"spatialMaxGeometryPointCount\":256,\"sqlAllowTop\":true,\"enableSpatialIndexing\":true}"}'
    headers:
      cache-control:
      - no-store, no-cache
      content-location:
      - https://cli6rcregfpvg74njjpe4jwijqyfrtzj2l2tc4vq.documents.azure.com/
      content-type:
      - application/json
      date:
      - Wed, 16 Oct 2019 18:33:48 GMT
      pragma:
      - no-cache
      server:
      - Microsoft-HTTPAPI/2.0
      strict-transport-security:
      - max-age=31536000
      transfer-encoding:
      - chunked
      x-ms-databaseaccount-consumed-mb:
      - '0'
      x-ms-databaseaccount-provisioned-mb:
      - '0'
      x-ms-databaseaccount-reserved-mb:
      - '0'
      x-ms-gatewayversion:
      - version=2.7.0
      x-ms-max-media-storage-usage-mb:
      - '2048'
      x-ms-media-storage-usage-mb:
      - '0'
    status:
      code: 200
      message: Ok
- request:
    body: null
    headers:
      Accept:
      - application/json
      Accept-Encoding:
      - gzip, deflate
      Cache-Control:
      - no-cache
      Connection:
      - keep-alive
      Content-Length:
      - '0'
      User-Agent:
      - Windows/10 Python/3.7.4 azure-cosmos/3.1.1 AZURECLI/2.0.75
      x-ms-consistency-level:
      - Session
      x-ms-date:
      - Wed, 16 Oct 2019 18:33:49 GMT
      x-ms-documentdb-query-iscontinuationexpected:
      - 'False'
      x-ms-version:
      - '2018-09-17'
    method: GET
    uri: https://cli000002-westus.documents.azure.com/dbs
  response:
    body:
      string: '{"_rid":"","Databases":[],"_count":0}'
    headers:
      cache-control:
      - no-store, no-cache
      content-location:
      - https://cli6rcregfpvg74njjpe4jwijqyfrtzj2l2tc4vq-westus.documents.azure.com/dbs
      content-type:
      - application/json
      date:
      - Wed, 16 Oct 2019 18:33:49 GMT
      lsn:
      - '3'
      pragma:
      - no-cache
      server:
      - Microsoft-HTTPAPI/2.0
      strict-transport-security:
      - max-age=31536000
      transfer-encoding:
      - chunked
      x-ms-activity-id:
      - 079f38c5-3f48-494b-a207-66c98f201ec0
      x-ms-cosmos-llsn:
      - '3'
      x-ms-gatewayversion:
      - version=2.7.0
      x-ms-global-committed-lsn:
      - '3'
      x-ms-item-count:
      - '0'
      x-ms-last-state-change-utc:
      - Tue, 15 Oct 2019 22:59:49.338 GMT
      x-ms-number-of-read-regions:
      - '0'
      x-ms-request-charge:
      - '2'
      x-ms-resource-quota:
      - databases=1000;collections=5000;users=500000;permissions=2000000;
      x-ms-resource-usage:
      - databases=0;collections=0;users=0;permissions=0;
      x-ms-schemaversion:
      - '1.8'
      x-ms-serviceversion:
      - version=2.7.0.0
      x-ms-session-token:
      - 0:-1#3
      x-ms-transport-request-id:
      - '75802'
      x-ms-xp-role:
      - '1'
    status:
      code: 200
      message: Ok
- request:
    body: null
    headers:
      Accept:
      - application/json
      Accept-Encoding:
      - gzip, deflate
      Cache-Control:
      - no-cache
      Connection:
      - keep-alive
      Content-Length:
      - '0'
      User-Agent:
      - Windows/10 Python/3.7.4 azure-cosmos/3.1.1
      x-ms-consistency-level:
      - Session
      x-ms-date:
      - Wed, 16 Oct 2019 18:33:51 GMT
      x-ms-documentdb-query-iscontinuationexpected:
      - 'False'
      x-ms-session-token:
      - ''
      x-ms-version:
      - '2018-09-17'
    method: GET
    uri: https://cli000002.documents.azure.com/
  response:
    body:
      string: '{"_self":"","id":"cli000002","_rid":"cli000002.documents.azure.com","media":"//media/","addresses":"//addresses/","_dbs":"//dbs/","writableLocations":[{"name":"West
        US","databaseAccountEndpoint":"https://cli000002-westus.documents.azure.com:443/"}],"readableLocations":[{"name":"West
        US","databaseAccountEndpoint":"https://cli000002-westus.documents.azure.com:443/"}],"enableMultipleWriteLocations":false,"userReplicationPolicy":{"asyncReplication":false,"minReplicaSetSize":3,"maxReplicasetSize":4},"userConsistencyPolicy":{"defaultConsistencyLevel":"Session"},"systemReplicationPolicy":{"minReplicaSetSize":3,"maxReplicasetSize":4},"readPolicy":{"primaryReadCoefficient":1,"secondaryReadCoefficient":1},"queryEngineConfiguration":"{\"maxSqlQueryInputLength\":262144,\"maxJoinsPerSqlQuery\":5,\"maxLogicalAndPerSqlQuery\":500,\"maxLogicalOrPerSqlQuery\":500,\"maxUdfRefPerSqlQuery\":10,\"maxInExpressionItemsCount\":16000,\"queryMaxInMemorySortDocumentCount\":500,\"maxQueryRequestTimeoutFraction\":0.9,\"sqlAllowNonFiniteNumbers\":false,\"sqlAllowAggregateFunctions\":true,\"sqlAllowSubQuery\":true,\"sqlAllowScalarSubQuery\":true,\"allowNewKeywords\":true,\"sqlAllowLike\":false,\"sqlAllowGroupByClause\":true,\"maxSpatialQueryCells\":12,\"spatialMaxGeometryPointCount\":256,\"sqlAllowTop\":true,\"enableSpatialIndexing\":true}"}'
    headers:
      cache-control:
      - no-store, no-cache
      content-location:
      - https://cli6rcregfpvg74njjpe4jwijqyfrtzj2l2tc4vq.documents.azure.com/
      content-type:
      - application/json
      date:
      - Wed, 16 Oct 2019 18:33:52 GMT
      pragma:
      - no-cache
      server:
      - Microsoft-HTTPAPI/2.0
      strict-transport-security:
      - max-age=31536000
      transfer-encoding:
      - chunked
      x-ms-databaseaccount-consumed-mb:
      - '0'
      x-ms-databaseaccount-provisioned-mb:
      - '0'
      x-ms-databaseaccount-reserved-mb:
      - '0'
      x-ms-gatewayversion:
      - version=2.7.0
      x-ms-max-media-storage-usage-mb:
      - '2048'
      x-ms-media-storage-usage-mb:
      - '0'
    status:
      code: 200
      message: Ok
- request:
    body: null
    headers:
      Accept:
      - application/json
      Accept-Encoding:
      - gzip, deflate
      Cache-Control:
      - no-cache
      Connection:
      - keep-alive
      Content-Length:
      - '0'
      User-Agent:
      - Windows/10 Python/3.7.4 azure-cosmos/3.1.1 AZURECLI/2.0.75
      x-ms-consistency-level:
      - Session
      x-ms-date:
      - Wed, 16 Oct 2019 18:33:52 GMT
      x-ms-documentdb-query-iscontinuationexpected:
      - 'False'
      x-ms-version:
      - '2018-09-17'
    method: GET
    uri: https://cli000002-westus.documents.azure.com/dbs
  response:
    body:
      string: '{"_rid":"","Databases":[],"_count":0}'
    headers:
      cache-control:
      - no-store, no-cache
      content-location:
      - https://cli6rcregfpvg74njjpe4jwijqyfrtzj2l2tc4vq-westus.documents.azure.com/dbs
      content-type:
      - application/json
      date:
      - Wed, 16 Oct 2019 18:33:53 GMT
      lsn:
      - '3'
      pragma:
      - no-cache
      server:
      - Microsoft-HTTPAPI/2.0
      strict-transport-security:
      - max-age=31536000
      transfer-encoding:
      - chunked
      x-ms-activity-id:
      - da462b8f-0b5e-4bf6-89eb-3482eed48975
      x-ms-cosmos-llsn:
      - '3'
      x-ms-gatewayversion:
      - version=2.7.0
      x-ms-global-committed-lsn:
      - '3'
      x-ms-item-count:
      - '0'
      x-ms-last-state-change-utc:
      - Tue, 15 Oct 2019 22:59:49.356 GMT
      x-ms-number-of-read-regions:
      - '0'
      x-ms-request-charge:
      - '2'
      x-ms-resource-quota:
      - databases=1000;collections=5000;users=500000;permissions=2000000;
      x-ms-resource-usage:
      - databases=0;collections=0;users=0;permissions=0;
      x-ms-schemaversion:
      - '1.8'
      x-ms-serviceversion:
      - version=2.7.0.0
      x-ms-session-token:
      - 0:-1#3
      x-ms-transport-request-id:
      - '1768601'
      x-ms-xp-role:
      - '2'
    status:
      code: 200
      message: Ok
version: 1
