interactions:
- request:
    body: '{"properties": {"template": {"$schema": "https://schema.management.azure.com/schemas/2015-01-01/deploymentParameters.json#",
      "contentVersion": "1.0.0.0", "resources": []}, "parameters": {}, "mode": "Incremental"}}'
    headers:
      Accept:
      - application/json
      Accept-Encoding:
      - gzip, deflate
      CommandName:
      - group deployment create
      Connection:
      - keep-alive
      Content-Length:
      - '213'
      Content-Type:
      - application/json; charset=utf-8
      ParameterSetName:
      - -g -n --template-file
      User-Agent:
      - python/3.7.4 (Windows-10-10.0.18362-SP0) msrest/0.6.10 msrest_azure/0.6.2
        azure-mgmt-resource/4.0.0 Azure-SDK-For-Python AZURECLI/2.0.75
      accept-language:
      - en-US
    method: PUT
    uri: https://management.azure.com/subscriptions/00000000-0000-0000-0000-000000000000/resourcegroups/cli_test_deployment_lite000001/providers/Microsoft.Resources/deployments/mock-deployment?api-version=2019-07-01
  response:
    body:
      string: '{"id":"/subscriptions/00000000-0000-0000-0000-000000000000/resourceGroups/cli_test_deployment_lite000001/providers/Microsoft.Resources/deployments/azure-cli-deployment000002","name":"azure-cli-deployment000002","type":"Microsoft.Resources/deployments","properties":{"templateHash":"3965660584125802942","mode":"Incremental","provisioningState":"Accepted","timestamp":"2019-10-17T06:16:44.8229715Z","duration":"PT2.1774623S","correlationId":"be30ff40-ff6c-4cb8-8d4e-fa753973e159","providers":[],"dependencies":[]}}'
    headers:
      azure-asyncoperation:
      - https://management.azure.com/subscriptions/00000000-0000-0000-0000-000000000000/resourcegroups/cli_test_deployment_lite000001/providers/Microsoft.Resources/deployments/azure-cli-deployment000002/operationStatuses/08586303138828320799?api-version=2019-07-01
      cache-control:
      - no-cache
      content-length:
      - '566'
      content-type:
      - application/json; charset=utf-8
      date:
      - Thu, 17 Oct 2019 06:16:45 GMT
      expires:
      - '-1'
      pragma:
      - no-cache
      strict-transport-security:
      - max-age=31536000; includeSubDomains
      x-content-type-options:
      - nosniff
      x-ms-ratelimit-remaining-subscription-writes:
      - '1195'
    status:
      code: 201
      message: Created
- request:
    body: null
    headers:
      Accept:
      - application/json
      Accept-Encoding:
      - gzip, deflate
      CommandName:
      - group deployment create
      Connection:
      - keep-alive
      ParameterSetName:
      - -g -n --template-file
      User-Agent:
      - python/3.7.4 (Windows-10-10.0.18362-SP0) msrest/0.6.10 msrest_azure/0.6.2
        azure-mgmt-resource/4.0.0 Azure-SDK-For-Python AZURECLI/2.0.75
    method: GET
    uri: https://management.azure.com/subscriptions/00000000-0000-0000-0000-000000000000/resourcegroups/cli_test_deployment_lite000001/providers/Microsoft.Resources/deployments/mock-deployment/operationStatuses/08586303138828320799?api-version=2019-07-01
  response:
    body:
      string: '{"status":"Succeeded"}'
    headers:
      cache-control:
      - no-cache
      content-length:
      - '22'
      content-type:
      - application/json; charset=utf-8
      date:
      - Thu, 17 Oct 2019 06:17:16 GMT
      expires:
      - '-1'
      pragma:
      - no-cache
      strict-transport-security:
      - max-age=31536000; includeSubDomains
      vary:
      - Accept-Encoding
      x-content-type-options:
      - nosniff
    status:
      code: 200
      message: OK
- request:
    body: null
    headers:
      Accept:
      - application/json
      Accept-Encoding:
      - gzip, deflate
      CommandName:
      - group deployment create
      Connection:
      - keep-alive
      ParameterSetName:
      - -g -n --template-file
      User-Agent:
      - python/3.7.4 (Windows-10-10.0.18362-SP0) msrest/0.6.10 msrest_azure/0.6.2
        azure-mgmt-resource/4.0.0 Azure-SDK-For-Python AZURECLI/2.0.75
    method: GET
    uri: https://management.azure.com/subscriptions/00000000-0000-0000-0000-000000000000/resourcegroups/cli_test_deployment_lite000001/providers/Microsoft.Resources/deployments/mock-deployment?api-version=2019-07-01
  response:
    body:
      string: '{"id":"/subscriptions/00000000-0000-0000-0000-000000000000/resourceGroups/cli_test_deployment_lite000001/providers/Microsoft.Resources/deployments/azure-cli-deployment000002","name":"azure-cli-deployment000002","type":"Microsoft.Resources/deployments","properties":{"templateHash":"3965660584125802942","mode":"Incremental","provisioningState":"Succeeded","timestamp":"2019-10-17T06:16:49.2670569Z","duration":"PT6.6215477S","correlationId":"be30ff40-ff6c-4cb8-8d4e-fa753973e159","providers":[],"dependencies":[],"outputResources":[]}}'
    headers:
      cache-control:
      - no-cache
      content-length:
      - '588'
      content-type:
      - application/json; charset=utf-8
      date:
      - Thu, 17 Oct 2019 06:17:17 GMT
      expires:
      - '-1'
      pragma:
      - no-cache
      strict-transport-security:
      - max-age=31536000; includeSubDomains
      vary:
      - Accept-Encoding
      x-content-type-options:
      - nosniff
    status:
      code: 200
      message: OK
version: 1
